Archive member included because of file (symbol)

.\CortexM0\ARM_GCC_484\Debug\CRT_timer.a(cyfitter_cfg.o)
                              .\CortexM0\ARM_GCC_484\Debug\Cm0Start.o (cyfitter_cfg)
.\CortexM0\ARM_GCC_484\Debug\CRT_timer.a(Timer_1.o)
                              .\CortexM0\ARM_GCC_484\Debug\main.o (Timer_1_WriteCounter)
.\CortexM0\ARM_GCC_484\Debug\CRT_timer.a(sw_int.o)
                              .\CortexM0\ARM_GCC_484\Debug\main.o (sw_int_StartEx)
.\CortexM0\ARM_GCC_484\Debug\CRT_timer.a(CyBootAsmGnu.o)
                              .\CortexM0\ARM_GCC_484\Debug\CRT_timer.a(cyfitter_cfg.o) (CyDelayCycles)
.\CortexM0\ARM_GCC_484\Debug\CRT_timer.a(CyLib.o)
                              .\CortexM0\ARM_GCC_484\Debug\CRT_timer.a(cyfitter_cfg.o) (CyDelayUs)
.\CortexM0\ARM_GCC_484\Debug\CRT_timer.a(LCD.o)
                              .\CortexM0\ARM_GCC_484\Debug\main.o (LCD_WriteControl)
.\CortexM0\ARM_GCC_484\Debug\CRT_timer.a(LCD_CustChars.o)
                              .\CortexM0\ARM_GCC_484\Debug\CRT_timer.a(LCD.o) (LCD_customFonts)
.\CortexM0\ARM_GCC_484\Debug\CRT_timer.a(ADC.o)
                              .\CortexM0\ARM_GCC_484\Debug\main.o (ADC_Start)
.\CortexM0\ARM_GCC_484\Debug\CRT_timer.a(ADC_INT.o)
                              .\CortexM0\ARM_GCC_484\Debug\CRT_timer.a(ADC.o) (ADC_ISR)
.\CortexM0\ARM_GCC_484\Debug\CRT_timer.a(B_press.o)
                              .\CortexM0\ARM_GCC_484\Debug\main.o (B_press_Write)
.\CortexM0\ARM_GCC_484\Debug\CRT_timer.a(Opamp.o)
                              .\CortexM0\ARM_GCC_484\Debug\main.o (Opamp_Start)
.\CortexM0\ARM_GCC_484\Debug\CRT_timer.a(Test_pin.o)
                              .\CortexM0\ARM_GCC_484\Debug\main.o (Test_pin_Write)
c:/program files (x86)/cypress/psoc creator/3.1/psoc creator/import/gnu_cs/arm/4.8.4/bin/../lib/gcc/arm-none-eabi/4.8.4/armv6-m\libgcc.a(_udivsi3.o)
                              .\CortexM0\ARM_GCC_484\Debug\CRT_timer.a(CyLib.o) (__aeabi_uidiv)
c:/program files (x86)/cypress/psoc creator/3.1/psoc creator/import/gnu_cs/arm/4.8.4/bin/../lib/gcc/arm-none-eabi/4.8.4/armv6-m\libgcc.a(_divsi3.o)
                              .\CortexM0\ARM_GCC_484\Debug\Cm0Start.o (__aeabi_idiv)
c:/program files (x86)/cypress/psoc creator/3.1/psoc creator/import/gnu_cs/arm/4.8.4/bin/../lib/gcc/arm-none-eabi/4.8.4/armv6-m\libgcc.a(_dvmd_tls.o)
                              c:/program files (x86)/cypress/psoc creator/3.1/psoc creator/import/gnu_cs/arm/4.8.4/bin/../lib/gcc/arm-none-eabi/4.8.4/armv6-m\libgcc.a(_udivsi3.o) (__aeabi_idiv0)
c:/program files (x86)/cypress/psoc creator/3.1/psoc creator/import/gnu_cs/arm/4.8.4/bin/../lib/gcc/arm-none-eabi/4.8.4/armv6-m\libgcc.a(_aeabi_ldivmod.o)
                              .\CortexM0\ARM_GCC_484\Debug\CRT_timer.a(ADC.o) (__aeabi_ldivmod)
c:/program files (x86)/cypress/psoc creator/3.1/psoc creator/import/gnu_cs/arm/4.8.4/bin/../lib/gcc/arm-none-eabi/4.8.4/armv6-m\libgcc.a(_aeabi_uldivmod.o)
                              .\CortexM0\ARM_GCC_484\Debug\main.o (__aeabi_uldivmod)
c:/program files (x86)/cypress/psoc creator/3.1/psoc creator/import/gnu_cs/arm/4.8.4/bin/../lib/gcc/arm-none-eabi/4.8.4/armv6-m\libgcc.a(_muldi3.o)
                              .\CortexM0\ARM_GCC_484\Debug\CRT_timer.a(ADC.o) (__aeabi_lmul)
c:/program files (x86)/cypress/psoc creator/3.1/psoc creator/import/gnu_cs/arm/4.8.4/bin/../lib/gcc/arm-none-eabi/4.8.4/armv6-m\libgcc.a(bpabi.o)
                              c:/program files (x86)/cypress/psoc creator/3.1/psoc creator/import/gnu_cs/arm/4.8.4/bin/../lib/gcc/arm-none-eabi/4.8.4/armv6-m\libgcc.a(_aeabi_ldivmod.o) (__gnu_ldivmod_helper)
c:/program files (x86)/cypress/psoc creator/3.1/psoc creator/import/gnu_cs/arm/4.8.4/bin/../lib/gcc/arm-none-eabi/4.8.4/armv6-m\libgcc.a(divsf3.o)
                              .\CortexM0\ARM_GCC_484\Debug\CRT_timer.a(ADC.o) (__aeabi_fdiv)
c:/program files (x86)/cypress/psoc creator/3.1/psoc creator/import/gnu_cs/arm/4.8.4/bin/../lib/gcc/arm-none-eabi/4.8.4/armv6-m\libgcc.a(mulsf3.o)
                              .\CortexM0\ARM_GCC_484\Debug\CRT_timer.a(ADC.o) (__aeabi_fmul)
c:/program files (x86)/cypress/psoc creator/3.1/psoc creator/import/gnu_cs/arm/4.8.4/bin/../lib/gcc/arm-none-eabi/4.8.4/armv6-m\libgcc.a(floatsisf.o)
                              .\CortexM0\ARM_GCC_484\Debug\CRT_timer.a(ADC.o) (__aeabi_i2f)
c:/program files (x86)/cypress/psoc creator/3.1/psoc creator/import/gnu_cs/arm/4.8.4/bin/../lib/gcc/arm-none-eabi/4.8.4/armv6-m\libgcc.a(_clzsi2.o)
                              c:/program files (x86)/cypress/psoc creator/3.1/psoc creator/import/gnu_cs/arm/4.8.4/bin/../lib/gcc/arm-none-eabi/4.8.4/armv6-m\libgcc.a(divsf3.o) (__clzsi2)
c:/program files (x86)/cypress/psoc creator/3.1/psoc creator/import/gnu_cs/arm/4.8.4/bin/../lib/gcc/arm-none-eabi/4.8.4/armv6-m\libgcc.a(_divdi3.o)
                              c:/program files (x86)/cypress/psoc creator/3.1/psoc creator/import/gnu_cs/arm/4.8.4/bin/../lib/gcc/arm-none-eabi/4.8.4/armv6-m\libgcc.a(bpabi.o) (__divdi3)
c:/program files (x86)/cypress/psoc creator/3.1/psoc creator/import/gnu_cs/arm/4.8.4/bin/../lib/gcc/arm-none-eabi/4.8.4/armv6-m\libgcc.a(_udivdi3.o)
                              c:/program files (x86)/cypress/psoc creator/3.1/psoc creator/import/gnu_cs/arm/4.8.4/bin/../lib/gcc/arm-none-eabi/4.8.4/armv6-m\libgcc.a(bpabi.o) (__udivdi3)
c:/program files (x86)/cypress/psoc creator/3.1/psoc creator/import/gnu_cs/arm/4.8.4/bin/../lib/gcc/arm-none-eabi/4.8.4/../../../../arm-none-eabi/lib/armv6-m\libg_s.a(lib_a-errno.o)
                              .\CortexM0\ARM_GCC_484\Debug\Cm0Start.o (__errno)
c:/program files (x86)/cypress/psoc creator/3.1/psoc creator/import/gnu_cs/arm/4.8.4/bin/../lib/gcc/arm-none-eabi/4.8.4/../../../../arm-none-eabi/lib/armv6-m\libg_s.a(lib_a-exit.o)
                              c:/program files (x86)/cypress/psoc creator/3.1/psoc creator/import/gnu_cs/arm/4.8.4/bin/../lib/gcc/arm-none-eabi/4.8.4/../../../../arm-none-eabi/lib/armv6-m/crt0.o (exit)
c:/program files (x86)/cypress/psoc creator/3.1/psoc creator/import/gnu_cs/arm/4.8.4/bin/../lib/gcc/arm-none-eabi/4.8.4/../../../../arm-none-eabi/lib/armv6-m\libg_s.a(lib_a-impure.o)
                              c:/program files (x86)/cypress/psoc creator/3.1/psoc creator/import/gnu_cs/arm/4.8.4/bin/../lib/gcc/arm-none-eabi/4.8.4/../../../../arm-none-eabi/lib/armv6-m\libg_s.a(lib_a-exit.o) (_global_impure_ptr)
c:/program files (x86)/cypress/psoc creator/3.1/psoc creator/import/gnu_cs/arm/4.8.4/bin/../lib/gcc/arm-none-eabi/4.8.4/../../../../arm-none-eabi/lib/armv6-m\libg_s.a(lib_a-init.o)
                              c:/program files (x86)/cypress/psoc creator/3.1/psoc creator/import/gnu_cs/arm/4.8.4/bin/../lib/gcc/arm-none-eabi/4.8.4/../../../../arm-none-eabi/lib/armv6-m/crt0.o (__libc_init_array)
c:/program files (x86)/cypress/psoc creator/3.1/psoc creator/import/gnu_cs/arm/4.8.4/bin/../lib/gcc/arm-none-eabi/4.8.4/../../../../arm-none-eabi/lib/armv6-m\libg_s.a(lib_a-memcpy-stub.o)
                              .\CortexM0\ARM_GCC_484\Debug\CRT_timer.a(cyfitter_cfg.o) (memcpy)
c:/program files (x86)/cypress/psoc creator/3.1/psoc creator/import/gnu_cs/arm/4.8.4/bin/../lib/gcc/arm-none-eabi/4.8.4/../../../../arm-none-eabi/lib/armv6-m\libg_s.a(lib_a-memset.o)
                              c:/program files (x86)/cypress/psoc creator/3.1/psoc creator/import/gnu_cs/arm/4.8.4/bin/../lib/gcc/arm-none-eabi/4.8.4/../../../../arm-none-eabi/lib/armv6-m/crt0.o (memset)

Allocating common symbols
Common symbol       size              file

running             0x1               .\CortexM0\ARM_GCC_484\Debug\main.o
ADC_countsPer10Volt
                    0x8               .\CortexM0\ARM_GCC_484\Debug\CRT_timer.a(ADC.o)
ADC_offset          0x4               .\CortexM0\ARM_GCC_484\Debug\CRT_timer.a(ADC.o)
time                0x4               .\CortexM0\ARM_GCC_484\Debug\main.o
V_new               0x2               .\CortexM0\ARM_GCC_484\Debug\main.o
target              0x2               .\CortexM0\ARM_GCC_484\Debug\main.o

Discarded input sections

 .text          0x00000000        0x0 c:/program files (x86)/cypress/psoc creator/3.1/psoc creator/import/gnu_cs/arm/4.8.4/bin/../lib/gcc/arm-none-eabi/4.8.4/armv6-m/crti.o
 .data          0x00000000        0x0 c:/program files (x86)/cypress/psoc creator/3.1/psoc creator/import/gnu_cs/arm/4.8.4/bin/../lib/gcc/arm-none-eabi/4.8.4/armv6-m/crti.o
 .bss           0x00000000        0x0 c:/program files (x86)/cypress/psoc creator/3.1/psoc creator/import/gnu_cs/arm/4.8.4/bin/../lib/gcc/arm-none-eabi/4.8.4/armv6-m/crti.o
 .data          0x00000000        0x4 c:/program files (x86)/cypress/psoc creator/3.1/psoc creator/import/gnu_cs/arm/4.8.4/bin/../lib/gcc/arm-none-eabi/4.8.4/armv6-m/crtbegin.o
 .text          0x00000000       0x78 c:/program files (x86)/cypress/psoc creator/3.1/psoc creator/import/gnu_cs/arm/4.8.4/bin/../lib/gcc/arm-none-eabi/4.8.4/../../../../arm-none-eabi/lib/armv6-m/crt0.o
 .data          0x00000000        0x0 c:/program files (x86)/cypress/psoc creator/3.1/psoc creator/import/gnu_cs/arm/4.8.4/bin/../lib/gcc/arm-none-eabi/4.8.4/../../../../arm-none-eabi/lib/armv6-m/crt0.o
 .bss           0x00000000        0x0 c:/program files (x86)/cypress/psoc creator/3.1/psoc creator/import/gnu_cs/arm/4.8.4/bin/../lib/gcc/arm-none-eabi/4.8.4/../../../../arm-none-eabi/lib/armv6-m/crt0.o
 .ARM.extab     0x00000000        0x0 c:/program files (x86)/cypress/psoc creator/3.1/psoc creator/import/gnu_cs/arm/4.8.4/bin/../lib/gcc/arm-none-eabi/4.8.4/../../../../arm-none-eabi/lib/armv6-m/crt0.o
 .ARM.exidx     0x00000000        0x8 c:/program files (x86)/cypress/psoc creator/3.1/psoc creator/import/gnu_cs/arm/4.8.4/bin/../lib/gcc/arm-none-eabi/4.8.4/../../../../arm-none-eabi/lib/armv6-m/crt0.o
 .text          0x00000000        0x0 .\CortexM0\ARM_GCC_484\Debug\main.o
 .data          0x00000000        0x0 .\CortexM0\ARM_GCC_484\Debug\main.o
 .bss           0x00000000        0x0 .\CortexM0\ARM_GCC_484\Debug\main.o
 .text          0x00000000        0x0 .\CortexM0\ARM_GCC_484\Debug\menus.o
 .text          0x00000000        0x0 .\CortexM0\ARM_GCC_484\Debug\keypad.o
 .data          0x00000000        0x0 .\CortexM0\ARM_GCC_484\Debug\keypad.o
 .text          0x00000000        0x0 .\CortexM0\ARM_GCC_484\Debug\cymetadata.o
 .data          0x00000000        0x0 .\CortexM0\ARM_GCC_484\Debug\cymetadata.o
 .bss           0x00000000        0x0 .\CortexM0\ARM_GCC_484\Debug\cymetadata.o
 .text          0x00000000        0x0 .\CortexM0\ARM_GCC_484\Debug\Cm0Start.o
 .data          0x00000000        0x4 .\CortexM0\ARM_GCC_484\Debug\Cm0Start.o
 .bss           0x00000000        0x0 .\CortexM0\ARM_GCC_484\Debug\Cm0Start.o
 .text._exit    0x00000000       0x28 .\CortexM0\ARM_GCC_484\Debug\Cm0Start.o
 .text._sbrk    0x00000000       0x50 .\CortexM0\ARM_GCC_484\Debug\Cm0Start.o
 .text          0x00000000        0x0 .\CortexM0\ARM_GCC_484\Debug\CRT_timer.a(cyfitter_cfg.o)
 .bss           0x00000000        0x0 .\CortexM0\ARM_GCC_484\Debug\CRT_timer.a(cyfitter_cfg.o)
 .text.CYCONFIGCPY
                0x00000000       0x24 .\CortexM0\ARM_GCC_484\Debug\CRT_timer.a(cyfitter_cfg.o)
 .text.CYCONFIGCPYCODE
                0x00000000       0x24 .\CortexM0\ARM_GCC_484\Debug\CRT_timer.a(cyfitter_cfg.o)
 .text          0x00000000        0x0 .\CortexM0\ARM_GCC_484\Debug\CRT_timer.a(Timer_1.o)
 .data          0x00000000        0x0 .\CortexM0\ARM_GCC_484\Debug\CRT_timer.a(Timer_1.o)
 .text.Timer_1_SoftwareCapture
                0x00000000       0x10 .\CortexM0\ARM_GCC_484\Debug\CRT_timer.a(Timer_1.o)
 .text.Timer_1_ReadPeriod
                0x00000000       0x14 .\CortexM0\ARM_GCC_484\Debug\CRT_timer.a(Timer_1.o)
 .text          0x00000000        0x0 .\CortexM0\ARM_GCC_484\Debug\CRT_timer.a(sw_int.o)
 .data          0x00000000        0x0 .\CortexM0\ARM_GCC_484\Debug\CRT_timer.a(sw_int.o)
 .bss           0x00000000        0x0 .\CortexM0\ARM_GCC_484\Debug\CRT_timer.a(sw_int.o)
 .text.sw_int_Start
                0x00000000       0x24 .\CortexM0\ARM_GCC_484\Debug\CRT_timer.a(sw_int.o)
 .text.sw_int_Stop
                0x00000000       0x18 .\CortexM0\ARM_GCC_484\Debug\CRT_timer.a(sw_int.o)
 .text.sw_int_Interrupt
                0x00000000        0x8 .\CortexM0\ARM_GCC_484\Debug\CRT_timer.a(sw_int.o)
 .text.sw_int_GetVector
                0x00000000       0x14 .\CortexM0\ARM_GCC_484\Debug\CRT_timer.a(sw_int.o)
 .text.sw_int_GetPriority
                0x00000000       0x2c .\CortexM0\ARM_GCC_484\Debug\CRT_timer.a(sw_int.o)
 .text.sw_int_GetState
                0x00000000       0x1c .\CortexM0\ARM_GCC_484\Debug\CRT_timer.a(sw_int.o)
 .text.sw_int_SetPending
                0x00000000       0x14 .\CortexM0\ARM_GCC_484\Debug\CRT_timer.a(sw_int.o)
 .text.sw_int_ClearPending
                0x00000000       0x14 .\CortexM0\ARM_GCC_484\Debug\CRT_timer.a(sw_int.o)
 .data          0x00000000        0x0 .\CortexM0\ARM_GCC_484\Debug\CRT_timer.a(CyBootAsmGnu.o)
 .bss           0x00000000        0x0 .\CortexM0\ARM_GCC_484\Debug\CRT_timer.a(CyBootAsmGnu.o)
 .text          0x00000000        0x0 .\CortexM0\ARM_GCC_484\Debug\CRT_timer.a(CyLib.o)
 .bss           0x00000000       0x24 .\CortexM0\ARM_GCC_484\Debug\CRT_timer.a(CyLib.o)
 .rodata        0x00000000       0x30 .\CortexM0\ARM_GCC_484\Debug\CRT_timer.a(CyLib.o)
 .text.CySysClkImoStart
                0x00000000       0x1c .\CortexM0\ARM_GCC_484\Debug\CRT_timer.a(CyLib.o)
 .text.CySysClkImoStop
                0x00000000       0x18 .\CortexM0\ARM_GCC_484\Debug\CRT_timer.a(CyLib.o)
 .text.CySysClkIloStart
                0x00000000       0x1c .\CortexM0\ARM_GCC_484\Debug\CRT_timer.a(CyLib.o)
 .text.CySysClkIloStop
                0x00000000       0x4c .\CortexM0\ARM_GCC_484\Debug\CRT_timer.a(CyLib.o)
 .text.CySysClkIloEnabled
                0x00000000       0x1c .\CortexM0\ARM_GCC_484\Debug\CRT_timer.a(CyLib.o)
 .text.CySysClkWriteHfclkDirect
                0x00000000       0x44 .\CortexM0\ARM_GCC_484\Debug\CRT_timer.a(CyLib.o)
 .text.CySysClkWriteSysclkDiv
                0x00000000       0x44 .\CortexM0\ARM_GCC_484\Debug\CRT_timer.a(CyLib.o)
 .text.CySysClkWriteImoFreq
                0x00000000      0x1e0 .\CortexM0\ARM_GCC_484\Debug\CRT_timer.a(CyLib.o)
 .text.CySysWdtLock
                0x00000000       0x34 .\CortexM0\ARM_GCC_484\Debug\CRT_timer.a(CyLib.o)
 .text.CySysWdtLocked
                0x00000000       0x20 .\CortexM0\ARM_GCC_484\Debug\CRT_timer.a(CyLib.o)
 .text.CySysWdtUnlock
                0x00000000       0x4c .\CortexM0\ARM_GCC_484\Debug\CRT_timer.a(CyLib.o)
 .text.CySysWdtReadEnabledStatus
                0x00000000       0x30 .\CortexM0\ARM_GCC_484\Debug\CRT_timer.a(CyLib.o)
 .text.CySysWdtWriteMode
                0x00000000       0x60 .\CortexM0\ARM_GCC_484\Debug\CRT_timer.a(CyLib.o)
 .text.CySysWdtReadMode
                0x00000000       0x24 .\CortexM0\ARM_GCC_484\Debug\CRT_timer.a(CyLib.o)
 .text.CySysWdtWriteClearOnMatch
                0x00000000       0x70 .\CortexM0\ARM_GCC_484\Debug\CRT_timer.a(CyLib.o)
 .text.CySysWdtReadClearOnMatch
                0x00000000       0x40 .\CortexM0\ARM_GCC_484\Debug\CRT_timer.a(CyLib.o)
 .text.CySysWdtEnable
                0x00000000       0x68 .\CortexM0\ARM_GCC_484\Debug\CRT_timer.a(CyLib.o)
 .text.CySysWdtDisable
                0x00000000       0x68 .\CortexM0\ARM_GCC_484\Debug\CRT_timer.a(CyLib.o)
 .text.CySysWdtWriteCascade
                0x00000000       0x58 .\CortexM0\ARM_GCC_484\Debug\CRT_timer.a(CyLib.o)
 .text.CySysWdtReadCascade
                0x00000000       0x1c .\CortexM0\ARM_GCC_484\Debug\CRT_timer.a(CyLib.o)
 .text.CySysWdtWriteMatch
                0x00000000       0x6c .\CortexM0\ARM_GCC_484\Debug\CRT_timer.a(CyLib.o)
 .text.CySysWdtWriteToggleBit
                0x00000000       0x44 .\CortexM0\ARM_GCC_484\Debug\CRT_timer.a(CyLib.o)
 .text.CySysWdtReadToggleBit
                0x00000000       0x18 .\CortexM0\ARM_GCC_484\Debug\CRT_timer.a(CyLib.o)
 .text.CySysWdtReadMatch
                0x00000000       0x44 .\CortexM0\ARM_GCC_484\Debug\CRT_timer.a(CyLib.o)
 .text.CySysWdtReadCount
                0x00000000       0x54 .\CortexM0\ARM_GCC_484\Debug\CRT_timer.a(CyLib.o)
 .text.CySysWdtGetInterruptSource
                0x00000000       0x1c .\CortexM0\ARM_GCC_484\Debug\CRT_timer.a(CyLib.o)
 .text.CySysWdtClearInterrupt
                0x00000000       0x6c .\CortexM0\ARM_GCC_484\Debug\CRT_timer.a(CyLib.o)
 .text.CySysWdtResetCounters
                0x00000000       0x28 .\CortexM0\ARM_GCC_484\Debug\CRT_timer.a(CyLib.o)
 .text.CySysClkLfclkPosedgeCatch
                0x00000000       0x9c .\CortexM0\ARM_GCC_484\Debug\CRT_timer.a(CyLib.o)
 .text.CySysClkLfclkPosedgeRestore
                0x00000000       0x3c .\CortexM0\ARM_GCC_484\Debug\CRT_timer.a(CyLib.o)
 .text.CySysLvdEnable
                0x00000000       0x48 .\CortexM0\ARM_GCC_484\Debug\CRT_timer.a(CyLib.o)
 .text.CySysLvdDisable
                0x00000000       0x28 .\CortexM0\ARM_GCC_484\Debug\CRT_timer.a(CyLib.o)
 .text.CySysLvdGetInterruptSource
                0x00000000       0x18 .\CortexM0\ARM_GCC_484\Debug\CRT_timer.a(CyLib.o)
 .text.CySysLvdClearInterrupt
                0x00000000       0x14 .\CortexM0\ARM_GCC_484\Debug\CRT_timer.a(CyLib.o)
 .text.CySysGetResetReason
                0x00000000       0x30 .\CortexM0\ARM_GCC_484\Debug\CRT_timer.a(CyLib.o)
 .text.CyDisableInts
                0x00000000       0x24 .\CortexM0\ARM_GCC_484\Debug\CRT_timer.a(CyLib.o)
 .text.CyEnableInts
                0x00000000       0x18 .\CortexM0\ARM_GCC_484\Debug\CRT_timer.a(CyLib.o)
 .text.CyIntSetSysVector
                0x00000000       0x48 .\CortexM0\ARM_GCC_484\Debug\CRT_timer.a(CyLib.o)
 .text.CyIntGetSysVector
                0x00000000       0x34 .\CortexM0\ARM_GCC_484\Debug\CRT_timer.a(CyLib.o)
 .text.CyIntGetVector
                0x00000000       0x38 .\CortexM0\ARM_GCC_484\Debug\CRT_timer.a(CyLib.o)
 .text.CyIntGetPriority
                0x00000000       0x58 .\CortexM0\ARM_GCC_484\Debug\CRT_timer.a(CyLib.o)
 .text.CyIntEnable
                0x00000000       0x2c .\CortexM0\ARM_GCC_484\Debug\CRT_timer.a(CyLib.o)
 .text.CyIntGetState
                0x00000000       0x34 .\CortexM0\ARM_GCC_484\Debug\CRT_timer.a(CyLib.o)
 .text.CyIntDisable
                0x00000000       0x2c .\CortexM0\ARM_GCC_484\Debug\CRT_timer.a(CyLib.o)
 .text.CyIntSetPending
                0x00000000       0x2c .\CortexM0\ARM_GCC_484\Debug\CRT_timer.a(CyLib.o)
 .text.CyIntClearPending
                0x00000000       0x2c .\CortexM0\ARM_GCC_484\Debug\CRT_timer.a(CyLib.o)
 .text.CySoftwareReset
                0x00000000       0x20 .\CortexM0\ARM_GCC_484\Debug\CRT_timer.a(CyLib.o)
 .text.CyDelayFreq
                0x00000000       0x80 .\CortexM0\ARM_GCC_484\Debug\CRT_timer.a(CyLib.o)
 .text.CySysTickStart
                0x00000000       0x24 .\CortexM0\ARM_GCC_484\Debug\CRT_timer.a(CyLib.o)
 .text.CySysTickInit
                0x00000000       0x60 .\CortexM0\ARM_GCC_484\Debug\CRT_timer.a(CyLib.o)
 .text.CySysTickEnable
                0x00000000       0x1c .\CortexM0\ARM_GCC_484\Debug\CRT_timer.a(CyLib.o)
 .text.CySysTickStop
                0x00000000       0x18 .\CortexM0\ARM_GCC_484\Debug\CRT_timer.a(CyLib.o)
 .text.CySysTickEnableInterrupt
                0x00000000       0x18 .\CortexM0\ARM_GCC_484\Debug\CRT_timer.a(CyLib.o)
 .text.CySysTickDisableInterrupt
                0x00000000       0x18 .\CortexM0\ARM_GCC_484\Debug\CRT_timer.a(CyLib.o)
 .text.CySysTickSetReload
                0x00000000       0x1c .\CortexM0\ARM_GCC_484\Debug\CRT_timer.a(CyLib.o)
 .text.CySysTickGetReload
                0x00000000       0x18 .\CortexM0\ARM_GCC_484\Debug\CRT_timer.a(CyLib.o)
 .text.CySysTickGetValue
                0x00000000       0x1c .\CortexM0\ARM_GCC_484\Debug\CRT_timer.a(CyLib.o)
 .text.CySysTickGetCountFlag
                0x00000000       0x18 .\CortexM0\ARM_GCC_484\Debug\CRT_timer.a(CyLib.o)
 .text.CySysTickClear
                0x00000000       0x14 .\CortexM0\ARM_GCC_484\Debug\CRT_timer.a(CyLib.o)
 .text.CySysTickSetCallback
                0x00000000       0x2c .\CortexM0\ARM_GCC_484\Debug\CRT_timer.a(CyLib.o)
 .text.CySysTickGetCallback
                0x00000000       0x1c .\CortexM0\ARM_GCC_484\Debug\CRT_timer.a(CyLib.o)
 .text.CySysTickServiceCallbacks
                0x00000000       0x44 .\CortexM0\ARM_GCC_484\Debug\CRT_timer.a(CyLib.o)
 .text          0x00000000        0x0 .\CortexM0\ARM_GCC_484\Debug\CRT_timer.a(LCD.o)
 .data          0x00000000        0x0 .\CortexM0\ARM_GCC_484\Debug\CRT_timer.a(LCD.o)
 .text.LCD_Stop
                0x00000000       0x18 .\CortexM0\ARM_GCC_484\Debug\CRT_timer.a(LCD.o)
 .text.LCD_PrintInt8
                0x00000000       0x3c .\CortexM0\ARM_GCC_484\Debug\CRT_timer.a(LCD.o)
 .text.LCD_PrintInt16
                0x00000000       0x30 .\CortexM0\ARM_GCC_484\Debug\CRT_timer.a(LCD.o)
 .rodata        0x00000000       0x10 .\CortexM0\ARM_GCC_484\Debug\CRT_timer.a(LCD.o)
 .text          0x00000000        0x0 .\CortexM0\ARM_GCC_484\Debug\CRT_timer.a(LCD_CustChars.o)
 .data          0x00000000        0x0 .\CortexM0\ARM_GCC_484\Debug\CRT_timer.a(LCD_CustChars.o)
 .bss           0x00000000        0x0 .\CortexM0\ARM_GCC_484\Debug\CRT_timer.a(LCD_CustChars.o)
 .text          0x00000000        0x0 .\CortexM0\ARM_GCC_484\Debug\CRT_timer.a(ADC.o)
 .data          0x00000000        0x0 .\CortexM0\ARM_GCC_484\Debug\CRT_timer.a(ADC.o)
 .text.ADC_Stop
                0x00000000       0x18 .\CortexM0\ARM_GCC_484\Debug\CRT_timer.a(ADC.o)
 .text.ADC_StopConvert
                0x00000000       0x1c .\CortexM0\ARM_GCC_484\Debug\CRT_timer.a(ADC.o)
 .text.ADC_IsEndConversion
                0x00000000       0x48 .\CortexM0\ARM_GCC_484\Debug\CRT_timer.a(ADC.o)
 .text.ADC_SetChanMask
                0x00000000       0x1c .\CortexM0\ARM_GCC_484\Debug\CRT_timer.a(ADC.o)
 .text.ADC_SetLowLimit
                0x00000000       0x30 .\CortexM0\ARM_GCC_484\Debug\CRT_timer.a(ADC.o)
 .text.ADC_SetHighLimit
                0x00000000       0x2c .\CortexM0\ARM_GCC_484\Debug\CRT_timer.a(ADC.o)
 .text.ADC_SetLimitMask
                0x00000000       0x1c .\CortexM0\ARM_GCC_484\Debug\CRT_timer.a(ADC.o)
 .text.ADC_SetSatMask
                0x00000000       0x1c .\CortexM0\ARM_GCC_484\Debug\CRT_timer.a(ADC.o)
 .text.ADC_SetOffset
                0x00000000       0x30 .\CortexM0\ARM_GCC_484\Debug\CRT_timer.a(ADC.o)
 .text.ADC_SetGain
                0x00000000       0x2c .\CortexM0\ARM_GCC_484\Debug\CRT_timer.a(ADC.o)
 .text.ADC_CountsTo_mVolts
                0x00000000       0xa4 .\CortexM0\ARM_GCC_484\Debug\CRT_timer.a(ADC.o)
 .text.ADC_CountsTo_uVolts
                0x00000000       0x98 .\CortexM0\ARM_GCC_484\Debug\CRT_timer.a(ADC.o)
 .text.ADC_CountsTo_Volts
                0x00000000       0x80 .\CortexM0\ARM_GCC_484\Debug\CRT_timer.a(ADC.o)
 .text          0x00000000        0x0 .\CortexM0\ARM_GCC_484\Debug\CRT_timer.a(ADC_INT.o)
 .data          0x00000000        0x0 .\CortexM0\ARM_GCC_484\Debug\CRT_timer.a(ADC_INT.o)
 .bss           0x00000000        0x0 .\CortexM0\ARM_GCC_484\Debug\CRT_timer.a(ADC_INT.o)
 .text          0x00000000        0x0 .\CortexM0\ARM_GCC_484\Debug\CRT_timer.a(B_press.o)
 .data          0x00000000        0x0 .\CortexM0\ARM_GCC_484\Debug\CRT_timer.a(B_press.o)
 .bss           0x00000000        0x0 .\CortexM0\ARM_GCC_484\Debug\CRT_timer.a(B_press.o)
 .text.B_press_SetDriveMode
                0x00000000       0x30 .\CortexM0\ARM_GCC_484\Debug\CRT_timer.a(B_press.o)
 .text.B_press_Read
                0x00000000       0x1c .\CortexM0\ARM_GCC_484\Debug\CRT_timer.a(B_press.o)
 .text.B_press_ReadDataReg
                0x00000000       0x1c .\CortexM0\ARM_GCC_484\Debug\CRT_timer.a(B_press.o)
 .text.B_press_ClearInterrupt
                0x00000000       0x30 .\CortexM0\ARM_GCC_484\Debug\CRT_timer.a(B_press.o)
 .text          0x00000000        0x0 .\CortexM0\ARM_GCC_484\Debug\CRT_timer.a(Opamp.o)
 .data          0x00000000        0x0 .\CortexM0\ARM_GCC_484\Debug\CRT_timer.a(Opamp.o)
 .text.Opamp_Stop
                0x00000000       0x1c .\CortexM0\ARM_GCC_484\Debug\CRT_timer.a(Opamp.o)
 .text.Opamp_SetPower
                0x00000000       0x38 .\CortexM0\ARM_GCC_484\Debug\CRT_timer.a(Opamp.o)
 .text.Opamp_PumpControl
                0x00000000       0x38 .\CortexM0\ARM_GCC_484\Debug\CRT_timer.a(Opamp.o)
 .text          0x00000000        0x0 .\CortexM0\ARM_GCC_484\Debug\CRT_timer.a(Test_pin.o)
 .data          0x00000000        0x0 .\CortexM0\ARM_GCC_484\Debug\CRT_timer.a(Test_pin.o)
 .bss           0x00000000        0x0 .\CortexM0\ARM_GCC_484\Debug\CRT_timer.a(Test_pin.o)
 .text.Test_pin_SetDriveMode
                0x00000000       0x30 .\CortexM0\ARM_GCC_484\Debug\CRT_timer.a(Test_pin.o)
 .text.Test_pin_Read
                0x00000000       0x1c .\CortexM0\ARM_GCC_484\Debug\CRT_timer.a(Test_pin.o)
 .text.Test_pin_ReadDataReg
                0x00000000       0x1c .\CortexM0\ARM_GCC_484\Debug\CRT_timer.a(Test_pin.o)
 .text.Test_pin_ClearInterrupt
                0x00000000       0x30 .\CortexM0\ARM_GCC_484\Debug\CRT_timer.a(Test_pin.o)
 .data          0x00000000        0x0 c:/program files (x86)/cypress/psoc creator/3.1/psoc creator/import/gnu_cs/arm/4.8.4/bin/../lib/gcc/arm-none-eabi/4.8.4/armv6-m\libgcc.a(_udivsi3.o)
 .bss           0x00000000        0x0 c:/program files (x86)/cypress/psoc creator/3.1/psoc creator/import/gnu_cs/arm/4.8.4/bin/../lib/gcc/arm-none-eabi/4.8.4/armv6-m\libgcc.a(_udivsi3.o)
 .data          0x00000000        0x0 c:/program files (x86)/cypress/psoc creator/3.1/psoc creator/import/gnu_cs/arm/4.8.4/bin/../lib/gcc/arm-none-eabi/4.8.4/armv6-m\libgcc.a(_divsi3.o)
 .bss           0x00000000        0x0 c:/program files (x86)/cypress/psoc creator/3.1/psoc creator/import/gnu_cs/arm/4.8.4/bin/../lib/gcc/arm-none-eabi/4.8.4/armv6-m\libgcc.a(_divsi3.o)
 .data          0x00000000        0x0 c:/program files (x86)/cypress/psoc creator/3.1/psoc creator/import/gnu_cs/arm/4.8.4/bin/../lib/gcc/arm-none-eabi/4.8.4/armv6-m\libgcc.a(_dvmd_tls.o)
 .bss           0x00000000        0x0 c:/program files (x86)/cypress/psoc creator/3.1/psoc creator/import/gnu_cs/arm/4.8.4/bin/../lib/gcc/arm-none-eabi/4.8.4/armv6-m\libgcc.a(_dvmd_tls.o)
 .text          0x00000000       0x48 c:/program files (x86)/cypress/psoc creator/3.1/psoc creator/import/gnu_cs/arm/4.8.4/bin/../lib/gcc/arm-none-eabi/4.8.4/armv6-m\libgcc.a(_aeabi_ldivmod.o)
 .data          0x00000000        0x0 c:/program files (x86)/cypress/psoc creator/3.1/psoc creator/import/gnu_cs/arm/4.8.4/bin/../lib/gcc/arm-none-eabi/4.8.4/armv6-m\libgcc.a(_aeabi_ldivmod.o)
 .bss           0x00000000        0x0 c:/program files (x86)/cypress/psoc creator/3.1/psoc creator/import/gnu_cs/arm/4.8.4/bin/../lib/gcc/arm-none-eabi/4.8.4/armv6-m\libgcc.a(_aeabi_ldivmod.o)
 .data          0x00000000        0x0 c:/program files (x86)/cypress/psoc creator/3.1/psoc creator/import/gnu_cs/arm/4.8.4/bin/../lib/gcc/arm-none-eabi/4.8.4/armv6-m\libgcc.a(_aeabi_uldivmod.o)
 .bss           0x00000000        0x0 c:/program files (x86)/cypress/psoc creator/3.1/psoc creator/import/gnu_cs/arm/4.8.4/bin/../lib/gcc/arm-none-eabi/4.8.4/armv6-m\libgcc.a(_aeabi_uldivmod.o)
 .data          0x00000000        0x0 c:/program files (x86)/cypress/psoc creator/3.1/psoc creator/import/gnu_cs/arm/4.8.4/bin/../lib/gcc/arm-none-eabi/4.8.4/armv6-m\libgcc.a(_muldi3.o)
 .bss           0x00000000        0x0 c:/program files (x86)/cypress/psoc creator/3.1/psoc creator/import/gnu_cs/arm/4.8.4/bin/../lib/gcc/arm-none-eabi/4.8.4/armv6-m\libgcc.a(_muldi3.o)
 .data          0x00000000        0x0 c:/program files (x86)/cypress/psoc creator/3.1/psoc creator/import/gnu_cs/arm/4.8.4/bin/../lib/gcc/arm-none-eabi/4.8.4/armv6-m\libgcc.a(bpabi.o)
 .bss           0x00000000        0x0 c:/program files (x86)/cypress/psoc creator/3.1/psoc creator/import/gnu_cs/arm/4.8.4/bin/../lib/gcc/arm-none-eabi/4.8.4/armv6-m\libgcc.a(bpabi.o)
 .text          0x00000000      0x24c c:/program files (x86)/cypress/psoc creator/3.1/psoc creator/import/gnu_cs/arm/4.8.4/bin/../lib/gcc/arm-none-eabi/4.8.4/armv6-m\libgcc.a(divsf3.o)
 .data          0x00000000        0x0 c:/program files (x86)/cypress/psoc creator/3.1/psoc creator/import/gnu_cs/arm/4.8.4/bin/../lib/gcc/arm-none-eabi/4.8.4/armv6-m\libgcc.a(divsf3.o)
 .bss           0x00000000        0x0 c:/program files (x86)/cypress/psoc creator/3.1/psoc creator/import/gnu_cs/arm/4.8.4/bin/../lib/gcc/arm-none-eabi/4.8.4/armv6-m\libgcc.a(divsf3.o)
 .rodata        0x00000000       0x40 c:/program files (x86)/cypress/psoc creator/3.1/psoc creator/import/gnu_cs/arm/4.8.4/bin/../lib/gcc/arm-none-eabi/4.8.4/armv6-m\libgcc.a(divsf3.o)
 .text          0x00000000      0x254 c:/program files (x86)/cypress/psoc creator/3.1/psoc creator/import/gnu_cs/arm/4.8.4/bin/../lib/gcc/arm-none-eabi/4.8.4/armv6-m\libgcc.a(mulsf3.o)
 .data          0x00000000        0x0 c:/program files (x86)/cypress/psoc creator/3.1/psoc creator/import/gnu_cs/arm/4.8.4/bin/../lib/gcc/arm-none-eabi/4.8.4/armv6-m\libgcc.a(mulsf3.o)
 .bss           0x00000000        0x0 c:/program files (x86)/cypress/psoc creator/3.1/psoc creator/import/gnu_cs/arm/4.8.4/bin/../lib/gcc/arm-none-eabi/4.8.4/armv6-m\libgcc.a(mulsf3.o)
 .rodata        0x00000000       0x40 c:/program files (x86)/cypress/psoc creator/3.1/psoc creator/import/gnu_cs/arm/4.8.4/bin/../lib/gcc/arm-none-eabi/4.8.4/armv6-m\libgcc.a(mulsf3.o)
 .text          0x00000000       0xb8 c:/program files (x86)/cypress/psoc creator/3.1/psoc creator/import/gnu_cs/arm/4.8.4/bin/../lib/gcc/arm-none-eabi/4.8.4/armv6-m\libgcc.a(floatsisf.o)
 .data          0x00000000        0x0 c:/program files (x86)/cypress/psoc creator/3.1/psoc creator/import/gnu_cs/arm/4.8.4/bin/../lib/gcc/arm-none-eabi/4.8.4/armv6-m\libgcc.a(floatsisf.o)
 .bss           0x00000000        0x0 c:/program files (x86)/cypress/psoc creator/3.1/psoc creator/import/gnu_cs/arm/4.8.4/bin/../lib/gcc/arm-none-eabi/4.8.4/armv6-m\libgcc.a(floatsisf.o)
 .data          0x00000000        0x0 c:/program files (x86)/cypress/psoc creator/3.1/psoc creator/import/gnu_cs/arm/4.8.4/bin/../lib/gcc/arm-none-eabi/4.8.4/armv6-m\libgcc.a(_clzsi2.o)
 .bss           0x00000000        0x0 c:/program files (x86)/cypress/psoc creator/3.1/psoc creator/import/gnu_cs/arm/4.8.4/bin/../lib/gcc/arm-none-eabi/4.8.4/armv6-m\libgcc.a(_clzsi2.o)
 .data          0x00000000        0x0 c:/program files (x86)/cypress/psoc creator/3.1/psoc creator/import/gnu_cs/arm/4.8.4/bin/../lib/gcc/arm-none-eabi/4.8.4/armv6-m\libgcc.a(_divdi3.o)
 .bss           0x00000000        0x0 c:/program files (x86)/cypress/psoc creator/3.1/psoc creator/import/gnu_cs/arm/4.8.4/bin/../lib/gcc/arm-none-eabi/4.8.4/armv6-m\libgcc.a(_divdi3.o)
 .ARM.extab     0x00000000        0x0 c:/program files (x86)/cypress/psoc creator/3.1/psoc creator/import/gnu_cs/arm/4.8.4/bin/../lib/gcc/arm-none-eabi/4.8.4/armv6-m\libgcc.a(_divdi3.o)
 .data          0x00000000        0x0 c:/program files (x86)/cypress/psoc creator/3.1/psoc creator/import/gnu_cs/arm/4.8.4/bin/../lib/gcc/arm-none-eabi/4.8.4/armv6-m\libgcc.a(_udivdi3.o)
 .bss           0x00000000        0x0 c:/program files (x86)/cypress/psoc creator/3.1/psoc creator/import/gnu_cs/arm/4.8.4/bin/../lib/gcc/arm-none-eabi/4.8.4/armv6-m\libgcc.a(_udivdi3.o)
 .ARM.extab     0x00000000        0x0 c:/program files (x86)/cypress/psoc creator/3.1/psoc creator/import/gnu_cs/arm/4.8.4/bin/../lib/gcc/arm-none-eabi/4.8.4/armv6-m\libgcc.a(_udivdi3.o)
 .text          0x00000000        0x0 c:/program files (x86)/cypress/psoc creator/3.1/psoc creator/import/gnu_cs/arm/4.8.4/bin/../lib/gcc/arm-none-eabi/4.8.4/../../../../arm-none-eabi/lib/armv6-m\libg_s.a(lib_a-errno.o)
 .data          0x00000000        0x0 c:/program files (x86)/cypress/psoc creator/3.1/psoc creator/import/gnu_cs/arm/4.8.4/bin/../lib/gcc/arm-none-eabi/4.8.4/../../../../arm-none-eabi/lib/armv6-m\libg_s.a(lib_a-errno.o)
 .bss           0x00000000        0x0 c:/program files (x86)/cypress/psoc creator/3.1/psoc creator/import/gnu_cs/arm/4.8.4/bin/../lib/gcc/arm-none-eabi/4.8.4/../../../../arm-none-eabi/lib/armv6-m\libg_s.a(lib_a-errno.o)
 .text.__errno  0x00000000        0xc c:/program files (x86)/cypress/psoc creator/3.1/psoc creator/import/gnu_cs/arm/4.8.4/bin/../lib/gcc/arm-none-eabi/4.8.4/../../../../arm-none-eabi/lib/armv6-m\libg_s.a(lib_a-errno.o)
 .text          0x00000000        0x0 c:/program files (x86)/cypress/psoc creator/3.1/psoc creator/import/gnu_cs/arm/4.8.4/bin/../lib/gcc/arm-none-eabi/4.8.4/../../../../arm-none-eabi/lib/armv6-m\libg_s.a(lib_a-exit.o)
 .data          0x00000000        0x0 c:/program files (x86)/cypress/psoc creator/3.1/psoc creator/import/gnu_cs/arm/4.8.4/bin/../lib/gcc/arm-none-eabi/4.8.4/../../../../arm-none-eabi/lib/armv6-m\libg_s.a(lib_a-exit.o)
 .bss           0x00000000        0x0 c:/program files (x86)/cypress/psoc creator/3.1/psoc creator/import/gnu_cs/arm/4.8.4/bin/../lib/gcc/arm-none-eabi/4.8.4/../../../../arm-none-eabi/lib/armv6-m\libg_s.a(lib_a-exit.o)
 .text.exit     0x00000000       0x2c c:/program files (x86)/cypress/psoc creator/3.1/psoc creator/import/gnu_cs/arm/4.8.4/bin/../lib/gcc/arm-none-eabi/4.8.4/../../../../arm-none-eabi/lib/armv6-m\libg_s.a(lib_a-exit.o)
 .text          0x00000000        0x0 c:/program files (x86)/cypress/psoc creator/3.1/psoc creator/import/gnu_cs/arm/4.8.4/bin/../lib/gcc/arm-none-eabi/4.8.4/../../../../arm-none-eabi/lib/armv6-m\libg_s.a(lib_a-impure.o)
 .data          0x00000000        0x0 c:/program files (x86)/cypress/psoc creator/3.1/psoc creator/import/gnu_cs/arm/4.8.4/bin/../lib/gcc/arm-none-eabi/4.8.4/../../../../arm-none-eabi/lib/armv6-m\libg_s.a(lib_a-impure.o)
 .bss           0x00000000        0x0 c:/program files (x86)/cypress/psoc creator/3.1/psoc creator/import/gnu_cs/arm/4.8.4/bin/../lib/gcc/arm-none-eabi/4.8.4/../../../../arm-none-eabi/lib/armv6-m\libg_s.a(lib_a-impure.o)
 .data.impure_data
                0x00000000       0x60 c:/program files (x86)/cypress/psoc creator/3.1/psoc creator/import/gnu_cs/arm/4.8.4/bin/../lib/gcc/arm-none-eabi/4.8.4/../../../../arm-none-eabi/lib/armv6-m\libg_s.a(lib_a-impure.o)
 .data._impure_ptr
                0x00000000        0x4 c:/program files (x86)/cypress/psoc creator/3.1/psoc creator/import/gnu_cs/arm/4.8.4/bin/../lib/gcc/arm-none-eabi/4.8.4/../../../../arm-none-eabi/lib/armv6-m\libg_s.a(lib_a-impure.o)
 .rodata.str1.1
                0x00000000        0x2 c:/program files (x86)/cypress/psoc creator/3.1/psoc creator/import/gnu_cs/arm/4.8.4/bin/../lib/gcc/arm-none-eabi/4.8.4/../../../../arm-none-eabi/lib/armv6-m\libg_s.a(lib_a-impure.o)
 .rodata._global_impure_ptr
                0x00000000        0x4 c:/program files (x86)/cypress/psoc creator/3.1/psoc creator/import/gnu_cs/arm/4.8.4/bin/../lib/gcc/arm-none-eabi/4.8.4/../../../../arm-none-eabi/lib/armv6-m\libg_s.a(lib_a-impure.o)
 .text          0x00000000        0x0 c:/program files (x86)/cypress/psoc creator/3.1/psoc creator/import/gnu_cs/arm/4.8.4/bin/../lib/gcc/arm-none-eabi/4.8.4/../../../../arm-none-eabi/lib/armv6-m\libg_s.a(lib_a-init.o)
 .data          0x00000000        0x0 c:/program files (x86)/cypress/psoc creator/3.1/psoc creator/import/gnu_cs/arm/4.8.4/bin/../lib/gcc/arm-none-eabi/4.8.4/../../../../arm-none-eabi/lib/armv6-m\libg_s.a(lib_a-init.o)
 .bss           0x00000000        0x0 c:/program files (x86)/cypress/psoc creator/3.1/psoc creator/import/gnu_cs/arm/4.8.4/bin/../lib/gcc/arm-none-eabi/4.8.4/../../../../arm-none-eabi/lib/armv6-m\libg_s.a(lib_a-init.o)
 .text          0x00000000        0x0 c:/program files (x86)/cypress/psoc creator/3.1/psoc creator/import/gnu_cs/arm/4.8.4/bin/../lib/gcc/arm-none-eabi/4.8.4/../../../../arm-none-eabi/lib/armv6-m\libg_s.a(lib_a-memcpy-stub.o)
 .data          0x00000000        0x0 c:/program files (x86)/cypress/psoc creator/3.1/psoc creator/import/gnu_cs/arm/4.8.4/bin/../lib/gcc/arm-none-eabi/4.8.4/../../../../arm-none-eabi/lib/armv6-m\libg_s.a(lib_a-memcpy-stub.o)
 .bss           0x00000000        0x0 c:/program files (x86)/cypress/psoc creator/3.1/psoc creator/import/gnu_cs/arm/4.8.4/bin/../lib/gcc/arm-none-eabi/4.8.4/../../../../arm-none-eabi/lib/armv6-m\libg_s.a(lib_a-memcpy-stub.o)
 .text.memcpy   0x00000000       0x12 c:/program files (x86)/cypress/psoc creator/3.1/psoc creator/import/gnu_cs/arm/4.8.4/bin/../lib/gcc/arm-none-eabi/4.8.4/../../../../arm-none-eabi/lib/armv6-m\libg_s.a(lib_a-memcpy-stub.o)
 .text          0x00000000        0x0 c:/program files (x86)/cypress/psoc creator/3.1/psoc creator/import/gnu_cs/arm/4.8.4/bin/../lib/gcc/arm-none-eabi/4.8.4/../../../../arm-none-eabi/lib/armv6-m\libg_s.a(lib_a-memset.o)
 .data          0x00000000        0x0 c:/program files (x86)/cypress/psoc creator/3.1/psoc creator/import/gnu_cs/arm/4.8.4/bin/../lib/gcc/arm-none-eabi/4.8.4/../../../../arm-none-eabi/lib/armv6-m\libg_s.a(lib_a-memset.o)
 .bss           0x00000000        0x0 c:/program files (x86)/cypress/psoc creator/3.1/psoc creator/import/gnu_cs/arm/4.8.4/bin/../lib/gcc/arm-none-eabi/4.8.4/../../../../arm-none-eabi/lib/armv6-m\libg_s.a(lib_a-memset.o)
 .text          0x00000000        0x0 c:/program files (x86)/cypress/psoc creator/3.1/psoc creator/import/gnu_cs/arm/4.8.4/bin/../lib/gcc/arm-none-eabi/4.8.4/armv6-m/crtend.o
 .data          0x00000000        0x0 c:/program files (x86)/cypress/psoc creator/3.1/psoc creator/import/gnu_cs/arm/4.8.4/bin/../lib/gcc/arm-none-eabi/4.8.4/armv6-m/crtend.o
 .bss           0x00000000        0x0 c:/program files (x86)/cypress/psoc creator/3.1/psoc creator/import/gnu_cs/arm/4.8.4/bin/../lib/gcc/arm-none-eabi/4.8.4/armv6-m/crtend.o
 .text          0x00000000        0x0 c:/program files (x86)/cypress/psoc creator/3.1/psoc creator/import/gnu_cs/arm/4.8.4/bin/../lib/gcc/arm-none-eabi/4.8.4/armv6-m/crtn.o
 .data          0x00000000        0x0 c:/program files (x86)/cypress/psoc creator/3.1/psoc creator/import/gnu_cs/arm/4.8.4/bin/../lib/gcc/arm-none-eabi/4.8.4/armv6-m/crtn.o
 .bss           0x00000000        0x0 c:/program files (x86)/cypress/psoc creator/3.1/psoc creator/import/gnu_cs/arm/4.8.4/bin/../lib/gcc/arm-none-eabi/4.8.4/armv6-m/crtn.o

Memory Configuration

Name             Origin             Length             Attributes
rom              0x00000000         0x00008000         xr
ram              0x20000000         0x00001000         xrw
*default*        0x00000000         0xffffffff

Linker script and memory map

LOAD c:/program files (x86)/cypress/psoc creator/3.1/psoc creator/import/gnu_cs/arm/4.8.4/bin/../lib/gcc/arm-none-eabi/4.8.4/armv6-m/crti.o
LOAD c:/program files (x86)/cypress/psoc creator/3.1/psoc creator/import/gnu_cs/arm/4.8.4/bin/../lib/gcc/arm-none-eabi/4.8.4/armv6-m/crtbegin.o
LOAD c:/program files (x86)/cypress/psoc creator/3.1/psoc creator/import/gnu_cs/arm/4.8.4/bin/../lib/gcc/arm-none-eabi/4.8.4/../../../../arm-none-eabi/lib/armv6-m/crt0.o
START GROUP
LOAD .\CortexM0\ARM_GCC_484\Debug\main.o
LOAD .\CortexM0\ARM_GCC_484\Debug\menus.o
LOAD .\CortexM0\ARM_GCC_484\Debug\keypad.o
LOAD .\CortexM0\ARM_GCC_484\Debug\cymetadata.o
LOAD .\CortexM0\ARM_GCC_484\Debug\Cm0Start.o
LOAD .\CortexM0\ARM_GCC_484\Debug\CRT_timer.a
LOAD C:\Program Files (x86)\Cypress\PSoC Creator\3.1\PSoC Creator\psoc\content\cycomponentlibrary\CyComponentLibrary.cylib\CortexM0\ARM_GCC_484\Debug\CyComponentLibrary.a
END GROUP
START GROUP
LOAD c:/program files (x86)/cypress/psoc creator/3.1/psoc creator/import/gnu_cs/arm/4.8.4/bin/../lib/gcc/arm-none-eabi/4.8.4/armv6-m\libgcc.a
LOAD c:/program files (x86)/cypress/psoc creator/3.1/psoc creator/import/gnu_cs/arm/4.8.4/bin/../lib/gcc/arm-none-eabi/4.8.4/../../../../arm-none-eabi/lib/armv6-m\libg_s.a
LOAD c:/program files (x86)/cypress/psoc creator/3.1/psoc creator/import/gnu_cs/arm/4.8.4/bin/../lib/gcc/arm-none-eabi/4.8.4/../../../../arm-none-eabi/lib/armv6-m\libc_s.a
END GROUP
START GROUP
LOAD c:/program files (x86)/cypress/psoc creator/3.1/psoc creator/import/gnu_cs/arm/4.8.4/bin/../lib/gcc/arm-none-eabi/4.8.4/armv6-m\libgcc.a
LOAD c:/program files (x86)/cypress/psoc creator/3.1/psoc creator/import/gnu_cs/arm/4.8.4/bin/../lib/gcc/arm-none-eabi/4.8.4/../../../../arm-none-eabi/lib/armv6-m\libc_s.a
END GROUP
LOAD c:/program files (x86)/cypress/psoc creator/3.1/psoc creator/import/gnu_cs/arm/4.8.4/bin/../lib/gcc/arm-none-eabi/4.8.4/armv6-m/crtend.o
LOAD c:/program files (x86)/cypress/psoc creator/3.1/psoc creator/import/gnu_cs/arm/4.8.4/bin/../lib/gcc/arm-none-eabi/4.8.4/armv6-m/crtn.o
START GROUP
LOAD c:/program files (x86)/cypress/psoc creator/3.1/psoc creator/import/gnu_cs/arm/4.8.4/bin/../lib/gcc/arm-none-eabi/4.8.4/armv6-m\libgcc.a
LOAD c:/program files (x86)/cypress/psoc creator/3.1/psoc creator/import/gnu_cs/arm/4.8.4/bin/../lib/gcc/arm-none-eabi/4.8.4/../../../../arm-none-eabi/lib/armv6-m\libc.a
LOAD c:/program files (x86)/cypress/psoc creator/3.1/psoc creator/import/gnu_cs/arm/4.8.4/bin/../lib/gcc/arm-none-eabi/4.8.4/../../../../arm-none-eabi/lib/armv6-m\libnosys.a
END GROUP
                0x00000000                CY_APPL_ORIGIN = 0x0
                0x00000080                CY_FLASH_ROW_SIZE = 0x80
                0x00000001                CY_APPL_NUM = 0x1
                0x00000040                CY_METADATA_SIZE = 0x40
                0x20000130                PROVIDE (__cy_heap_start, _end)
                0x00000001                PROVIDE (__cy_region_num, ((__cy_regions_end - __cy_regions) / 0x10))
                0x20001000                PROVIDE (__cy_stack, (ORIGIN (ram) + 0x1000))
                0x20000c00                PROVIDE (__cy_heap_end, (__cy_stack - 0x400))

.cybootloader   0x00000000        0x0
 *(.cybootloader)
                0x00000000                appl1_start = CY_APPL_ORIGIN?CY_APPL_ORIGIN:ALIGN (CY_FLASH_ROW_SIZE)
                0x00003f80                appl2_start = (appl1_start + ALIGN ((((0x8000 - appl1_start) - (0x2 * CY_FLASH_ROW_SIZE)) / 0x2), CY_FLASH_ROW_SIZE))
                0x00000000                appl_start = (CY_APPL_NUM == 0x1)?appl1_start:appl2_start

.text           0x00000000     0x22bc
 CREATE_OBJECT_SYMBOLS
                0x00000000                PROVIDE (__cy_interrupt_vector, RomVectors)
 *(.romvectors)
 .romvectors    0x00000000       0x10 .\CortexM0\ARM_GCC_484\Debug\Cm0Start.o
                0x00000000                RomVectors
                0x00000001                ASSERT ((. != __cy_interrupt_vector), No interrupt vector)
                0x00000001                ASSERT (CY_APPL_ORIGIN?(SIZEOF (.cybootloader) <= CY_APPL_ORIGIN):0x1, Wrong image location)
                0x00000010                PROVIDE (__cy_reset, Reset)
 *(.text.Reset)
 .text.Reset    0x00000010        0x8 .\CortexM0\ARM_GCC_484\Debug\Cm0Start.o
                0x00000010                Reset
                0x00000001                ASSERT ((. != __cy_reset), No reset code)
 *(.psocinit)
 .psocinit      0x00000018      0x358 .\CortexM0\ARM_GCC_484\Debug\CRT_timer.a(cyfitter_cfg.o)
                0x0000016c                cyfitter_cfg
                0x00000370                . = MAX (., 0x100)
 *(.text .text.* .gnu.linkonce.t.*)
 .text          0x00000370       0x60 c:/program files (x86)/cypress/psoc creator/3.1/psoc creator/import/gnu_cs/arm/4.8.4/bin/../lib/gcc/arm-none-eabi/4.8.4/armv6-m/crtbegin.o
 .text.sw_int_ISR
                0x000003d0       0x38 .\CortexM0\ARM_GCC_484\Debug\main.o
                0x000003d0                sw_int_ISR
 .text.main     0x00000408       0xd4 .\CortexM0\ARM_GCC_484\Debug\main.o
                0x00000408                main
 *fill*         0x000004dc        0x4 
 .text.print_measurement
                0x000004e0      0x2a8 .\CortexM0\ARM_GCC_484\Debug\main.o
                0x000004e0                print_measurement
 .text.updateMenu
                0x00000788       0xf0 .\CortexM0\ARM_GCC_484\Debug\menus.o
                0x00000788                updateMenu
 .text.drawMenu
                0x00000878      0x138 .\CortexM0\ARM_GCC_484\Debug\menus.o
                0x00000878                drawMenu
 .text.clearLine
                0x000009b0       0x38 .\CortexM0\ARM_GCC_484\Debug\menus.o
                0x000009b0                clearLine
 .text.getButton
                0x000009e8       0xa0 .\CortexM0\ARM_GCC_484\Debug\keypad.o
                0x000009e8                getButton
 .text.IntDefaultHandler
                0x00000a88        0x8 .\CortexM0\ARM_GCC_484\Debug\Cm0Start.o
                0x00000a88                IntDefaultHandler
 .text.Start_c  0x00000a90       0x98 .\CortexM0\ARM_GCC_484\Debug\Cm0Start.o
                0x00000a90                Start_c
 .text.initialize_psoc
                0x00000b28       0x64 .\CortexM0\ARM_GCC_484\Debug\Cm0Start.o
                0x00000b28                initialize_psoc
 .text.CYMEMZERO
                0x00000b8c       0x20 .\CortexM0\ARM_GCC_484\Debug\CRT_timer.a(cyfitter_cfg.o)
 .text.cfg_write_bytes32
                0x00000bac       0x80 .\CortexM0\ARM_GCC_484\Debug\CRT_timer.a(cyfitter_cfg.o)
 .text.AnalogSetDefault
                0x00000c2c       0x40 .\CortexM0\ARM_GCC_484\Debug\CRT_timer.a(cyfitter_cfg.o)
 .text.SetAnalogRoutingPumps
                0x00000c6c       0x40 .\CortexM0\ARM_GCC_484\Debug\CRT_timer.a(cyfitter_cfg.o)
                0x00000c6c                SetAnalogRoutingPumps
 .text.Timer_1_Init
                0x00000cac       0x54 .\CortexM0\ARM_GCC_484\Debug\CRT_timer.a(Timer_1.o)
                0x00000cac                Timer_1_Init
 .text.Timer_1_Enable
                0x00000d00        0x8 .\CortexM0\ARM_GCC_484\Debug\CRT_timer.a(Timer_1.o)
                0x00000d00                Timer_1_Enable
 .text.Timer_1_Start
                0x00000d08       0x24 .\CortexM0\ARM_GCC_484\Debug\CRT_timer.a(Timer_1.o)
                0x00000d08                Timer_1_Start
 .text.Timer_1_Stop
                0x00000d2c        0x8 .\CortexM0\ARM_GCC_484\Debug\CRT_timer.a(Timer_1.o)
                0x00000d2c                Timer_1_Stop
 .text.Timer_1_SetInterruptMode
                0x00000d34       0x20 .\CortexM0\ARM_GCC_484\Debug\CRT_timer.a(Timer_1.o)
                0x00000d34                Timer_1_SetInterruptMode
 .text.Timer_1_ReadStatusRegister
                0x00000d54       0x14 .\CortexM0\ARM_GCC_484\Debug\CRT_timer.a(Timer_1.o)
                0x00000d54                Timer_1_ReadStatusRegister
 .text.Timer_1_WritePeriod
                0x00000d68       0x18 .\CortexM0\ARM_GCC_484\Debug\CRT_timer.a(Timer_1.o)
                0x00000d68                Timer_1_WritePeriod
 .text.Timer_1_ReadCapture
                0x00000d80       0x14 .\CortexM0\ARM_GCC_484\Debug\CRT_timer.a(Timer_1.o)
                0x00000d80                Timer_1_ReadCapture
 .text.Timer_1_WriteCounter
                0x00000d94       0x18 .\CortexM0\ARM_GCC_484\Debug\CRT_timer.a(Timer_1.o)
                0x00000d94                Timer_1_WriteCounter
 .text.Timer_1_ReadCounter
                0x00000dac       0x1c .\CortexM0\ARM_GCC_484\Debug\CRT_timer.a(Timer_1.o)
                0x00000dac                Timer_1_ReadCounter
 .text.Timer_1_ClearFIFO
                0x00000dc8       0x1c .\CortexM0\ARM_GCC_484\Debug\CRT_timer.a(Timer_1.o)
                0x00000dc8                Timer_1_ClearFIFO
 .text.sw_int_StartEx
                0x00000de4       0x24 .\CortexM0\ARM_GCC_484\Debug\CRT_timer.a(sw_int.o)
                0x00000de4                sw_int_StartEx
 .text.sw_int_SetVector
                0x00000e08       0x18 .\CortexM0\ARM_GCC_484\Debug\CRT_timer.a(sw_int.o)
                0x00000e08                sw_int_SetVector
 .text.sw_int_SetPriority
                0x00000e20       0x50 .\CortexM0\ARM_GCC_484\Debug\CRT_timer.a(sw_int.o)
                0x00000e20                sw_int_SetPriority
 .text.sw_int_Enable
                0x00000e70       0x14 .\CortexM0\ARM_GCC_484\Debug\CRT_timer.a(sw_int.o)
                0x00000e70                sw_int_Enable
 .text.sw_int_Disable
                0x00000e84       0x14 .\CortexM0\ARM_GCC_484\Debug\CRT_timer.a(sw_int.o)
                0x00000e84                sw_int_Disable
 .text          0x00000e98       0x28 .\CortexM0\ARM_GCC_484\Debug\CRT_timer.a(CyBootAsmGnu.o)
                0x00000e98                CyDelayCycles
                0x00000eac                CyEnterCriticalSection
                0x00000eb4                CyExitCriticalSection
 .text.CyIntSetVector
                0x00000ec0       0x4c .\CortexM0\ARM_GCC_484\Debug\CRT_timer.a(CyLib.o)
                0x00000ec0                CyIntSetVector
 .text.CyIntSetPriority
                0x00000f0c       0xa8 .\CortexM0\ARM_GCC_484\Debug\CRT_timer.a(CyLib.o)
                0x00000f0c                CyIntSetPriority
 .text.CyHalt   0x00000fb4       0x14 .\CortexM0\ARM_GCC_484\Debug\CRT_timer.a(CyLib.o)
                0x00000fb4                CyHalt
 .text.CyDelay  0x00000fc8       0x48 .\CortexM0\ARM_GCC_484\Debug\CRT_timer.a(CyLib.o)
                0x00000fc8                CyDelay
 .text.CyDelayUs
                0x00001010       0x28 .\CortexM0\ARM_GCC_484\Debug\CRT_timer.a(CyLib.o)
                0x00001010                CyDelayUs
 .text.LCD_Init
                0x00001038       0x7c .\CortexM0\ARM_GCC_484\Debug\CRT_timer.a(LCD.o)
                0x00001038                LCD_Init
 .text.LCD_Enable
                0x000010b4       0x18 .\CortexM0\ARM_GCC_484\Debug\CRT_timer.a(LCD.o)
                0x000010b4                LCD_Enable
 .text.LCD_Start
                0x000010cc       0x24 .\CortexM0\ARM_GCC_484\Debug\CRT_timer.a(LCD.o)
                0x000010cc                LCD_Start
 .text.LCD_Position
                0x000010f0       0x74 .\CortexM0\ARM_GCC_484\Debug\CRT_timer.a(LCD.o)
                0x000010f0                LCD_Position
 .text.LCD_PrintString
                0x00001164       0x58 .\CortexM0\ARM_GCC_484\Debug\CRT_timer.a(LCD.o)
                0x00001164                LCD_PrintString
 .text.LCD_PutChar
                0x000011bc       0x1c .\CortexM0\ARM_GCC_484\Debug\CRT_timer.a(LCD.o)
                0x000011bc                LCD_PutChar
 .text.LCD_WriteData
                0x000011d8       0x50 .\CortexM0\ARM_GCC_484\Debug\CRT_timer.a(LCD.o)
                0x000011d8                LCD_WriteData
 .text.LCD_WriteControl
                0x00001228       0x58 .\CortexM0\ARM_GCC_484\Debug\CRT_timer.a(LCD.o)
                0x00001228                LCD_WriteControl
 .text.LCD_IsReady
                0x00001280       0x10 .\CortexM0\ARM_GCC_484\Debug\CRT_timer.a(LCD.o)
                0x00001280                LCD_IsReady
 .text.LCD_WrDatNib
                0x00001290       0x74 .\CortexM0\ARM_GCC_484\Debug\CRT_timer.a(LCD.o)
 .text.LCD_WrCntrlNib
                0x00001304       0x64 .\CortexM0\ARM_GCC_484\Debug\CRT_timer.a(LCD.o)
 .text.LCD_PrintNumber
                0x00001368       0xfc .\CortexM0\ARM_GCC_484\Debug\CRT_timer.a(LCD.o)
                0x00001368                LCD_PrintNumber
 .text.LCD_LoadCustomFonts
                0x00001464       0x58 .\CortexM0\ARM_GCC_484\Debug\CRT_timer.a(LCD_CustChars.o)
                0x00001464                LCD_LoadCustomFonts
 .text.ADC_Start
                0x000014bc       0x24 .\CortexM0\ARM_GCC_484\Debug\CRT_timer.a(ADC.o)
                0x000014bc                ADC_Start
 .text.ADC_Init
                0x000014e0      0x200 .\CortexM0\ARM_GCC_484\Debug\CRT_timer.a(ADC.o)
                0x000014e0                ADC_Init
 .text.ADC_Enable
                0x000016e0       0x28 .\CortexM0\ARM_GCC_484\Debug\CRT_timer.a(ADC.o)
                0x000016e0                ADC_Enable
 .text.ADC_StartConvert
                0x00001708       0x1c .\CortexM0\ARM_GCC_484\Debug\CRT_timer.a(ADC.o)
                0x00001708                ADC_StartConvert
 .text.ADC_GetResult16
                0x00001724       0x44 .\CortexM0\ARM_GCC_484\Debug\CRT_timer.a(ADC.o)
                0x00001724                ADC_GetResult16
 .text.ADC_ISR  0x00001768       0x1c .\CortexM0\ARM_GCC_484\Debug\CRT_timer.a(ADC_INT.o)
                0x00001768                ADC_ISR
 .text.B_press_Write
                0x00001784       0x4c .\CortexM0\ARM_GCC_484\Debug\CRT_timer.a(B_press.o)
                0x00001784                B_press_Write
 .text.Opamp_Init
                0x000017d0       0x34 .\CortexM0\ARM_GCC_484\Debug\CRT_timer.a(Opamp.o)
                0x000017d0                Opamp_Init
 .text.Opamp_Enable
                0x00001804       0x24 .\CortexM0\ARM_GCC_484\Debug\CRT_timer.a(Opamp.o)
                0x00001804                Opamp_Enable
 .text.Opamp_Start
                0x00001828       0x24 .\CortexM0\ARM_GCC_484\Debug\CRT_timer.a(Opamp.o)
                0x00001828                Opamp_Start
 .text.Test_pin_Write
                0x0000184c       0x4c .\CortexM0\ARM_GCC_484\Debug\CRT_timer.a(Test_pin.o)
                0x0000184c                Test_pin_Write
 .text          0x00001898       0x9c c:/program files (x86)/cypress/psoc creator/3.1/psoc creator/import/gnu_cs/arm/4.8.4/bin/../lib/gcc/arm-none-eabi/4.8.4/armv6-m\libgcc.a(_udivsi3.o)
                0x00001898                __aeabi_uidiv
                0x00001898                __udivsi3
                0x00001920                __aeabi_uidivmod
 .text          0x00001934       0xc0 c:/program files (x86)/cypress/psoc creator/3.1/psoc creator/import/gnu_cs/arm/4.8.4/bin/../lib/gcc/arm-none-eabi/4.8.4/armv6-m\libgcc.a(_divsi3.o)
                0x00001934                __divsi3
                0x00001934                __aeabi_idiv
                0x000019e0                __aeabi_idivmod
 .text          0x000019f4        0x4 c:/program files (x86)/cypress/psoc creator/3.1/psoc creator/import/gnu_cs/arm/4.8.4/bin/../lib/gcc/arm-none-eabi/4.8.4/armv6-m\libgcc.a(_dvmd_tls.o)
                0x000019f4                __aeabi_idiv0
                0x000019f4                __aeabi_ldiv0
 .text          0x000019f8       0x40 c:/program files (x86)/cypress/psoc creator/3.1/psoc creator/import/gnu_cs/arm/4.8.4/bin/../lib/gcc/arm-none-eabi/4.8.4/armv6-m\libgcc.a(_aeabi_uldivmod.o)
                0x000019f8                __aeabi_uldivmod
 .text          0x00001a38       0x44 c:/program files (x86)/cypress/psoc creator/3.1/psoc creator/import/gnu_cs/arm/4.8.4/bin/../lib/gcc/arm-none-eabi/4.8.4/armv6-m\libgcc.a(_muldi3.o)
                0x00001a38                __muldi3
                0x00001a38                __aeabi_lmul
 .text          0x00001a7c       0x6c c:/program files (x86)/cypress/psoc creator/3.1/psoc creator/import/gnu_cs/arm/4.8.4/bin/../lib/gcc/arm-none-eabi/4.8.4/armv6-m\libgcc.a(bpabi.o)
                0x00001a7c                __gnu_ldivmod_helper
                0x00001ab4                __gnu_uldivmod_helper
 .text          0x00001ae8       0x3c c:/program files (x86)/cypress/psoc creator/3.1/psoc creator/import/gnu_cs/arm/4.8.4/bin/../lib/gcc/arm-none-eabi/4.8.4/armv6-m\libgcc.a(_clzsi2.o)
                0x00001ae8                __clzsi2
 .text          0x00001b24      0x3b8 c:/program files (x86)/cypress/psoc creator/3.1/psoc creator/import/gnu_cs/arm/4.8.4/bin/../lib/gcc/arm-none-eabi/4.8.4/armv6-m\libgcc.a(_divdi3.o)
                0x00001b24                __divdi3
 .text          0x00001edc      0x384 c:/program files (x86)/cypress/psoc creator/3.1/psoc creator/import/gnu_cs/arm/4.8.4/bin/../lib/gcc/arm-none-eabi/4.8.4/armv6-m\libgcc.a(_udivdi3.o)
                0x00001edc                __udivdi3
 .text.__libc_init_array
                0x00002260       0x4c c:/program files (x86)/cypress/psoc creator/3.1/psoc creator/import/gnu_cs/arm/4.8.4/bin/../lib/gcc/arm-none-eabi/4.8.4/../../../../arm-none-eabi/lib/armv6-m\libg_s.a(lib_a-init.o)
                0x00002260                __libc_init_array
 .text.memset   0x000022ac       0x10 c:/program files (x86)/cypress/psoc creator/3.1/psoc creator/import/gnu_cs/arm/4.8.4/bin/../lib/gcc/arm-none-eabi/4.8.4/../../../../arm-none-eabi/lib/armv6-m\libg_s.a(lib_a-memset.o)
                0x000022ac                memset
 *(.plt)
 *(.gnu.warning)
 *(.glue_7t)
 .glue_7t       0x00000000        0x0 linker stubs
 *(.glue_7)
 .glue_7        0x00000000        0x0 linker stubs
 *(.vfp11_veneer)
 .vfp11_veneer  0x00000000        0x0 linker stubs
 *(.bootloader)
 *(.ARM.extab* .gnu.linkonce.armextab.*)
 *(.gcc_except_table)

.v4_bx          0x000022bc        0x0
 .v4_bx         0x00000000        0x0 linker stubs

.iplt           0x000022bc        0x0
 .iplt          0x00000000        0x0 c:/program files (x86)/cypress/psoc creator/3.1/psoc creator/import/gnu_cs/arm/4.8.4/bin/../lib/gcc/arm-none-eabi/4.8.4/armv6-m/crtbegin.o

.eh_frame_hdr
 *(.eh_frame_hdr)

.eh_frame       0x000022bc        0x4
 *(.eh_frame)
 .eh_frame      0x000022bc        0x0 c:/program files (x86)/cypress/psoc creator/3.1/psoc creator/import/gnu_cs/arm/4.8.4/bin/../lib/gcc/arm-none-eabi/4.8.4/armv6-m/crtbegin.o
 .eh_frame      0x000022bc        0x4 c:/program files (x86)/cypress/psoc creator/3.1/psoc creator/import/gnu_cs/arm/4.8.4/bin/../lib/gcc/arm-none-eabi/4.8.4/armv6-m/crtend.o
                0x000022c0                PROVIDE (__exidx_start, .)

.ARM.exidx      0x000022c0        0x8
 *(.ARM.exidx* .gnu.linkonce.armexidx.*)
 .ARM.exidx     0x000022c0        0x8 c:/program files (x86)/cypress/psoc creator/3.1/psoc creator/import/gnu_cs/arm/4.8.4/bin/../lib/gcc/arm-none-eabi/4.8.4/armv6-m\libgcc.a(_divdi3.o)
 .ARM.exidx     0x000022c8        0x0 c:/program files (x86)/cypress/psoc creator/3.1/psoc creator/import/gnu_cs/arm/4.8.4/bin/../lib/gcc/arm-none-eabi/4.8.4/armv6-m\libgcc.a(_udivdi3.o)
                                  0x8 (size before relaxing)
                0x000022c8                __exidx_end = .

.rodata         0x000022c8      0x2c8
 *(.rodata .rodata.* .gnu.linkonce.r.*)
 .rodata        0x000022c8       0x38 .\CortexM0\ARM_GCC_484\Debug\main.o
 .rodata        0x00002300       0x70 .\CortexM0\ARM_GCC_484\Debug\menus.o
 .rodata        0x00002370      0x1a0 .\CortexM0\ARM_GCC_484\Debug\CRT_timer.a(cyfitter_cfg.o)
 .rodata        0x00002510       0x40 .\CortexM0\ARM_GCC_484\Debug\CRT_timer.a(LCD_CustChars.o)
                0x00002510                LCD_customFonts
 .rodata        0x00002550        0xc .\CortexM0\ARM_GCC_484\Debug\CRT_timer.a(ADC.o)
                0x0000255c                . = ALIGN (0x4)
 *(.init)
 .init          0x0000255c        0x4 c:/program files (x86)/cypress/psoc creator/3.1/psoc creator/import/gnu_cs/arm/4.8.4/bin/../lib/gcc/arm-none-eabi/4.8.4/armv6-m/crti.o
                0x0000255c                _init
 .init          0x00002560        0x8 c:/program files (x86)/cypress/psoc creator/3.1/psoc creator/import/gnu_cs/arm/4.8.4/bin/../lib/gcc/arm-none-eabi/4.8.4/armv6-m/crtn.o
                0x00002568                . = ALIGN (0x4)
                0x00002568                __preinit_array_start = .
 *(.preinit_array)
                0x00002568                __preinit_array_end = .
                0x00002568                . = ALIGN (0x4)
                0x00002568                __init_array_start = .
 *(SORT(.init_array.*))
 *(.init_array)
 .init_array    0x00002568        0x4 c:/program files (x86)/cypress/psoc creator/3.1/psoc creator/import/gnu_cs/arm/4.8.4/bin/../lib/gcc/arm-none-eabi/4.8.4/armv6-m/crtbegin.o
 .init_array    0x0000256c        0x4 .\CortexM0\ARM_GCC_484\Debug\Cm0Start.o
                0x00002570                __init_array_end = .
                0x00002570                . = ALIGN (0x4)
 *(.fini)
 .fini          0x00002570        0x4 c:/program files (x86)/cypress/psoc creator/3.1/psoc creator/import/gnu_cs/arm/4.8.4/bin/../lib/gcc/arm-none-eabi/4.8.4/armv6-m/crti.o
                0x00002570                _fini
 .fini          0x00002574        0x8 c:/program files (x86)/cypress/psoc creator/3.1/psoc creator/import/gnu_cs/arm/4.8.4/bin/../lib/gcc/arm-none-eabi/4.8.4/armv6-m/crtn.o
                0x0000257c                . = ALIGN (0x4)
                0x0000257c                __fini_array_start = .
 *(.fini_array)
 .fini_array    0x0000257c        0x4 c:/program files (x86)/cypress/psoc creator/3.1/psoc creator/import/gnu_cs/arm/4.8.4/bin/../lib/gcc/arm-none-eabi/4.8.4/armv6-m/crtbegin.o
 *(SORT(.fini_array.*))
                0x00002580                __fini_array_end = .
                0x00002580                . = ALIGN (0x4)
 *crtbegin.o(.ctors)
 *(EXCLUDE_FILE(*crtend.o) .ctors)
 *(SORT(.ctors.*))
 *crtend.o(.ctors)
                0x00002580                . = ALIGN (0x4)
 *crtbegin.o(.dtors)
 *(EXCLUDE_FILE(*crtend.o) .dtors)
 *(SORT(.dtors.*))
 *crtend.o(.dtors)
                0x00002580                . = ALIGN (0x4)
                0x00002580                __cy_regions = .
                0x00002580        0x4 LONG 0x2590 __cy_region_init_ram
                0x00002584        0x4 LONG 0x200000c8 __cy_region_start_data
                0x00002588        0x4 LONG 0x20 __cy_region_init_size_ram
                0x0000258c        0x4 LONG 0x48 __cy_region_zero_size_ram
                0x00002590                __cy_regions_end = .
                0x00002590                . = ALIGN (0x8)
                0x00002590                _etext = .

.ramvectors     0x20000000       0xc0
                0x20000000                __cy_region_start_ram = .
 *(.ramvectors)
 .ramvectors    0x20000000       0xc0 .\CortexM0\ARM_GCC_484\Debug\Cm0Start.o
                0x20000000                CyRamVectors

.noinit         0x200000c0        0x4
 *(.noinit)
 .noinit        0x200000c0        0x4 .\CortexM0\ARM_GCC_484\Debug\Cm0Start.o

.data           0x200000c8       0x20 load address 0x00002590
                0x200000c8                __cy_region_start_data = .
 *(.jcr)
 .jcr           0x200000c8        0x0 c:/program files (x86)/cypress/psoc creator/3.1/psoc creator/import/gnu_cs/arm/4.8.4/bin/../lib/gcc/arm-none-eabi/4.8.4/armv6-m/crtbegin.o
 .jcr           0x200000c8        0x4 c:/program files (x86)/cypress/psoc creator/3.1/psoc creator/import/gnu_cs/arm/4.8.4/bin/../lib/gcc/arm-none-eabi/4.8.4/armv6-m/crtend.o
 *(.got.plt)
 *(.got)
 *(.shdata)
 *(.data .data.* .gnu.linkonce.d.*)
 .data          0x200000cc        0x2 .\CortexM0\ARM_GCC_484\Debug\menus.o
 *fill*         0x200000ce        0x2 
 .data          0x200000d0        0x4 .\CortexM0\ARM_GCC_484\Debug\CRT_timer.a(cyfitter_cfg.o)
 .data          0x200000d4       0x10 .\CortexM0\ARM_GCC_484\Debug\CRT_timer.a(CyLib.o)
                0x200000d4                cydelayFreqHz
                0x200000d8                cydelayFreqKhz
                0x200000dc                cydelayFreqMhz
                0x200000e0                cydelay32kMs
                0x200000e8                . = ALIGN (0x8)
 *fill*         0x200000e4        0x4 
 *(.ram)
                0x200000e8                _edata = .

.igot.plt       0x200000e8        0x0 load address 0x000025b0
 .igot.plt      0x00000000        0x0 c:/program files (x86)/cypress/psoc creator/3.1/psoc creator/import/gnu_cs/arm/4.8.4/bin/../lib/gcc/arm-none-eabi/4.8.4/armv6-m/crtbegin.o

.bss            0x200000e8       0x48 load address 0x000025b0
                0x200000e8                PROVIDE (__bss_start__, .)
 *(.shbss)
 *(.bss .bss.* .gnu.linkonce.b.*)
 .bss           0x200000e8       0x1c c:/program files (x86)/cypress/psoc creator/3.1/psoc creator/import/gnu_cs/arm/4.8.4/bin/../lib/gcc/arm-none-eabi/4.8.4/armv6-m/crtbegin.o
 .bss           0x20000104        0x2 .\CortexM0\ARM_GCC_484\Debug\menus.o
                0x20000104                lightMax
 .bss           0x20000106        0x1 .\CortexM0\ARM_GCC_484\Debug\keypad.o
                0x20000106                btn_old
 .bss           0x20000107        0x1 .\CortexM0\ARM_GCC_484\Debug\CRT_timer.a(Timer_1.o)
                0x20000107                Timer_1_initVar
 .bss           0x20000108        0x2 .\CortexM0\ARM_GCC_484\Debug\CRT_timer.a(LCD.o)
                0x20000108                LCD_enableState
                0x20000109                LCD_initVar
 .bss           0x2000010a        0x1 .\CortexM0\ARM_GCC_484\Debug\CRT_timer.a(ADC.o)
                0x2000010a                ADC_initVar
 *fill*         0x2000010b        0x1 
 .bss           0x2000010c        0x8 .\CortexM0\ARM_GCC_484\Debug\CRT_timer.a(Opamp.o)
                0x2000010c                Opamp_initVar
 *(COMMON)
 COMMON         0x20000114        0xc .\CortexM0\ARM_GCC_484\Debug\main.o
                0x20000114                running
                0x20000118                time
                0x2000011c                V_new
                0x2000011e                target
 COMMON         0x20000120        0xc .\CortexM0\ARM_GCC_484\Debug\CRT_timer.a(ADC.o)
                0x20000120                ADC_countsPer10Volt
                0x20000128                ADC_offset
                0x20000130                . = ALIGN (0x8)
 *fill*         0x2000012c        0x4 
 *(.ram.b)
                0x20000130                _end = .
                0x20000130                __end = .
                0x20000130                PROVIDE (end, .)
                0x20000130                PROVIDE (__bss_end__, .)
                0x00002590                __cy_region_init_ram = LOADADDR (.data)
                0x00000020                __cy_region_init_size_ram = (_edata - ADDR (.data))
                0x00000048                __cy_region_zero_size_ram = (_end - _edata)

.heap           0x20000130       0x80 load address 0x000025b0
                0x20000130                . = _end
                0x200001b0                . = (. + 0x80)
 *fill*         0x20000130       0x80 
                0x200001b0                __cy_heap_limit = .

.stack          0x20000c00      0x400
                0x20000c00                __cy_stack_limit = .
                0x20001000                . = (. + 0x400)
 *fill*         0x20000c00      0x400 
                0x00000001                ASSERT ((__cy_stack_limit >= __cy_heap_limit), region RAM overflowed with stack)

.cyloadermeta
 *(.cyloadermeta)

.cyloadablemeta
 *(.cyloadablemeta)

.cyflashprotect
                0x90400000       0x20
 *(.cyflashprotect)
 .cyflashprotect
                0x90400000       0x20 .\CortexM0\ARM_GCC_484\Debug\cymetadata.o
                0x90400000                cy_meta_flashprotect

.cymeta         0x90500000        0xc
 *(.cymeta)
 .cymeta        0x90500000        0xc .\CortexM0\ARM_GCC_484\Debug\cymetadata.o
                0x90500000                cy_metadata

.cychipprotect  0x90600000        0x4
 *(.cychipprotect)
 .cychipprotect
                0x90600000        0x4 .\CortexM0\ARM_GCC_484\Debug\cymetadata.o
                0x90600000                cy_meta_chipprotect

.rel.dyn        0x000025b0        0x0 load address 0x90600004
 .rel.iplt      0x00000000        0x0 c:/program files (x86)/cypress/psoc creator/3.1/psoc creator/import/gnu_cs/arm/4.8.4/bin/../lib/gcc/arm-none-eabi/4.8.4/armv6-m/crtbegin.o

.stab
 *(.stab)

.stabstr
 *(.stabstr)

.debug
 *(.debug)

.line
 *(.line)

.debug_srcinfo
 *(.debug_srcinfo)

.debug_sfnames
 *(.debug_sfnames)

.debug_aranges  0x00000000      0x6d0
 *(.debug_aranges)
 .debug_aranges
                0x00000000       0x30 .\CortexM0\ARM_GCC_484\Debug\main.o
 .debug_aranges
                0x00000030       0x30 .\CortexM0\ARM_GCC_484\Debug\menus.o
 .debug_aranges
                0x00000060       0x20 .\CortexM0\ARM_GCC_484\Debug\keypad.o
 .debug_aranges
                0x00000080       0x18 .\CortexM0\ARM_GCC_484\Debug\cymetadata.o
 .debug_aranges
                0x00000098       0x48 .\CortexM0\ARM_GCC_484\Debug\Cm0Start.o
 .debug_aranges
                0x000000e0       0x60 .\CortexM0\ARM_GCC_484\Debug\CRT_timer.a(cyfitter_cfg.o)
 .debug_aranges
                0x00000140       0x80 .\CortexM0\ARM_GCC_484\Debug\CRT_timer.a(Timer_1.o)
 .debug_aranges
                0x000001c0       0x80 .\CortexM0\ARM_GCC_484\Debug\CRT_timer.a(sw_int.o)
 .debug_aranges
                0x00000240       0x20 .\CortexM0\ARM_GCC_484\Debug\CRT_timer.a(CyBootAsmGnu.o)
 .debug_aranges
                0x00000260      0x230 .\CortexM0\ARM_GCC_484\Debug\CRT_timer.a(CyLib.o)
 .debug_aranges
                0x00000490       0x90 .\CortexM0\ARM_GCC_484\Debug\CRT_timer.a(LCD.o)
 .debug_aranges
                0x00000520       0x20 .\CortexM0\ARM_GCC_484\Debug\CRT_timer.a(LCD_CustChars.o)
 .debug_aranges
                0x00000540       0xa8 .\CortexM0\ARM_GCC_484\Debug\CRT_timer.a(ADC.o)
 .debug_aranges
                0x000005e8       0x20 .\CortexM0\ARM_GCC_484\Debug\CRT_timer.a(ADC_INT.o)
 .debug_aranges
                0x00000608       0x40 .\CortexM0\ARM_GCC_484\Debug\CRT_timer.a(B_press.o)
 .debug_aranges
                0x00000648       0x48 .\CortexM0\ARM_GCC_484\Debug\CRT_timer.a(Opamp.o)
 .debug_aranges
                0x00000690       0x40 .\CortexM0\ARM_GCC_484\Debug\CRT_timer.a(Test_pin.o)

.debug_pubnames
 *(.debug_pubnames)

.debug_info     0x00000000     0x2bf5
 *(.debug_info .gnu.linkonce.wi.*)
 .debug_info    0x00000000      0x155 .\CortexM0\ARM_GCC_484\Debug\main.o
 .debug_info    0x00000155      0x1e3 .\CortexM0\ARM_GCC_484\Debug\menus.o
 .debug_info    0x00000338      0x111 .\CortexM0\ARM_GCC_484\Debug\keypad.o
 .debug_info    0x00000449       0xfd .\CortexM0\ARM_GCC_484\Debug\cymetadata.o
 .debug_info    0x00000546      0x2ff .\CortexM0\ARM_GCC_484\Debug\Cm0Start.o
 .debug_info    0x00000845      0x488 .\CortexM0\ARM_GCC_484\Debug\CRT_timer.a(cyfitter_cfg.o)
 .debug_info    0x00000ccd      0x216 .\CortexM0\ARM_GCC_484\Debug\CRT_timer.a(Timer_1.o)
 .debug_info    0x00000ee3      0x241 .\CortexM0\ARM_GCC_484\Debug\CRT_timer.a(sw_int.o)
 .debug_info    0x00001124       0x96 .\CortexM0\ARM_GCC_484\Debug\CRT_timer.a(CyBootAsmGnu.o)
 .debug_info    0x000011ba      0xc5b .\CortexM0\ARM_GCC_484\Debug\CRT_timer.a(CyLib.o)
 .debug_info    0x00001e15      0x390 .\CortexM0\ARM_GCC_484\Debug\CRT_timer.a(LCD.o)
 .debug_info    0x000021a5       0xf6 .\CortexM0\ARM_GCC_484\Debug\CRT_timer.a(LCD_CustChars.o)
 .debug_info    0x0000229b      0x49a .\CortexM0\ARM_GCC_484\Debug\CRT_timer.a(ADC.o)
 .debug_info    0x00002735       0xc4 .\CortexM0\ARM_GCC_484\Debug\CRT_timer.a(ADC_INT.o)
 .debug_info    0x000027f9      0x14c .\CortexM0\ARM_GCC_484\Debug\CRT_timer.a(B_press.o)
 .debug_info    0x00002945      0x164 .\CortexM0\ARM_GCC_484\Debug\CRT_timer.a(Opamp.o)
 .debug_info    0x00002aa9      0x14c .\CortexM0\ARM_GCC_484\Debug\CRT_timer.a(Test_pin.o)

.debug_abbrev   0x00000000     0x10c0
 *(.debug_abbrev)
 .debug_abbrev  0x00000000       0xb7 .\CortexM0\ARM_GCC_484\Debug\main.o
 .debug_abbrev  0x000000b7       0xde .\CortexM0\ARM_GCC_484\Debug\menus.o
 .debug_abbrev  0x00000195       0xa1 .\CortexM0\ARM_GCC_484\Debug\keypad.o
 .debug_abbrev  0x00000236       0x5d .\CortexM0\ARM_GCC_484\Debug\cymetadata.o
 .debug_abbrev  0x00000293      0x1b4 .\CortexM0\ARM_GCC_484\Debug\Cm0Start.o
 .debug_abbrev  0x00000447      0x1b3 .\CortexM0\ARM_GCC_484\Debug\CRT_timer.a(cyfitter_cfg.o)
 .debug_abbrev  0x000005fa      0x128 .\CortexM0\ARM_GCC_484\Debug\CRT_timer.a(Timer_1.o)
 .debug_abbrev  0x00000722      0x168 .\CortexM0\ARM_GCC_484\Debug\CRT_timer.a(sw_int.o)
 .debug_abbrev  0x0000088a       0x14 .\CortexM0\ARM_GCC_484\Debug\CRT_timer.a(CyBootAsmGnu.o)
 .debug_abbrev  0x0000089e      0x207 .\CortexM0\ARM_GCC_484\Debug\CRT_timer.a(CyLib.o)
 .debug_abbrev  0x00000aa5      0x156 .\CortexM0\ARM_GCC_484\Debug\CRT_timer.a(LCD.o)
 .debug_abbrev  0x00000bfb       0xa2 .\CortexM0\ARM_GCC_484\Debug\CRT_timer.a(LCD_CustChars.o)
 .debug_abbrev  0x00000c9d      0x170 .\CortexM0\ARM_GCC_484\Debug\CRT_timer.a(ADC.o)
 .debug_abbrev  0x00000e0d       0x72 .\CortexM0\ARM_GCC_484\Debug\CRT_timer.a(ADC_INT.o)
 .debug_abbrev  0x00000e7f       0xb7 .\CortexM0\ARM_GCC_484\Debug\CRT_timer.a(B_press.o)
 .debug_abbrev  0x00000f36       0xd3 .\CortexM0\ARM_GCC_484\Debug\CRT_timer.a(Opamp.o)
 .debug_abbrev  0x00001009       0xb7 .\CortexM0\ARM_GCC_484\Debug\CRT_timer.a(Test_pin.o)

.debug_line     0x00000000     0x1711
 *(.debug_line)
 .debug_line    0x00000000       0xcc .\CortexM0\ARM_GCC_484\Debug\main.o
 .debug_line    0x000000cc       0xdd .\CortexM0\ARM_GCC_484\Debug\menus.o
 .debug_line    0x000001a9       0x85 .\CortexM0\ARM_GCC_484\Debug\keypad.o
 .debug_line    0x0000022e       0x53 .\CortexM0\ARM_GCC_484\Debug\cymetadata.o
 .debug_line    0x00000281      0x1bb .\CortexM0\ARM_GCC_484\Debug\Cm0Start.o
 .debug_line    0x0000043c      0x1dc .\CortexM0\ARM_GCC_484\Debug\CRT_timer.a(cyfitter_cfg.o)
 .debug_line    0x00000618      0x152 .\CortexM0\ARM_GCC_484\Debug\CRT_timer.a(Timer_1.o)
 .debug_line    0x0000076a      0x145 .\CortexM0\ARM_GCC_484\Debug\CRT_timer.a(sw_int.o)
 .debug_line    0x000008af       0x69 .\CortexM0\ARM_GCC_484\Debug\CRT_timer.a(CyBootAsmGnu.o)
 .debug_line    0x00000918      0x703 .\CortexM0\ARM_GCC_484\Debug\CRT_timer.a(CyLib.o)
 .debug_line    0x0000101b      0x1c2 .\CortexM0\ARM_GCC_484\Debug\CRT_timer.a(LCD.o)
 .debug_line    0x000011dd       0x7d .\CortexM0\ARM_GCC_484\Debug\CRT_timer.a(LCD_CustChars.o)
 .debug_line    0x0000125a      0x235 .\CortexM0\ARM_GCC_484\Debug\CRT_timer.a(ADC.o)
 .debug_line    0x0000148f       0x64 .\CortexM0\ARM_GCC_484\Debug\CRT_timer.a(ADC_INT.o)
 .debug_line    0x000014f3       0xad .\CortexM0\ARM_GCC_484\Debug\CRT_timer.a(B_press.o)
 .debug_line    0x000015a0       0xc3 .\CortexM0\ARM_GCC_484\Debug\CRT_timer.a(Opamp.o)
 .debug_line    0x00001663       0xae .\CortexM0\ARM_GCC_484\Debug\CRT_timer.a(Test_pin.o)

.debug_frame    0x00000000     0x1798
 *(.debug_frame)
 .debug_frame   0x00000000       0x70 .\CortexM0\ARM_GCC_484\Debug\main.o
 .debug_frame   0x00000070       0x78 .\CortexM0\ARM_GCC_484\Debug\menus.o
 .debug_frame   0x000000e8       0x30 .\CortexM0\ARM_GCC_484\Debug\keypad.o
 .debug_frame   0x00000118       0xc8 .\CortexM0\ARM_GCC_484\Debug\Cm0Start.o
 .debug_frame   0x000001e0      0x128 .\CortexM0\ARM_GCC_484\Debug\CRT_timer.a(cyfitter_cfg.o)
 .debug_frame   0x00000308      0x190 .\CortexM0\ARM_GCC_484\Debug\CRT_timer.a(Timer_1.o)
 .debug_frame   0x00000498      0x190 .\CortexM0\ARM_GCC_484\Debug\CRT_timer.a(sw_int.o)
 .debug_frame   0x00000628      0x83c .\CortexM0\ARM_GCC_484\Debug\CRT_timer.a(CyLib.o)
 .debug_frame   0x00000e64      0x1e0 .\CortexM0\ARM_GCC_484\Debug\CRT_timer.a(LCD.o)
 .debug_frame   0x00001044       0x30 .\CortexM0\ARM_GCC_484\Debug\CRT_timer.a(LCD_CustChars.o)
 .debug_frame   0x00001074      0x24c .\CortexM0\ARM_GCC_484\Debug\CRT_timer.a(ADC.o)
 .debug_frame   0x000012c0       0x30 .\CortexM0\ARM_GCC_484\Debug\CRT_timer.a(ADC_INT.o)
 .debug_frame   0x000012f0       0xa8 .\CortexM0\ARM_GCC_484\Debug\CRT_timer.a(B_press.o)
 .debug_frame   0x00001398       0xc0 .\CortexM0\ARM_GCC_484\Debug\CRT_timer.a(Opamp.o)
 .debug_frame   0x00001458       0xa8 .\CortexM0\ARM_GCC_484\Debug\CRT_timer.a(Test_pin.o)
 .debug_frame   0x00001500       0x20 c:/program files (x86)/cypress/psoc creator/3.1/psoc creator/import/gnu_cs/arm/4.8.4/bin/../lib/gcc/arm-none-eabi/4.8.4/armv6-m\libgcc.a(_udivsi3.o)
 .debug_frame   0x00001520       0x20 c:/program files (x86)/cypress/psoc creator/3.1/psoc creator/import/gnu_cs/arm/4.8.4/bin/../lib/gcc/arm-none-eabi/4.8.4/armv6-m\libgcc.a(_divsi3.o)
 .debug_frame   0x00001540       0x30 c:/program files (x86)/cypress/psoc creator/3.1/psoc creator/import/gnu_cs/arm/4.8.4/bin/../lib/gcc/arm-none-eabi/4.8.4/armv6-m\libgcc.a(_muldi3.o)
 .debug_frame   0x00001570       0x50 c:/program files (x86)/cypress/psoc creator/3.1/psoc creator/import/gnu_cs/arm/4.8.4/bin/../lib/gcc/arm-none-eabi/4.8.4/armv6-m\libgcc.a(bpabi.o)
 .debug_frame   0x000015c0       0x3c c:/program files (x86)/cypress/psoc creator/3.1/psoc creator/import/gnu_cs/arm/4.8.4/bin/../lib/gcc/arm-none-eabi/4.8.4/armv6-m\libgcc.a(divsf3.o)
 .debug_frame   0x000015fc       0x3c c:/program files (x86)/cypress/psoc creator/3.1/psoc creator/import/gnu_cs/arm/4.8.4/bin/../lib/gcc/arm-none-eabi/4.8.4/armv6-m\libgcc.a(mulsf3.o)
 .debug_frame   0x00001638       0x2c c:/program files (x86)/cypress/psoc creator/3.1/psoc creator/import/gnu_cs/arm/4.8.4/bin/../lib/gcc/arm-none-eabi/4.8.4/armv6-m\libgcc.a(floatsisf.o)
 .debug_frame   0x00001664       0x3c c:/program files (x86)/cypress/psoc creator/3.1/psoc creator/import/gnu_cs/arm/4.8.4/bin/../lib/gcc/arm-none-eabi/4.8.4/armv6-m\libgcc.a(_divdi3.o)
 .debug_frame   0x000016a0       0x3c c:/program files (x86)/cypress/psoc creator/3.1/psoc creator/import/gnu_cs/arm/4.8.4/bin/../lib/gcc/arm-none-eabi/4.8.4/armv6-m\libgcc.a(_udivdi3.o)
 .debug_frame   0x000016dc       0x20 c:/program files (x86)/cypress/psoc creator/3.1/psoc creator/import/gnu_cs/arm/4.8.4/bin/../lib/gcc/arm-none-eabi/4.8.4/../../../../arm-none-eabi/lib/armv6-m\libg_s.a(lib_a-errno.o)
 .debug_frame   0x000016fc       0x28 c:/program files (x86)/cypress/psoc creator/3.1/psoc creator/import/gnu_cs/arm/4.8.4/bin/../lib/gcc/arm-none-eabi/4.8.4/../../../../arm-none-eabi/lib/armv6-m\libg_s.a(lib_a-exit.o)
 .debug_frame   0x00001724       0x2c c:/program files (x86)/cypress/psoc creator/3.1/psoc creator/import/gnu_cs/arm/4.8.4/bin/../lib/gcc/arm-none-eabi/4.8.4/../../../../arm-none-eabi/lib/armv6-m\libg_s.a(lib_a-init.o)
 .debug_frame   0x00001750       0x28 c:/program files (x86)/cypress/psoc creator/3.1/psoc creator/import/gnu_cs/arm/4.8.4/bin/../lib/gcc/arm-none-eabi/4.8.4/../../../../arm-none-eabi/lib/armv6-m\libg_s.a(lib_a-memcpy-stub.o)
 .debug_frame   0x00001778       0x20 c:/program files (x86)/cypress/psoc creator/3.1/psoc creator/import/gnu_cs/arm/4.8.4/bin/../lib/gcc/arm-none-eabi/4.8.4/../../../../arm-none-eabi/lib/armv6-m\libg_s.a(lib_a-memset.o)

.debug_str      0x00000000     0x1485
 *(.debug_str)
 .debug_str     0x00000000      0x190 .\CortexM0\ARM_GCC_484\Debug\main.o
                                0x1c9 (size before relaxing)
 .debug_str     0x00000190       0xa2 .\CortexM0\ARM_GCC_484\Debug\menus.o
                                0x222 (size before relaxing)
 .debug_str     0x00000232       0x1d .\CortexM0\ARM_GCC_484\Debug\keypad.o
                                0x1b6 (size before relaxing)
 .debug_str     0x0000024f       0x5b .\CortexM0\ARM_GCC_484\Debug\cymetadata.o
                                0x1c2 (size before relaxing)
 .debug_str     0x000002aa      0x12e .\CortexM0\ARM_GCC_484\Debug\Cm0Start.o
                                0x2b0 (size before relaxing)
 .debug_str     0x000003d8      0x1bf .\CortexM0\ARM_GCC_484\Debug\CRT_timer.a(cyfitter_cfg.o)
                                0x377 (size before relaxing)
 .debug_str     0x00000597      0x160 .\CortexM0\ARM_GCC_484\Debug\CRT_timer.a(Timer_1.o)
                                0x2d9 (size before relaxing)
 .debug_str     0x000006f7      0x10e .\CortexM0\ARM_GCC_484\Debug\CRT_timer.a(sw_int.o)
                                0x2b3 (size before relaxing)
 .debug_str     0x00000805      0x701 .\CortexM0\ARM_GCC_484\Debug\CRT_timer.a(CyLib.o)
                                0x8c9 (size before relaxing)
 .debug_str     0x00000f06      0x16b .\CortexM0\ARM_GCC_484\Debug\CRT_timer.a(LCD.o)
                                0x2f0 (size before relaxing)
 .debug_str     0x00001071       0x48 .\CortexM0\ARM_GCC_484\Debug\CRT_timer.a(LCD_CustChars.o)
                                0x1c7 (size before relaxing)
 .debug_str     0x000010b9      0x1e1 .\CortexM0\ARM_GCC_484\Debug\CRT_timer.a(ADC.o)
                                0x38f (size before relaxing)
 .debug_str     0x0000129a       0x37 .\CortexM0\ARM_GCC_484\Debug\CRT_timer.a(ADC_INT.o)
                                0x1a5 (size before relaxing)
 .debug_str     0x000012d1       0x91 .\CortexM0\ARM_GCC_484\Debug\CRT_timer.a(B_press.o)
                                0x207 (size before relaxing)
 .debug_str     0x00001362       0x9f .\CortexM0\ARM_GCC_484\Debug\CRT_timer.a(Opamp.o)
                                0x20a (size before relaxing)
 .debug_str     0x00001401       0x84 .\CortexM0\ARM_GCC_484\Debug\CRT_timer.a(Test_pin.o)
                                0x20d (size before relaxing)

.debug_loc
 *(.debug_loc)

.debug_macinfo
 *(.debug_macinfo)

.debug_ranges   0x00000000      0x5a8
 *(.debug_ranges)
 .debug_ranges  0x00000000       0x20 .\CortexM0\ARM_GCC_484\Debug\main.o
 .debug_ranges  0x00000020       0x20 .\CortexM0\ARM_GCC_484\Debug\menus.o
 .debug_ranges  0x00000040       0x10 .\CortexM0\ARM_GCC_484\Debug\keypad.o
 .debug_ranges  0x00000050       0x38 .\CortexM0\ARM_GCC_484\Debug\Cm0Start.o
 .debug_ranges  0x00000088       0x50 .\CortexM0\ARM_GCC_484\Debug\CRT_timer.a(cyfitter_cfg.o)
 .debug_ranges  0x000000d8       0x70 .\CortexM0\ARM_GCC_484\Debug\CRT_timer.a(Timer_1.o)
 .debug_ranges  0x00000148       0x70 .\CortexM0\ARM_GCC_484\Debug\CRT_timer.a(sw_int.o)
 .debug_ranges  0x000001b8      0x220 .\CortexM0\ARM_GCC_484\Debug\CRT_timer.a(CyLib.o)
 .debug_ranges  0x000003d8       0x80 .\CortexM0\ARM_GCC_484\Debug\CRT_timer.a(LCD.o)
 .debug_ranges  0x00000458       0x10 .\CortexM0\ARM_GCC_484\Debug\CRT_timer.a(LCD_CustChars.o)
 .debug_ranges  0x00000468       0x98 .\CortexM0\ARM_GCC_484\Debug\CRT_timer.a(ADC.o)
 .debug_ranges  0x00000500       0x10 .\CortexM0\ARM_GCC_484\Debug\CRT_timer.a(ADC_INT.o)
 .debug_ranges  0x00000510       0x30 .\CortexM0\ARM_GCC_484\Debug\CRT_timer.a(B_press.o)
 .debug_ranges  0x00000540       0x38 .\CortexM0\ARM_GCC_484\Debug\CRT_timer.a(Opamp.o)
 .debug_ranges  0x00000578       0x30 .\CortexM0\ARM_GCC_484\Debug\CRT_timer.a(Test_pin.o)

.comment        0x00000000       0x70
 .comment       0x00000000       0x70 .\CortexM0\ARM_GCC_484\Debug\main.o
                                 0x71 (size before relaxing)
 .comment       0x00000000       0x71 .\CortexM0\ARM_GCC_484\Debug\menus.o
 .comment       0x00000000       0x71 .\CortexM0\ARM_GCC_484\Debug\keypad.o
 .comment       0x00000000       0x71 .\CortexM0\ARM_GCC_484\Debug\cymetadata.o
 .comment       0x00000000       0x71 .\CortexM0\ARM_GCC_484\Debug\Cm0Start.o
 .comment       0x00000000       0x71 .\CortexM0\ARM_GCC_484\Debug\CRT_timer.a(cyfitter_cfg.o)
 .comment       0x00000000       0x71 .\CortexM0\ARM_GCC_484\Debug\CRT_timer.a(Timer_1.o)
 .comment       0x00000000       0x71 .\CortexM0\ARM_GCC_484\Debug\CRT_timer.a(sw_int.o)
 .comment       0x00000000       0x71 .\CortexM0\ARM_GCC_484\Debug\CRT_timer.a(CyLib.o)
 .comment       0x00000000       0x71 .\CortexM0\ARM_GCC_484\Debug\CRT_timer.a(LCD.o)
 .comment       0x00000000       0x71 .\CortexM0\ARM_GCC_484\Debug\CRT_timer.a(LCD_CustChars.o)
 .comment       0x00000000       0x71 .\CortexM0\ARM_GCC_484\Debug\CRT_timer.a(ADC.o)
 .comment       0x00000000       0x71 .\CortexM0\ARM_GCC_484\Debug\CRT_timer.a(ADC_INT.o)
 .comment       0x00000000       0x71 .\CortexM0\ARM_GCC_484\Debug\CRT_timer.a(B_press.o)
 .comment       0x00000000       0x71 .\CortexM0\ARM_GCC_484\Debug\CRT_timer.a(Opamp.o)
 .comment       0x00000000       0x71 .\CortexM0\ARM_GCC_484\Debug\CRT_timer.a(Test_pin.o)

.debug_weaknames
 *(.debug_weaknames)

.debug_funcnames
 *(.debug_funcnames)

.debug_typenames
 *(.debug_typenames)

.debug_varnames
 *(.debug_varnames)

.note.gnu.arm.ident
 *(.note.gnu.arm.ident)

.ARM.attributes
                0x00000000       0x28
 *(.ARM.attributes)
 .ARM.attributes
                0x00000000       0x1e c:/program files (x86)/cypress/psoc creator/3.1/psoc creator/import/gnu_cs/arm/4.8.4/bin/../lib/gcc/arm-none-eabi/4.8.4/armv6-m/crti.o
 .ARM.attributes
                0x0000001e       0x2c c:/program files (x86)/cypress/psoc creator/3.1/psoc creator/import/gnu_cs/arm/4.8.4/bin/../lib/gcc/arm-none-eabi/4.8.4/armv6-m/crtbegin.o
 .ARM.attributes
                0x0000004a       0x1b c:/program files (x86)/cypress/psoc creator/3.1/psoc creator/import/gnu_cs/arm/4.8.4/bin/../lib/gcc/arm-none-eabi/4.8.4/../../../../arm-none-eabi/lib/armv6-m/crt0.o
 .ARM.attributes
                0x00000065       0x31 .\CortexM0\ARM_GCC_484\Debug\main.o
 .ARM.attributes
                0x00000096       0x31 .\CortexM0\ARM_GCC_484\Debug\menus.o
 .ARM.attributes
                0x000000c7       0x31 .\CortexM0\ARM_GCC_484\Debug\keypad.o
 .ARM.attributes
                0x000000f8       0x31 .\CortexM0\ARM_GCC_484\Debug\cymetadata.o
 .ARM.attributes
                0x00000129       0x31 .\CortexM0\ARM_GCC_484\Debug\Cm0Start.o
 .ARM.attributes
                0x0000015a       0x31 .\CortexM0\ARM_GCC_484\Debug\CRT_timer.a(cyfitter_cfg.o)
 .ARM.attributes
                0x0000018b       0x31 .\CortexM0\ARM_GCC_484\Debug\CRT_timer.a(Timer_1.o)
 .ARM.attributes
                0x000001bc       0x31 .\CortexM0\ARM_GCC_484\Debug\CRT_timer.a(sw_int.o)
 .ARM.attributes
                0x000001ed       0x21 .\CortexM0\ARM_GCC_484\Debug\CRT_timer.a(CyBootAsmGnu.o)
 .ARM.attributes
                0x0000020e       0x31 .\CortexM0\ARM_GCC_484\Debug\CRT_timer.a(CyLib.o)
 .ARM.attributes
                0x0000023f       0x31 .\CortexM0\ARM_GCC_484\Debug\CRT_timer.a(LCD.o)
 .ARM.attributes
                0x00000270       0x31 .\CortexM0\ARM_GCC_484\Debug\CRT_timer.a(LCD_CustChars.o)
 .ARM.attributes
                0x000002a1       0x31 .\CortexM0\ARM_GCC_484\Debug\CRT_timer.a(ADC.o)
 .ARM.attributes
                0x000002d2       0x31 .\CortexM0\ARM_GCC_484\Debug\CRT_timer.a(ADC_INT.o)
 .ARM.attributes
                0x00000303       0x31 .\CortexM0\ARM_GCC_484\Debug\CRT_timer.a(B_press.o)
 .ARM.attributes
                0x00000334       0x31 .\CortexM0\ARM_GCC_484\Debug\CRT_timer.a(Opamp.o)
 .ARM.attributes
                0x00000365       0x31 .\CortexM0\ARM_GCC_484\Debug\CRT_timer.a(Test_pin.o)
 .ARM.attributes
                0x00000396       0x1e c:/program files (x86)/cypress/psoc creator/3.1/psoc creator/import/gnu_cs/arm/4.8.4/bin/../lib/gcc/arm-none-eabi/4.8.4/armv6-m\libgcc.a(_udivsi3.o)
 .ARM.attributes
                0x000003b4       0x1e c:/program files (x86)/cypress/psoc creator/3.1/psoc creator/import/gnu_cs/arm/4.8.4/bin/../lib/gcc/arm-none-eabi/4.8.4/armv6-m\libgcc.a(_divsi3.o)
 .ARM.attributes
                0x000003d2       0x1e c:/program files (x86)/cypress/psoc creator/3.1/psoc creator/import/gnu_cs/arm/4.8.4/bin/../lib/gcc/arm-none-eabi/4.8.4/armv6-m\libgcc.a(_dvmd_tls.o)
 .ARM.attributes
                0x000003f0       0x1e c:/program files (x86)/cypress/psoc creator/3.1/psoc creator/import/gnu_cs/arm/4.8.4/bin/../lib/gcc/arm-none-eabi/4.8.4/armv6-m\libgcc.a(_aeabi_ldivmod.o)
 .ARM.attributes
                0x0000040e       0x1e c:/program files (x86)/cypress/psoc creator/3.1/psoc creator/import/gnu_cs/arm/4.8.4/bin/../lib/gcc/arm-none-eabi/4.8.4/armv6-m\libgcc.a(_aeabi_uldivmod.o)
 .ARM.attributes
                0x0000042c       0x2c c:/program files (x86)/cypress/psoc creator/3.1/psoc creator/import/gnu_cs/arm/4.8.4/bin/../lib/gcc/arm-none-eabi/4.8.4/armv6-m\libgcc.a(_muldi3.o)
 .ARM.attributes
                0x00000458       0x2c c:/program files (x86)/cypress/psoc creator/3.1/psoc creator/import/gnu_cs/arm/4.8.4/bin/../lib/gcc/arm-none-eabi/4.8.4/armv6-m\libgcc.a(bpabi.o)
 .ARM.attributes
                0x00000484       0x2c c:/program files (x86)/cypress/psoc creator/3.1/psoc creator/import/gnu_cs/arm/4.8.4/bin/../lib/gcc/arm-none-eabi/4.8.4/armv6-m\libgcc.a(divsf3.o)
 .ARM.attributes
                0x000004b0       0x2c c:/program files (x86)/cypress/psoc creator/3.1/psoc creator/import/gnu_cs/arm/4.8.4/bin/../lib/gcc/arm-none-eabi/4.8.4/armv6-m\libgcc.a(mulsf3.o)
 .ARM.attributes
                0x000004dc       0x2c c:/program files (x86)/cypress/psoc creator/3.1/psoc creator/import/gnu_cs/arm/4.8.4/bin/../lib/gcc/arm-none-eabi/4.8.4/armv6-m\libgcc.a(floatsisf.o)
 .ARM.attributes
                0x00000508       0x1e c:/program files (x86)/cypress/psoc creator/3.1/psoc creator/import/gnu_cs/arm/4.8.4/bin/../lib/gcc/arm-none-eabi/4.8.4/armv6-m\libgcc.a(_clzsi2.o)
 .ARM.attributes
                0x00000526       0x2c c:/program files (x86)/cypress/psoc creator/3.1/psoc creator/import/gnu_cs/arm/4.8.4/bin/../lib/gcc/arm-none-eabi/4.8.4/armv6-m\libgcc.a(_divdi3.o)
 .ARM.attributes
                0x00000552       0x2c c:/program files (x86)/cypress/psoc creator/3.1/psoc creator/import/gnu_cs/arm/4.8.4/bin/../lib/gcc/arm-none-eabi/4.8.4/armv6-m\libgcc.a(_udivdi3.o)
 .ARM.attributes
                0x0000057e       0x2c c:/program files (x86)/cypress/psoc creator/3.1/psoc creator/import/gnu_cs/arm/4.8.4/bin/../lib/gcc/arm-none-eabi/4.8.4/../../../../arm-none-eabi/lib/armv6-m\libg_s.a(lib_a-errno.o)
 .ARM.attributes
                0x000005aa       0x2c c:/program files (x86)/cypress/psoc creator/3.1/psoc creator/import/gnu_cs/arm/4.8.4/bin/../lib/gcc/arm-none-eabi/4.8.4/../../../../arm-none-eabi/lib/armv6-m\libg_s.a(lib_a-exit.o)
 .ARM.attributes
                0x000005d6       0x2c c:/program files (x86)/cypress/psoc creator/3.1/psoc creator/import/gnu_cs/arm/4.8.4/bin/../lib/gcc/arm-none-eabi/4.8.4/../../../../arm-none-eabi/lib/armv6-m\libg_s.a(lib_a-impure.o)
 .ARM.attributes
                0x00000602       0x2c c:/program files (x86)/cypress/psoc creator/3.1/psoc creator/import/gnu_cs/arm/4.8.4/bin/../lib/gcc/arm-none-eabi/4.8.4/../../../../arm-none-eabi/lib/armv6-m\libg_s.a(lib_a-init.o)
 .ARM.attributes
                0x0000062e       0x2c c:/program files (x86)/cypress/psoc creator/3.1/psoc creator/import/gnu_cs/arm/4.8.4/bin/../lib/gcc/arm-none-eabi/4.8.4/../../../../arm-none-eabi/lib/armv6-m\libg_s.a(lib_a-memcpy-stub.o)
 .ARM.attributes
                0x0000065a       0x2c c:/program files (x86)/cypress/psoc creator/3.1/psoc creator/import/gnu_cs/arm/4.8.4/bin/../lib/gcc/arm-none-eabi/4.8.4/../../../../arm-none-eabi/lib/armv6-m\libg_s.a(lib_a-memset.o)
 .ARM.attributes
                0x00000686       0x2c c:/program files (x86)/cypress/psoc creator/3.1/psoc creator/import/gnu_cs/arm/4.8.4/bin/../lib/gcc/arm-none-eabi/4.8.4/armv6-m/crtend.o
 .ARM.attributes
                0x000006b2       0x1e c:/program files (x86)/cypress/psoc creator/3.1/psoc creator/import/gnu_cs/arm/4.8.4/bin/../lib/gcc/arm-none-eabi/4.8.4/armv6-m/crtn.o

/DISCARD/
 *(.note.GNU-stack)
OUTPUT(.\CortexM0\ARM_GCC_484\Debug\CRT_timer.elf elf32-littlearm)
