Archive member included because of file (symbol)

.\CortexM0\ARM_GCC_484\Debug\CRT_timer.a(cyfitter_cfg.o)
                              .\CortexM0\ARM_GCC_484\Debug\Cm0Start.o (cyfitter_cfg)
.\CortexM0\ARM_GCC_484\Debug\CRT_timer.a(Timer_1.o)
                              .\CortexM0\ARM_GCC_484\Debug\main.o (Timer_1_WriteCounter)
.\CortexM0\ARM_GCC_484\Debug\CRT_timer.a(sw_int.o)
                              .\CortexM0\ARM_GCC_484\Debug\main.o (sw_int_StartEx)
.\CortexM0\ARM_GCC_484\Debug\CRT_timer.a(CyBootAsmGnu.o)
                              .\CortexM0\ARM_GCC_484\Debug\CRT_timer.a(cyfitter_cfg.o) (CyDelayCycles)
.\CortexM0\ARM_GCC_484\Debug\CRT_timer.a(CyLib.o)
                              .\CortexM0\ARM_GCC_484\Debug\CRT_timer.a(cyfitter_cfg.o) (CyDelayUs)
.\CortexM0\ARM_GCC_484\Debug\CRT_timer.a(UART_1.o)
                              .\CortexM0\ARM_GCC_484\Debug\main.o (UART_1_Start)
.\CortexM0\ARM_GCC_484\Debug\CRT_timer.a(UART_1_SPI_UART.o)
                              .\CortexM0\ARM_GCC_484\Debug\main.o (UART_1_SpiUartWriteTxData)
.\CortexM0\ARM_GCC_484\Debug\CRT_timer.a(UART_1_UART.o)
                              .\CortexM0\ARM_GCC_484\Debug\CRT_timer.a(UART_1.o) (UART_1_UartInit)
.\CortexM0\ARM_GCC_484\Debug\CRT_timer.a(LCD.o)
                              .\CortexM0\ARM_GCC_484\Debug\main.o (LCD_WriteControl)
.\CortexM0\ARM_GCC_484\Debug\CRT_timer.a(LCD_CustChars.o)
                              .\CortexM0\ARM_GCC_484\Debug\CRT_timer.a(LCD.o) (LCD_customFonts)
.\CortexM0\ARM_GCC_484\Debug\CRT_timer.a(ADC.o)
                              .\CortexM0\ARM_GCC_484\Debug\main.o (ADC_Start)
.\CortexM0\ARM_GCC_484\Debug\CRT_timer.a(ADC_INT.o)
                              .\CortexM0\ARM_GCC_484\Debug\CRT_timer.a(ADC.o) (ADC_ISR)
.\CortexM0\ARM_GCC_484\Debug\CRT_timer.a(B_press.o)
                              .\CortexM0\ARM_GCC_484\Debug\main.o (B_press_Write)
c:/program files (x86)/cypress/psoc creator/3.1/psoc creator/import/gnu_cs/arm/4.8.4/bin/../lib/gcc/arm-none-eabi/4.8.4/armv6-m\libgcc.a(_udivsi3.o)
                              .\CortexM0\ARM_GCC_484\Debug\main.o (__aeabi_uidiv)
c:/program files (x86)/cypress/psoc creator/3.1/psoc creator/import/gnu_cs/arm/4.8.4/bin/../lib/gcc/arm-none-eabi/4.8.4/armv6-m\libgcc.a(_divsi3.o)
                              .\CortexM0\ARM_GCC_484\Debug\Cm0Start.o (__aeabi_idiv)
c:/program files (x86)/cypress/psoc creator/3.1/psoc creator/import/gnu_cs/arm/4.8.4/bin/../lib/gcc/arm-none-eabi/4.8.4/armv6-m\libgcc.a(_dvmd_tls.o)
                              c:/program files (x86)/cypress/psoc creator/3.1/psoc creator/import/gnu_cs/arm/4.8.4/bin/../lib/gcc/arm-none-eabi/4.8.4/armv6-m\libgcc.a(_udivsi3.o) (__aeabi_idiv0)
c:/program files (x86)/cypress/psoc creator/3.1/psoc creator/import/gnu_cs/arm/4.8.4/bin/../lib/gcc/arm-none-eabi/4.8.4/armv6-m\libgcc.a(_aeabi_ldivmod.o)
                              .\CortexM0\ARM_GCC_484\Debug\CRT_timer.a(ADC.o) (__aeabi_ldivmod)
c:/program files (x86)/cypress/psoc creator/3.1/psoc creator/import/gnu_cs/arm/4.8.4/bin/../lib/gcc/arm-none-eabi/4.8.4/armv6-m\libgcc.a(_aeabi_uldivmod.o)
                              .\CortexM0\ARM_GCC_484\Debug\main.o (__aeabi_uldivmod)
c:/program files (x86)/cypress/psoc creator/3.1/psoc creator/import/gnu_cs/arm/4.8.4/bin/../lib/gcc/arm-none-eabi/4.8.4/armv6-m\libgcc.a(_muldi3.o)
                              .\CortexM0\ARM_GCC_484\Debug\CRT_timer.a(ADC.o) (__aeabi_lmul)
c:/program files (x86)/cypress/psoc creator/3.1/psoc creator/import/gnu_cs/arm/4.8.4/bin/../lib/gcc/arm-none-eabi/4.8.4/armv6-m\libgcc.a(bpabi.o)
                              c:/program files (x86)/cypress/psoc creator/3.1/psoc creator/import/gnu_cs/arm/4.8.4/bin/../lib/gcc/arm-none-eabi/4.8.4/armv6-m\libgcc.a(_aeabi_ldivmod.o) (__gnu_ldivmod_helper)
c:/program files (x86)/cypress/psoc creator/3.1/psoc creator/import/gnu_cs/arm/4.8.4/bin/../lib/gcc/arm-none-eabi/4.8.4/armv6-m\libgcc.a(divsf3.o)
                              .\CortexM0\ARM_GCC_484\Debug\CRT_timer.a(ADC.o) (__aeabi_fdiv)
c:/program files (x86)/cypress/psoc creator/3.1/psoc creator/import/gnu_cs/arm/4.8.4/bin/../lib/gcc/arm-none-eabi/4.8.4/armv6-m\libgcc.a(mulsf3.o)
                              .\CortexM0\ARM_GCC_484\Debug\CRT_timer.a(ADC.o) (__aeabi_fmul)
c:/program files (x86)/cypress/psoc creator/3.1/psoc creator/import/gnu_cs/arm/4.8.4/bin/../lib/gcc/arm-none-eabi/4.8.4/armv6-m\libgcc.a(floatsisf.o)
                              .\CortexM0\ARM_GCC_484\Debug\CRT_timer.a(ADC.o) (__aeabi_i2f)
c:/program files (x86)/cypress/psoc creator/3.1/psoc creator/import/gnu_cs/arm/4.8.4/bin/../lib/gcc/arm-none-eabi/4.8.4/armv6-m\libgcc.a(_clzsi2.o)
                              c:/program files (x86)/cypress/psoc creator/3.1/psoc creator/import/gnu_cs/arm/4.8.4/bin/../lib/gcc/arm-none-eabi/4.8.4/armv6-m\libgcc.a(divsf3.o) (__clzsi2)
[...]
Memory Configuration

Name             Origin             Length             Attributes
rom              0x00000000         0x00008000         xr
ram              0x20000000         0x00001000         xrw
*default*        0x00000000         0xffffffff

Linker script and memory map

LOAD c:/program files (x86)/cypress/psoc creator/3.1/psoc creator/import/gnu_cs/arm/4.8.4/bin/../lib/gcc/arm-none-eabi/4.8.4/armv6-m/crti.o
LOAD c:/program files (x86)/cypress/psoc creator/3.1/psoc creator/import/gnu_cs/arm/4.8.4/bin/../lib/gcc/arm-none-eabi/4.8.4/armv6-m/crtbegin.o
LOAD c:/program files (x86)/cypress/psoc creator/3.1/psoc creator/import/gnu_cs/arm/4.8.4/bin/../lib/gcc/arm-none-eabi/4.8.4/../../../../arm-none-eabi/lib/armv6-m/crt0.o
START GROUP
LOAD .\CortexM0\ARM_GCC_484\Debug\main.o
LOAD .\CortexM0\ARM_GCC_484\Debug\menus.o
LOAD .\CortexM0\ARM_GCC_484\Debug\cymetadata.o
LOAD .\CortexM0\ARM_GCC_484\Debug\Cm0Start.o
LOAD .\CortexM0\ARM_GCC_484\Debug\CRT_timer.a
LOAD C:\Program Files (x86)\Cypress\PSoC Creator\3.1\PSoC Creator\psoc\content\cycomponentlibrary\CyComponentLibrary.cylib\CortexM0\ARM_GCC_484\Debug\CyComponentLibrary.a
END GROUP
START GROUP
LOAD c:/program files (x86)/cypress/psoc creator/3.1/psoc creator/import/gnu_cs/arm/4.8.4/bin/../lib/gcc/arm-none-eabi/4.8.4/armv6-m\libgcc.a
LOAD c:/program files (x86)/cypress/psoc creator/3.1/psoc creator/import/gnu_cs/arm/4.8.4/bin/../lib/gcc/arm-none-eabi/4.8.4/../../../../arm-none-eabi/lib/armv6-m\libg_s.a
LOAD c:/program files (x86)/cypress/psoc creator/3.1/psoc creator/import/gnu_cs/arm/4.8.4/bin/../lib/gcc/arm-none-eabi/4.8.4/../../../../arm-none-eabi/lib/armv6-m\libc_s.a
END GROUP
START GROUP
LOAD c:/program files (x86)/cypress/psoc creator/3.1/psoc creator/import/gnu_cs/arm/4.8.4/bin/../lib/gcc/arm-none-eabi/4.8.4/armv6-m\libgcc.a
LOAD c:/program files (x86)/cypress/psoc creator/3.1/psoc creator/import/gnu_cs/arm/4.8.4/bin/../lib/gcc/arm-none-eabi/4.8.4/../../../../arm-none-eabi/lib/armv6-m\libc_s.a
END GROUP
LOAD c:/program files (x86)/cypress/psoc creator/3.1/psoc creator/import/gnu_cs/arm/4.8.4/bin/../lib/gcc/arm-none-eabi/4.8.4/armv6-m/crtend.o
LOAD c:/program files (x86)/cypress/psoc creator/3.1/psoc creator/import/gnu_cs/arm/4.8.4/bin/../lib/gcc/arm-none-eabi/4.8.4/armv6-m/crtn.o
START GROUP
LOAD c:/program files (x86)/cypress/psoc creator/3.1/psoc creator/import/gnu_cs/arm/4.8.4/bin/../lib/gcc/arm-none-eabi/4.8.4/armv6-m\libgcc.a
LOAD c:/program files (x86)/cypress/psoc creator/3.1/psoc creator/import/gnu_cs/arm/4.8.4/bin/../lib/gcc/arm-none-eabi/4.8.4/../../../../arm-none-eabi/lib/armv6-m\libc.a
LOAD c:/program files (x86)/cypress/psoc creator/3.1/psoc creator/import/gnu_cs/arm/4.8.4/bin/../lib/gcc/arm-none-eabi/4.8.4/../../../../arm-none-eabi/lib/armv6-m\libnosys.a
END GROUP
                0x00000000                CY_APPL_ORIGIN = 0x0
                0x00000080                CY_FLASH_ROW_SIZE = 0x80
                0x00000001                CY_APPL_NUM = 0x1
                0x00000040                CY_METADATA_SIZE = 0x40
                0x200001a0                PROVIDE (__cy_heap_start, _end)
                0x00000001                PROVIDE (__cy_region_num, ((__cy_regions_end - __cy_regions) / 0x10))
                0x20001000                PROVIDE (__cy_stack, (ORIGIN (ram) + 0x1000))
                0x20000c00                PROVIDE (__cy_heap_end, (__cy_stack - 0x400))

.cybootloader   0x00000000        0x0
 *(.cybootloader)
                0x00000000                appl1_start = CY_APPL_ORIGIN?CY_APPL_ORIGIN:ALIGN (CY_FLASH_ROW_SIZE)
                0x00003f80                appl2_start = (appl1_start + ALIGN ((((0x8000 - appl1_start) - (0x2 * CY_FLASH_ROW_SIZE)) / 0x2), CY_FLASH_ROW_SIZE))
                0x00000000                appl_start = (CY_APPL_NUM == 0x1)?appl1_start:appl2_start

.text           0x00000000     0x2b28
 CREATE_OBJECT_SYMBOLS
                0x00000000                PROVIDE (__cy_interrupt_vector, RomVectors)
 *(.romvectors)
 .romvectors    0x00000000       0x10 .\CortexM0\ARM_GCC_484\Debug\Cm0Start.o
                0x00000000                RomVectors
                0x00000001                ASSERT ((. != __cy_interrupt_vector), No interrupt vector)
                0x00000001                ASSERT (CY_APPL_ORIGIN?(SIZEOF (.cybootloader) <= CY_APPL_ORIGIN):0x1, Wrong image location)
                0x00000010                PROVIDE (__cy_reset, Reset)
 *(.text.Reset)
 .text.Reset    0x00000010        0x8 .\CortexM0\ARM_GCC_484\Debug\Cm0Start.o
                0x00000010                Reset
                0x00000001                ASSERT ((. != __cy_reset), No reset code)
 *(.psocinit)
 .psocinit      0x00000018      0x374 .\CortexM0\ARM_GCC_484\Debug\CRT_timer.a(cyfitter_cfg.o)
                0x00000184                cyfitter_cfg
                0x0000038c                . = MAX (., 0x100)
 *(.text .text.* .gnu.linkonce.t.*)
 .text          0x0000038c       0x60 c:/program files (x86)/cypress/psoc creator/3.1/psoc creator/import/gnu_cs/arm/4.8.4/bin/../lib/gcc/arm-none-eabi/4.8.4/armv6-m/crtbegin.o
 .text.sw_int_ISR
                0x000003ec       0x78 .\CortexM0\ARM_GCC_484\Debug\main.o
                0x000003ec                sw_int_ISR
 .text.main     0x00000464      0x164 .\CortexM0\ARM_GCC_484\Debug\main.o
                0x00000464                main
 .text.puts_measurement
                0x000005c8      0x3c8 .\CortexM0\ARM_GCC_484\Debug\main.o
                0x000005c8                puts_measurement
 .text.updateBTN
                0x00000990       0xa4 .\CortexM0\ARM_GCC_484\Debug\main.o
                0x00000990                updateBTN
 .text.IntDefaultHandler
                0x00000a34        0x8 .\CortexM0\ARM_GCC_484\Debug\Cm0Start.o
                0x00000a34                IntDefaultHandler
 .text._sbrk    0x00000a3c       0x50 .\CortexM0\ARM_GCC_484\Debug\Cm0Start.o
                0x00000a3c                _sbrk
 .text.Start_c  0x00000a8c       0x98 .\CortexM0\ARM_GCC_484\Debug\Cm0Start.o
                0x00000a8c                Start_c
 .text.initialize_psoc
                0x00000b24       0x64 .\CortexM0\ARM_GCC_484\Debug\Cm0Start.o
                0x00000b24                initialize_psoc
 .text.CYMEMZERO
                0x00000b88       0x20 .\CortexM0\ARM_GCC_484\Debug\CRT_timer.a(cyfitter_cfg.o)
 .text.cfg_write_bytes32
                0x00000ba8       0x80 .\CortexM0\ARM_GCC_484\Debug\CRT_timer.a(cyfitter_cfg.o)
 .text.AnalogSetDefault
                0x00000c28       0x24 .\CortexM0\ARM_GCC_484\Debug\CRT_timer.a(cyfitter_cfg.o)
 .text.SetAnalogRoutingPumps
                0x00000c4c       0x40 .\CortexM0\ARM_GCC_484\Debug\CRT_timer.a(cyfitter_cfg.o)
                0x00000c4c                SetAnalogRoutingPumps
 .text.Timer_1_Init
                0x00000c8c       0x54 .\CortexM0\ARM_GCC_484\Debug\CRT_timer.a(Timer_1.o)
                0x00000c8c                Timer_1_Init
 .text.Timer_1_Enable
                0x00000ce0       0x20 .\CortexM0\ARM_GCC_484\Debug\CRT_timer.a(Timer_1.o)
                0x00000ce0                Timer_1_Enable
 .text.Timer_1_Start
                0x00000d00       0x24 .\CortexM0\ARM_GCC_484\Debug\CRT_timer.a(Timer_1.o)
                0x00000d00                Timer_1_Start
 .text.Timer_1_Stop
                0x00000d24       0x1c .\CortexM0\ARM_GCC_484\Debug\CRT_timer.a(Timer_1.o)
                0x00000d24                Timer_1_Stop
 .text.Timer_1_SetInterruptMode
                0x00000d40       0x20 .\CortexM0\ARM_GCC_484\Debug\CRT_timer.a(Timer_1.o)
                0x00000d40                Timer_1_SetInterruptMode
 .text.Timer_1_ReadStatusRegister
                0x00000d60       0x14 .\CortexM0\ARM_GCC_484\Debug\CRT_timer.a(Timer_1.o)
                0x00000d60                Timer_1_ReadStatusRegister
 .text.Timer_1_WritePeriod
                0x00000d74       0x18 .\CortexM0\ARM_GCC_484\Debug\CRT_timer.a(Timer_1.o)
                0x00000d74                Timer_1_WritePeriod
 .text.Timer_1_ReadCapture
                0x00000d8c       0x14 .\CortexM0\ARM_GCC_484\Debug\CRT_timer.a(Timer_1.o)
                0x00000d8c                Timer_1_ReadCapture
 .text.Timer_1_WriteCounter
                0x00000da0       0x18 .\CortexM0\ARM_GCC_484\Debug\CRT_timer.a(Timer_1.o)
                0x00000da0                Timer_1_WriteCounter
 .text.Timer_1_ReadCounter
                0x00000db8       0x1c .\CortexM0\ARM_GCC_484\Debug\CRT_timer.a(Timer_1.o)
                0x00000db8                Timer_1_ReadCounter
 .text.Timer_1_ClearFIFO
                0x00000dd4       0x1c .\CortexM0\ARM_GCC_484\Debug\CRT_timer.a(Timer_1.o)
                0x00000dd4                Timer_1_ClearFIFO
 .text.sw_int_StartEx
                0x00000df0       0x24 .\CortexM0\ARM_GCC_484\Debug\CRT_timer.a(sw_int.o)
                0x00000df0                sw_int_StartEx
 .text.sw_int_SetVector
                0x00000e14       0x18 .\CortexM0\ARM_GCC_484\Debug\CRT_timer.a(sw_int.o)
                0x00000e14                sw_int_SetVector
 .text.sw_int_SetPriority
                0x00000e2c       0x50 .\CortexM0\ARM_GCC_484\Debug\CRT_timer.a(sw_int.o)
                0x00000e2c                sw_int_SetPriority
 .text.sw_int_Enable
                0x00000e7c       0x14 .\CortexM0\ARM_GCC_484\Debug\CRT_timer.a(sw_int.o)
                0x00000e7c                sw_int_Enable
 .text.sw_int_Disable
                0x00000e90       0x14 .\CortexM0\ARM_GCC_484\Debug\CRT_timer.a(sw_int.o)
                0x00000e90                sw_int_Disable
 *fill*         0x00000ea4        0x4 
 .text          0x00000ea8       0x28 .\CortexM0\ARM_GCC_484\Debug\CRT_timer.a(CyBootAsmGnu.o)
                0x00000ea8                CyDelayCycles
                0x00000ebc                CyEnterCriticalSection
                0x00000ec4                CyExitCriticalSection
 .text.CyIntSetVector
                0x00000ed0       0x4c .\CortexM0\ARM_GCC_484\Debug\CRT_timer.a(CyLib.o)
                0x00000ed0                CyIntSetVector
 .text.CyIntSetPriority
                0x00000f1c       0xa8 .\CortexM0\ARM_GCC_484\Debug\CRT_timer.a(CyLib.o)
                0x00000f1c                CyIntSetPriority
 .text.CyHalt   0x00000fc4       0x14 .\CortexM0\ARM_GCC_484\Debug\CRT_timer.a(CyLib.o)
                0x00000fc4                CyHalt
 .text.CyDelay  0x00000fd8       0x48 .\CortexM0\ARM_GCC_484\Debug\CRT_timer.a(CyLib.o)
                0x00000fd8                CyDelay
 .text.CyDelayUs
                0x00001020       0x28 .\CortexM0\ARM_GCC_484\Debug\CRT_timer.a(CyLib.o)
                0x00001020                CyDelayUs
 .text.UART_1_Init
                0x00001048        0xc .\CortexM0\ARM_GCC_484\Debug\CRT_timer.a(UART_1.o)
                0x00001048                UART_1_Init
 .text.UART_1_Enable
                0x00001054       0x20 .\CortexM0\ARM_GCC_484\Debug\CRT_timer.a(UART_1.o)
                0x00001054                UART_1_Enable
 .text.UART_1_Start
                0x00001074       0x24 .\CortexM0\ARM_GCC_484\Debug\CRT_timer.a(UART_1.o)
                0x00001074                UART_1_Start
 .text.UART_1_ScbEnableIntr
                0x00001098        0x8 .\CortexM0\ARM_GCC_484\Debug\CRT_timer.a(UART_1.o)
 .text.UART_1_SpiUartWriteTxData
                0x000010a0       0x2c .\CortexM0\ARM_GCC_484\Debug\CRT_timer.a(UART_1_SPI_UART.o)
                0x000010a0                UART_1_SpiUartWriteTxData
 .text.UART_1_UartInit
                0x000010cc       0xa8 .\CortexM0\ARM_GCC_484\Debug\CRT_timer.a(UART_1_UART.o)
                0x000010cc                UART_1_UartInit
 .text.UART_1_UartPutString
                0x00001174       0x34 .\CortexM0\ARM_GCC_484\Debug\CRT_timer.a(UART_1_UART.o)
                0x00001174                UART_1_UartPutString
 .text.LCD_Init
                0x000011a8       0x7c .\CortexM0\ARM_GCC_484\Debug\CRT_timer.a(LCD.o)
                0x000011a8                LCD_Init
 .text.LCD_Enable
                0x00001224       0x18 .\CortexM0\ARM_GCC_484\Debug\CRT_timer.a(LCD.o)
                0x00001224                LCD_Enable
 .text.LCD_Start
                0x0000123c       0x24 .\CortexM0\ARM_GCC_484\Debug\CRT_timer.a(LCD.o)
                0x0000123c                LCD_Start
 .text.LCD_Position
                0x00001260       0x74 .\CortexM0\ARM_GCC_484\Debug\CRT_timer.a(LCD.o)
                0x00001260                LCD_Position
 .text.LCD_PrintString
                0x000012d4       0x58 .\CortexM0\ARM_GCC_484\Debug\CRT_timer.a(LCD.o)
                0x000012d4                LCD_PrintString
 .text.LCD_PutChar
                0x0000132c       0x1c .\CortexM0\ARM_GCC_484\Debug\CRT_timer.a(LCD.o)
                0x0000132c                LCD_PutChar
 .text.LCD_WriteData
                0x00001348       0x50 .\CortexM0\ARM_GCC_484\Debug\CRT_timer.a(LCD.o)
                0x00001348                LCD_WriteData
 .text.LCD_WriteControl
                0x00001398       0x58 .\CortexM0\ARM_GCC_484\Debug\CRT_timer.a(LCD.o)
                0x00001398                LCD_WriteControl
 .text.LCD_IsReady
                0x000013f0       0x10 .\CortexM0\ARM_GCC_484\Debug\CRT_timer.a(LCD.o)
                0x000013f0                LCD_IsReady
 .text.LCD_WrDatNib
                0x00001400       0x74 .\CortexM0\ARM_GCC_484\Debug\CRT_timer.a(LCD.o)
 .text.LCD_WrCntrlNib
                0x00001474       0x64 .\CortexM0\ARM_GCC_484\Debug\CRT_timer.a(LCD.o)
 .text.LCD_LoadCustomFonts
                0x000014d8       0x58 .\CortexM0\ARM_GCC_484\Debug\CRT_timer.a(LCD_CustChars.o)
                0x000014d8                LCD_LoadCustomFonts
 .text.ADC_Start
                0x00001530       0x24 .\CortexM0\ARM_GCC_484\Debug\CRT_timer.a(ADC.o)
                0x00001530                ADC_Start
 .text.ADC_Init
                0x00001554      0x1f4 .\CortexM0\ARM_GCC_484\Debug\CRT_timer.a(ADC.o)
                0x00001554                ADC_Init
 .text.ADC_Enable
                0x00001748       0x28 .\CortexM0\ARM_GCC_484\Debug\CRT_timer.a(ADC.o)
                0x00001748                ADC_Enable
 .text.ADC_StartConvert
                0x00001770       0x1c .\CortexM0\ARM_GCC_484\Debug\CRT_timer.a(ADC.o)
                0x00001770                ADC_StartConvert
 .text.ADC_GetResult16
                0x0000178c       0x44 .\CortexM0\ARM_GCC_484\Debug\CRT_timer.a(ADC.o)
                0x0000178c                ADC_GetResult16
 .text.ADC_CountsTo_mVolts
                0x000017d0       0xa4 .\CortexM0\ARM_GCC_484\Debug\CRT_timer.a(ADC.o)
                0x000017d0                ADC_CountsTo_mVolts
 .text.ADC_ISR  0x00001874       0x1c .\CortexM0\ARM_GCC_484\Debug\CRT_timer.a(ADC_INT.o)
                0x00001874                ADC_ISR
 .text.B_press_Write
                0x00001890       0x4c .\CortexM0\ARM_GCC_484\Debug\CRT_timer.a(B_press.o)
                0x00001890                B_press_Write
 .text          0x000018dc       0x9c c:/program files (x86)/cypress/psoc creator/3.1/psoc creator/import/gnu_cs/arm/4.8.4/bin/../lib/gcc/arm-none-eabi/4.8.4/armv6-m\libgcc.a(_udivsi3.o)
                0x000018dc                __aeabi_uidiv
                0x000018dc                __udivsi3
                0x00001964                __aeabi_uidivmod
 .text          0x00001978       0xc0 c:/program files (x86)/cypress/psoc creator/3.1/psoc creator/import/gnu_cs/arm/4.8.4/bin/../lib/gcc/arm-none-eabi/4.8.4/armv6-m\libgcc.a(_divsi3.o)
                0x00001978                __divsi3
                0x00001978                __aeabi_idiv
                0x00001a24                __aeabi_idivmod
 .text          0x00001a38        0x4 c:/program files (x86)/cypress/psoc creator/3.1/psoc creator/import/gnu_cs/arm/4.8.4/bin/../lib/gcc/arm-none-eabi/4.8.4/armv6-m\libgcc.a(_dvmd_tls.o)
                0x00001a38                __aeabi_idiv0
                0x00001a38                __aeabi_ldiv0
 .text          0x00001a3c       0x40 c:/program files (x86)/cypress/psoc creator/3.1/psoc creator/import/gnu_cs/arm/4.8.4/bin/../lib/gcc/arm-none-eabi/4.8.4/armv6-m\libgcc.a(_aeabi_uldivmod.o)
                0x00001a3c                __aeabi_uldivmod
 .text          0x00001a7c       0x44 c:/program files (x86)/cypress/psoc creator/3.1/psoc creator/import/gnu_cs/arm/4.8.4/bin/../lib/gcc/arm-none-eabi/4.8.4/armv6-m\libgcc.a(_muldi3.o)
                0x00001a7c                __muldi3
                0x00001a7c                __aeabi_lmul
 .text          0x00001ac0       0x6c c:/program files (x86)/cypress/psoc creator/3.1/psoc creator/import/gnu_cs/arm/4.8.4/bin/../lib/gcc/arm-none-eabi/4.8.4/armv6-m\libgcc.a(bpabi.o)
                0x00001ac0                __gnu_ldivmod_helper
                0x00001af8                __gnu_uldivmod_helper
 .text          0x00001b2c       0x3c c:/program files (x86)/cypress/psoc creator/3.1/psoc creator/import/gnu_cs/arm/4.8.4/bin/../lib/gcc/arm-none-eabi/4.8.4/armv6-m\libgcc.a(_clzsi2.o)
                0x00001b2c                __clzsi2
 .text          0x00001b68      0x3b8 c:/program files (x86)/cypress/psoc creator/3.1/psoc creator/import/gnu_cs/arm/4.8.4/bin/../lib/gcc/arm-none-eabi/4.8.4/armv6-m\libgcc.a(_divdi3.o)
                0x00001b68                __divdi3
 .text          0x00001f20      0x384 c:/program files (x86)/cypress/psoc creator/3.1/psoc creator/import/gnu_cs/arm/4.8.4/bin/../lib/gcc/arm-none-eabi/4.8.4/armv6-m\libgcc.a(_udivdi3.o)
                0x00001f20                __udivdi3
 .text.__errno  0x000022a4        0xc c:/program files (x86)/cypress/psoc creator/3.1/psoc creator/import/gnu_cs/arm/4.8.4/bin/../lib/gcc/arm-none-eabi/4.8.4/../../../../arm-none-eabi/lib/armv6-m\libg_s.a(lib_a-errno.o)
                0x000022a4                __errno
 .text.__libc_init_array
                0x000022b0       0x4c c:/program files (x86)/cypress/psoc creator/3.1/psoc creator/import/gnu_cs/arm/4.8.4/bin/../lib/gcc/arm-none-eabi/4.8.4/../../../../arm-none-eabi/lib/armv6-m\libg_s.a(lib_a-init.o)
                0x000022b0                __libc_init_array
 .text.memcpy   0x000022fc       0x12 c:/program files (x86)/cypress/psoc creator/3.1/psoc creator/import/gnu_cs/arm/4.8.4/bin/../lib/gcc/arm-none-eabi/4.8.4/../../../../arm-none-eabi/lib/armv6-m\libg_s.a(lib_a-memcpy-stub.o)
                0x000022fc                memcpy
 .text.memset   0x0000230e       0x10 c:/program files (x86)/cypress/psoc creator/3.1/psoc creator/import/gnu_cs/arm/4.8.4/bin/../lib/gcc/arm-none-eabi/4.8.4/../../../../arm-none-eabi/lib/armv6-m\libg_s.a(lib_a-memset.o)
                0x0000230e                memset
 *fill*         0x0000231e        0x2 
 .text.sprintf  0x00002320       0x44 c:/program files (x86)/cypress/psoc creator/3.1/psoc creator/import/gnu_cs/arm/4.8.4/bin/../lib/gcc/arm-none-eabi/4.8.4/../../../../arm-none-eabi/lib/armv6-m\libg_s.a(lib_a-sprintf.o)
                0x00002320                siprintf
                0x00002320                sprintf
 .text.__ssputs_r
                0x00002364       0xc0 c:/program files (x86)/cypress/psoc creator/3.1/psoc creator/import/gnu_cs/arm/4.8.4/bin/../lib/gcc/arm-none-eabi/4.8.4/../../../../arm-none-eabi/lib/armv6-m\libg_s.a(lib_a-svfprintf.o)
                0x00002364                __ssputs_r
 .text._svfprintf_r
                0x00002424      0x1e0 c:/program files (x86)/cypress/psoc creator/3.1/psoc creator/import/gnu_cs/arm/4.8.4/bin/../lib/gcc/arm-none-eabi/4.8.4/../../../../arm-none-eabi/lib/armv6-m\libg_s.a(lib_a-svfprintf.o)
                0x00002424                _svfiprintf_r
                0x00002424                _svfprintf_r
 .text._printf_common
                0x00002604       0xe8 c:/program files (x86)/cypress/psoc creator/3.1/psoc creator/import/gnu_cs/arm/4.8.4/bin/../lib/gcc/arm-none-eabi/4.8.4/../../../../arm-none-eabi/lib/armv6-m\libg_s.a(lib_a-vfprintf_i.o)
                0x00002604                _printf_common
 .text._printf_i
                0x000026ec      0x22c c:/program files (x86)/cypress/psoc creator/3.1/psoc creator/import/gnu_cs/arm/4.8.4/bin/../lib/gcc/arm-none-eabi/4.8.4/../../../../arm-none-eabi/lib/armv6-m\libg_s.a(lib_a-vfprintf_i.o)
                0x000026ec                _printf_i
 .text.memchr   0x00002918       0x16 c:/program files (x86)/cypress/psoc creator/3.1/psoc creator/import/gnu_cs/arm/4.8.4/bin/../lib/gcc/arm-none-eabi/4.8.4/../../../../arm-none-eabi/lib/armv6-m\libg_s.a(lib_a-memchr-stub.o)
                0x00002918                memchr
 .text.memmove  0x0000292e       0x32 c:/program files (x86)/cypress/psoc creator/3.1/psoc creator/import/gnu_cs/arm/4.8.4/bin/../lib/gcc/arm-none-eabi/4.8.4/../../../../arm-none-eabi/lib/armv6-m\libg_s.a(lib_a-memmove.o)
                0x0000292e                memmove
 .text._free_r  0x00002960       0x90 c:/program files (x86)/cypress/psoc creator/3.1/psoc creator/import/gnu_cs/arm/4.8.4/bin/../lib/gcc/arm-none-eabi/4.8.4/../../../../arm-none-eabi/lib/armv6-m\libg_s.a(lib_a-nano-freer.o)
                0x00002960                _free_r
 .text._malloc_r
                0x000029f0       0xa8 c:/program files (x86)/cypress/psoc creator/3.1/psoc creator/import/gnu_cs/arm/4.8.4/bin/../lib/gcc/arm-none-eabi/4.8.4/../../../../arm-none-eabi/lib/armv6-m\libg_s.a(lib_a-nano-mallocr.o)
                0x000029f0                _malloc_r
 .text._realloc_r
                0x00002a98       0x4c c:/program files (x86)/cypress/psoc creator/3.1/psoc creator/import/gnu_cs/arm/4.8.4/bin/../lib/gcc/arm-none-eabi/4.8.4/../../../../arm-none-eabi/lib/armv6-m\libg_s.a(lib_a-nano-reallocr.o)
                0x00002a98                _realloc_r
 .text._sbrk_r  0x00002ae4       0x24 c:/program files (x86)/cypress/psoc creator/3.1/psoc creator/import/gnu_cs/arm/4.8.4/bin/../lib/gcc/arm-none-eabi/4.8.4/../../../../arm-none-eabi/lib/armv6-m\libg_s.a(lib_a-sbrkr.o)
                0x00002ae4                _sbrk_r
 .text.strlen   0x00002b08        0xe c:/program files (x86)/cypress/psoc creator/3.1/psoc creator/import/gnu_cs/arm/4.8.4/bin/../lib/gcc/arm-none-eabi/4.8.4/../../../../arm-none-eabi/lib/armv6-m\libg_s.a(lib_a-strlen.o)
                0x00002b08                strlen
 .text._malloc_usable_size_r
                0x00002b16       0x12 c:/program files (x86)/cypress/psoc creator/3.1/psoc creator/import/gnu_cs/arm/4.8.4/bin/../lib/gcc/arm-none-eabi/4.8.4/../../../../arm-none-eabi/lib/armv6-m\libg_s.a(lib_a-nano-msizer.o)
                0x00002b16                _malloc_usable_size_r
 *(.plt)
 *(.gnu.warning)
 *(.glue_7t)
 .glue_7t       0x00000000        0x0 linker stubs
 *(.glue_7)
 .glue_7        0x00000000        0x0 linker stubs
 *(.vfp11_veneer)
 .vfp11_veneer  0x00000000        0x0 linker stubs
 *(.bootloader)
 *(.ARM.extab* .gnu.linkonce.armextab.*)
 *(.gcc_except_table)

.v4_bx          0x00002b28        0x0
 .v4_bx         0x00000000        0x0 linker stubs

.iplt           0x00002b28        0x0
 .iplt          0x00000000        0x0 c:/program files (x86)/cypress/psoc creator/3.1/psoc creator/import/gnu_cs/arm/4.8.4/bin/../lib/gcc/arm-none-eabi/4.8.4/armv6-m/crtbegin.o

.eh_frame_hdr
 *(.eh_frame_hdr)

.eh_frame       0x00002b28        0x4
 *(.eh_frame)
 .eh_frame      0x00002b28        0x0 c:/program files (x86)/cypress/psoc creator/3.1/psoc creator/import/gnu_cs/arm/4.8.4/bin/../lib/gcc/arm-none-eabi/4.8.4/armv6-m/crtbegin.o
 .eh_frame      0x00002b28        0x4 c:/program files (x86)/cypress/psoc creator/3.1/psoc creator/import/gnu_cs/arm/4.8.4/bin/../lib/gcc/arm-none-eabi/4.8.4/armv6-m/crtend.o
                0x00002b2c                PROVIDE (__exidx_start, .)

.ARM.exidx      0x00002b2c        0x8
 *(.ARM.exidx* .gnu.linkonce.armexidx.*)
 .ARM.exidx     0x00002b2c        0x8 c:/program files (x86)/cypress/psoc creator/3.1/psoc creator/import/gnu_cs/arm/4.8.4/bin/../lib/gcc/arm-none-eabi/4.8.4/armv6-m\libgcc.a(_divdi3.o)
 .ARM.exidx     0x00002b34        0x0 c:/program files (x86)/cypress/psoc creator/3.1/psoc creator/import/gnu_cs/arm/4.8.4/bin/../lib/gcc/arm-none-eabi/4.8.4/armv6-m\libgcc.a(_udivdi3.o)
                                  0x8 (size before relaxing)
                0x00002b34                __exidx_end = .

.rodata         0x00002b34      0x344
 *(.rodata .rodata.* .gnu.linkonce.r.*)
 .rodata        0x00002b34       0xf0 .\CortexM0\ARM_GCC_484\Debug\main.o
 .rodata        0x00002c24      0x19c .\CortexM0\ARM_GCC_484\Debug\CRT_timer.a(cyfitter_cfg.o)
 .rodata        0x00002dc0       0x40 .\CortexM0\ARM_GCC_484\Debug\CRT_timer.a(LCD_CustChars.o)
                0x00002dc0                LCD_customFonts
 .rodata        0x00002e00        0xc .\CortexM0\ARM_GCC_484\Debug\CRT_timer.a(ADC.o)
 .rodata.str1.1
                0x00002e0c        0x2 c:/program files (x86)/cypress/psoc creator/3.1/psoc creator/import/gnu_cs/arm/4.8.4/bin/../lib/gcc/arm-none-eabi/4.8.4/../../../../arm-none-eabi/lib/armv6-m\libg_s.a(lib_a-impure.o)
 .rodata.str1.1
                0x00002e0e       0x11 c:/program files (x86)/cypress/psoc creator/3.1/psoc creator/import/gnu_cs/arm/4.8.4/bin/../lib/gcc/arm-none-eabi/4.8.4/../../../../arm-none-eabi/lib/armv6-m\libg_s.a(lib_a-svfprintf.o)
 .rodata.str1.1
                0x00002e1f       0x22 c:/program files (x86)/cypress/psoc creator/3.1/psoc creator/import/gnu_cs/arm/4.8.4/bin/../lib/gcc/arm-none-eabi/4.8.4/../../../../arm-none-eabi/lib/armv6-m\libg_s.a(lib_a-vfprintf_i.o)
                0x00002e44                . = ALIGN (0x4)
 *fill*         0x00002e41        0x3 
 *(.init)
 .init          0x00002e44        0x4 c:/program files (x86)/cypress/psoc creator/3.1/psoc creator/import/gnu_cs/arm/4.8.4/bin/../lib/gcc/arm-none-eabi/4.8.4/armv6-m/crti.o
                0x00002e44                _init
 .init          0x00002e48        0x8 c:/program files (x86)/cypress/psoc creator/3.1/psoc creator/import/gnu_cs/arm/4.8.4/bin/../lib/gcc/arm-none-eabi/4.8.4/armv6-m/crtn.o
                0x00002e50                . = ALIGN (0x4)
                0x00002e50                __preinit_array_start = .
 *(.preinit_array)
                0x00002e50                __preinit_array_end = .
                0x00002e50                . = ALIGN (0x4)
                0x00002e50                __init_array_start = .
 *(SORT(.init_array.*))
 *(.init_array)
 .init_array    0x00002e50        0x4 c:/program files (x86)/cypress/psoc creator/3.1/psoc creator/import/gnu_cs/arm/4.8.4/bin/../lib/gcc/arm-none-eabi/4.8.4/armv6-m/crtbegin.o
 .init_array    0x00002e54        0x4 .\CortexM0\ARM_GCC_484\Debug\Cm0Start.o
                0x00002e58                __init_array_end = .
                0x00002e58                . = ALIGN (0x4)
 *(.fini)
 .fini          0x00002e58        0x4 c:/program files (x86)/cypress/psoc creator/3.1/psoc creator/import/gnu_cs/arm/4.8.4/bin/../lib/gcc/arm-none-eabi/4.8.4/armv6-m/crti.o
                0x00002e58                _fini
 .fini          0x00002e5c        0x8 c:/program files (x86)/cypress/psoc creator/3.1/psoc creator/import/gnu_cs/arm/4.8.4/bin/../lib/gcc/arm-none-eabi/4.8.4/armv6-m/crtn.o
                0x00002e64                . = ALIGN (0x4)
                0x00002e64                __fini_array_start = .
 *(.fini_array)
 .fini_array    0x00002e64        0x4 c:/program files (x86)/cypress/psoc creator/3.1/psoc creator/import/gnu_cs/arm/4.8.4/bin/../lib/gcc/arm-none-eabi/4.8.4/armv6-m/crtbegin.o
 *(SORT(.fini_array.*))
                0x00002e68                __fini_array_end = .
                0x00002e68                . = ALIGN (0x4)
 *crtbegin.o(.ctors)
 *(EXCLUDE_FILE(*crtend.o) .ctors)
 *(SORT(.ctors.*))
 *crtend.o(.ctors)
                0x00002e68                . = ALIGN (0x4)
 *crtbegin.o(.dtors)
 *(EXCLUDE_FILE(*crtend.o) .dtors)
 *(SORT(.dtors.*))
 *crtend.o(.dtors)
                0x00002e68                . = ALIGN (0x4)
                0x00002e68                __cy_regions = .
                0x00002e68        0x4 LONG 0x2e78 __cy_region_init_ram
                0x00002e6c        0x4 LONG 0x200000c8 __cy_region_start_data
                0x00002e70        0x4 LONG 0x80 __cy_region_init_size_ram
                0x00002e74        0x4 LONG 0x58 __cy_region_zero_size_ram
                0x00002e78                __cy_regions_end = .
                0x00002e78                . = ALIGN (0x8)
                0x00002e78                _etext = .

.ramvectors     0x20000000       0xc0
                0x20000000                __cy_region_start_ram = .
 *(.ramvectors)
 .ramvectors    0x20000000       0xc0 .\CortexM0\ARM_GCC_484\Debug\Cm0Start.o
                0x20000000                CyRamVectors

.noinit         0x200000c0        0x4
 *(.noinit)
 .noinit        0x200000c0        0x4 .\CortexM0\ARM_GCC_484\Debug\Cm0Start.o

.data           0x200000c8       0x80 load address 0x00002e78
                0x200000c8                __cy_region_start_data = .
 *(.jcr)
 .jcr           0x200000c8        0x0 c:/program files (x86)/cypress/psoc creator/3.1/psoc creator/import/gnu_cs/arm/4.8.4/bin/../lib/gcc/arm-none-eabi/4.8.4/armv6-m/crtbegin.o
 .jcr           0x200000c8        0x4 c:/program files (x86)/cypress/psoc creator/3.1/psoc creator/import/gnu_cs/arm/4.8.4/bin/../lib/gcc/arm-none-eabi/4.8.4/armv6-m/crtend.o
 *(.got.plt)
 *(.got)
 *(.shdata)
 *(.data .data.* .gnu.linkonce.d.*)
 .data          0x200000cc        0x4 .\CortexM0\ARM_GCC_484\Debug\Cm0Start.o
 .data          0x200000d0        0x4 .\CortexM0\ARM_GCC_484\Debug\CRT_timer.a(cyfitter_cfg.o)
 .data          0x200000d4       0x10 .\CortexM0\ARM_GCC_484\Debug\CRT_timer.a(CyLib.o)
                0x200000d4                cydelayFreqHz
                0x200000d8                cydelayFreqKhz
                0x200000dc                cydelayFreqMhz
                0x200000e0                cydelay32kMs
 .data.impure_data
                0x200000e4       0x60 c:/program files (x86)/cypress/psoc creator/3.1/psoc creator/import/gnu_cs/arm/4.8.4/bin/../lib/gcc/arm-none-eabi/4.8.4/../../../../arm-none-eabi/lib/armv6-m\libg_s.a(lib_a-impure.o)
 .data._impure_ptr
                0x20000144        0x4 c:/program files (x86)/cypress/psoc creator/3.1/psoc creator/import/gnu_cs/arm/4.8.4/bin/../lib/gcc/arm-none-eabi/4.8.4/../../../../arm-none-eabi/lib/armv6-m\libg_s.a(lib_a-impure.o)
                0x20000144                _impure_ptr
                0x20000148                . = ALIGN (0x8)
 *(.ram)
                0x20000148                _edata = .

.igot.plt       0x20000148        0x0 load address 0x00002ef8
 .igot.plt      0x00000000        0x0 c:/program files (x86)/cypress/psoc creator/3.1/psoc creator/import/gnu_cs/arm/4.8.4/bin/../lib/gcc/arm-none-eabi/4.8.4/armv6-m/crtbegin.o

.bss            0x20000148       0x58 load address 0x00002ef8
                0x20000148                PROVIDE (__bss_start__, .)
 *(.shbss)
 *(.bss .bss.* .gnu.linkonce.b.*)
 .bss           0x20000148       0x1c c:/program files (x86)/cypress/psoc creator/3.1/psoc creator/import/gnu_cs/arm/4.8.4/bin/../lib/gcc/arm-none-eabi/4.8.4/armv6-m/crtbegin.o
 .bss           0x20000164        0x1 .\CortexM0\ARM_GCC_484\Debug\CRT_timer.a(Timer_1.o)
                0x20000164                Timer_1_initVar
 *fill*         0x20000165        0x3 
 .bss           0x20000168        0x8 .\CortexM0\ARM_GCC_484\Debug\CRT_timer.a(UART_1.o)
                0x20000168                UART_1_initVar
                0x2000016c                UART_1_customIntrHandler
 .bss           0x20000170        0x2 .\CortexM0\ARM_GCC_484\Debug\CRT_timer.a(LCD.o)
                0x20000170                LCD_enableState
                0x20000171                LCD_initVar
 .bss           0x20000172        0x1 .\CortexM0\ARM_GCC_484\Debug\CRT_timer.a(ADC.o)
                0x20000172                ADC_initVar
 *fill*         0x20000173        0x1 
 .bss.__malloc_sbrk_start
                0x20000174        0x4 c:/program files (x86)/cypress/psoc creator/3.1/psoc creator/import/gnu_cs/arm/4.8.4/bin/../lib/gcc/arm-none-eabi/4.8.4/../../../../arm-none-eabi/lib/armv6-m\libg_s.a(lib_a-nano-mallocr.o)
                0x20000174                __malloc_sbrk_start
 .bss.__malloc_free_list
                0x20000178        0x4 c:/program files (x86)/cypress/psoc creator/3.1/psoc creator/import/gnu_cs/arm/4.8.4/bin/../lib/gcc/arm-none-eabi/4.8.4/../../../../arm-none-eabi/lib/armv6-m\libg_s.a(lib_a-nano-mallocr.o)
                0x20000178                __malloc_free_list
 *(COMMON)
 COMMON         0x2000017c        0xe .\CortexM0\ARM_GCC_484\Debug\main.o
                0x2000017c                running
                0x2000017e                lcdBtnOld
                0x20000180                BTN
                0x20000182                V_start
                0x20000184                time
                0x20000188                V_new
 *fill*         0x2000018a        0x2 
 COMMON         0x2000018c        0xc .\CortexM0\ARM_GCC_484\Debug\CRT_timer.a(ADC.o)
                0x2000018c                ADC_countsPer10Volt
                0x20000194                ADC_offset
 COMMON         0x20000198        0x4 c:/program files (x86)/cypress/psoc creator/3.1/psoc creator/import/gnu_cs/arm/4.8.4/bin/../lib/gcc/arm-none-eabi/4.8.4/../../../../arm-none-eabi/lib/armv6-m\libg_s.a(lib_a-reent.o)
                0x20000198                errno
                0x200001a0                . = ALIGN (0x8)
 *fill*         0x2000019c        0x4 
 *(.ram.b)
                0x200001a0                _end = .
                0x200001a0                __end = .
                0x200001a0                PROVIDE (end, .)
                0x200001a0                PROVIDE (__bss_end__, .)
                0x00002e78                __cy_region_init_ram = LOADADDR (.data)
                0x00000080                __cy_region_init_size_ram = (_edata - ADDR (.data))
                0x00000058                __cy_region_zero_size_ram = (_end - _edata)

.heap           0x200001a0       0x80 load address 0x00002ef8
                0x200001a0                . = _end
                0x20000220                . = (. + 0x80)
 *fill*         0x200001a0       0x80 
                0x20000220                __cy_heap_limit = .

.stack          0x20000c00      0x400
                0x20000c00                __cy_stack_limit = .
                0x20001000                . = (. + 0x400)
 *fill*         0x20000c00      0x400 
                0x00000001                ASSERT ((__cy_stack_limit >= __cy_heap_limit), region RAM overflowed with stack)

.cyloadermeta
 *(.cyloadermeta)

.cyloadablemeta
 *(.cyloadablemeta)

.cyflashprotect
                0x90400000       0x20
 *(.cyflashprotect)
 .cyflashprotect
                0x90400000       0x20 .\CortexM0\ARM_GCC_484\Debug\cymetadata.o
                0x90400000                cy_meta_flashprotect

.cymeta         0x90500000        0xc
 *(.cymeta)
 .cymeta        0x90500000        0xc .\CortexM0\ARM_GCC_484\Debug\cymetadata.o
                0x90500000                cy_metadata

.cychipprotect  0x90600000        0x4
 *(.cychipprotect)
 .cychipprotect
                0x90600000        0x4 .\CortexM0\ARM_GCC_484\Debug\cymetadata.o
                0x90600000                cy_meta_chipprotect

.rel.dyn        0x00002ef8        0x0 load address 0x90600004
 .rel.iplt      0x00000000        0x0 c:/program files (x86)/cypress/psoc creator/3.1/psoc creator/import/gnu_cs/arm/4.8.4/bin/../lib/gcc/arm-none-eabi/4.8.4/armv6-m/crtbegin.o

.stab
 *(.stab)

.stabstr
 *(.stabstr)

.debug
 *(.debug)

.line
 *(.line)

.debug_srcinfo
 *(.debug_srcinfo)

.debug_sfnames
 *(.debug_sfnames)

.debug_aranges  0x00000000      0x718
 *(.debug_aranges)
 .debug_aranges
                0x00000000       0x38 .\CortexM0\ARM_GCC_484\Debug\main.o
 .debug_aranges
                0x00000038       0x18 .\CortexM0\ARM_GCC_484\Debug\menus.o
 .debug_aranges
                0x00000050       0x18 .\CortexM0\ARM_GCC_484\Debug\cymetadata.o
 .debug_aranges
                0x00000068       0x48 .\CortexM0\ARM_GCC_484\Debug\Cm0Start.o
 .debug_aranges
                0x000000b0       0x60 .\CortexM0\ARM_GCC_484\Debug\CRT_timer.a(cyfitter_cfg.o)
 .debug_aranges
                0x00000110       0x90 .\CortexM0\ARM_GCC_484\Debug\CRT_timer.a(Timer_1.o)
 .debug_aranges
                0x000001a0       0x80 .\CortexM0\ARM_GCC_484\Debug\CRT_timer.a(sw_int.o)
 .debug_aranges
                0x00000220       0x20 .\CortexM0\ARM_GCC_484\Debug\CRT_timer.a(CyBootAsmGnu.o)
 .debug_aranges
                0x00000240      0x230 .\CortexM0\ARM_GCC_484\Debug\CRT_timer.a(CyLib.o)
 .debug_aranges
                0x00000470       0x68 .\CortexM0\ARM_GCC_484\Debug\CRT_timer.a(UART_1.o)
 .debug_aranges
                0x000004d8       0x48 .\CortexM0\ARM_GCC_484\Debug\CRT_timer.a(UART_1_SPI_UART.o)
 .debug_aranges
                0x00000520       0x40 .\CortexM0\ARM_GCC_484\Debug\CRT_timer.a(UART_1_UART.o)
 .debug_aranges
                0x00000560       0x90 .\CortexM0\ARM_GCC_484\Debug\CRT_timer.a(LCD.o)
 .debug_aranges
                0x000005f0       0x20 .\CortexM0\ARM_GCC_484\Debug\CRT_timer.a(LCD_CustChars.o)
 .debug_aranges
                0x00000610       0xa8 .\CortexM0\ARM_GCC_484\Debug\CRT_timer.a(ADC.o)
 .debug_aranges
                0x000006b8       0x20 .\CortexM0\ARM_GCC_484\Debug\CRT_timer.a(ADC_INT.o)
 .debug_aranges
                0x000006d8       0x40 .\CortexM0\ARM_GCC_484\Debug\CRT_timer.a(B_press.o)

.debug_pubnames
 *(.debug_pubnames)

.debug_info     0x00000000     0x2cde
 *(.debug_info .gnu.linkonce.wi.*)
 .debug_info    0x00000000      0x203 .\CortexM0\ARM_GCC_484\Debug\main.o
 .debug_info    0x00000203       0x80 .\CortexM0\ARM_GCC_484\Debug\menus.o
 .debug_info    0x00000283       0xfd .\CortexM0\ARM_GCC_484\Debug\cymetadata.o
 .debug_info    0x00000380      0x2ff .\CortexM0\ARM_GCC_484\Debug\Cm0Start.o
 .debug_info    0x0000067f      0x488 .\CortexM0\ARM_GCC_484\Debug\CRT_timer.a(cyfitter_cfg.o)
 .debug_info    0x00000b07      0x252 .\CortexM0\ARM_GCC_484\Debug\CRT_timer.a(Timer_1.o)
 .debug_info    0x00000d59      0x241 .\CortexM0\ARM_GCC_484\Debug\CRT_timer.a(sw_int.o)
 .debug_info    0x00000f9a       0x96 .\CortexM0\ARM_GCC_484\Debug\CRT_timer.a(CyBootAsmGnu.o)
 .debug_info    0x00001030      0xc5b .\CortexM0\ARM_GCC_484\Debug\CRT_timer.a(CyLib.o)
 .debug_info    0x00001c8b      0x1eb .\CortexM0\ARM_GCC_484\Debug\CRT_timer.a(UART_1.o)
 .debug_info    0x00001e76      0x1ac .\CortexM0\ARM_GCC_484\Debug\CRT_timer.a(UART_1_SPI_UART.o)
 .debug_info    0x00002022      0x18c .\CortexM0\ARM_GCC_484\Debug\CRT_timer.a(UART_1_UART.o)
 .debug_info    0x000021ae      0x390 .\CortexM0\ARM_GCC_484\Debug\CRT_timer.a(LCD.o)
 .debug_info    0x0000253e       0xf6 .\CortexM0\ARM_GCC_484\Debug\CRT_timer.a(LCD_CustChars.o)
 .debug_info    0x00002634      0x49a .\CortexM0\ARM_GCC_484\Debug\CRT_timer.a(ADC.o)
 .debug_info    0x00002ace       0xc4 .\CortexM0\ARM_GCC_484\Debug\CRT_timer.a(ADC_INT.o)
 .debug_info    0x00002b92      0x14c .\CortexM0\ARM_GCC_484\Debug\CRT_timer.a(B_press.o)

.debug_abbrev   0x00000000     0x113d
 *(.debug_abbrev)
 .debug_abbrev  0x00000000       0xff .\CortexM0\ARM_GCC_484\Debug\main.o
 .debug_abbrev  0x000000ff       0x26 .\CortexM0\ARM_GCC_484\Debug\menus.o
 .debug_abbrev  0x00000125       0x5d .\CortexM0\ARM_GCC_484\Debug\cymetadata.o
 .debug_abbrev  0x00000182      0x1b4 .\CortexM0\ARM_GCC_484\Debug\Cm0Start.o
 .debug_abbrev  0x00000336      0x1b3 .\CortexM0\ARM_GCC_484\Debug\CRT_timer.a(cyfitter_cfg.o)
 .debug_abbrev  0x000004e9      0x128 .\CortexM0\ARM_GCC_484\Debug\CRT_timer.a(Timer_1.o)
 .debug_abbrev  0x00000611      0x168 .\CortexM0\ARM_GCC_484\Debug\CRT_timer.a(sw_int.o)
 .debug_abbrev  0x00000779       0x14 .\CortexM0\ARM_GCC_484\Debug\CRT_timer.a(CyBootAsmGnu.o)
 .debug_abbrev  0x0000078d      0x207 .\CortexM0\ARM_GCC_484\Debug\CRT_timer.a(CyLib.o)
 .debug_abbrev  0x00000994      0x122 .\CortexM0\ARM_GCC_484\Debug\CRT_timer.a(UART_1.o)
 .debug_abbrev  0x00000ab6      0x119 .\CortexM0\ARM_GCC_484\Debug\CRT_timer.a(UART_1_SPI_UART.o)
 .debug_abbrev  0x00000bcf       0xdd .\CortexM0\ARM_GCC_484\Debug\CRT_timer.a(UART_1_UART.o)
 .debug_abbrev  0x00000cac      0x156 .\CortexM0\ARM_GCC_484\Debug\CRT_timer.a(LCD.o)
 .debug_abbrev  0x00000e02       0xa2 .\CortexM0\ARM_GCC_484\Debug\CRT_timer.a(LCD_CustChars.o)
 .debug_abbrev  0x00000ea4      0x170 .\CortexM0\ARM_GCC_484\Debug\CRT_timer.a(ADC.o)
 .debug_abbrev  0x00001014       0x72 .\CortexM0\ARM_GCC_484\Debug\CRT_timer.a(ADC_INT.o)
 .debug_abbrev  0x00001086       0xb7 .\CortexM0\ARM_GCC_484\Debug\CRT_timer.a(B_press.o)

.debug_line     0x00000000     0x1794
 *(.debug_line)
 .debug_line    0x00000000      0x109 .\CortexM0\ARM_GCC_484\Debug\main.o
 .debug_line    0x00000109       0x1d .\CortexM0\ARM_GCC_484\Debug\menus.o
 .debug_line    0x00000126       0x53 .\CortexM0\ARM_GCC_484\Debug\cymetadata.o
 .debug_line    0x00000179      0x1bb .\CortexM0\ARM_GCC_484\Debug\Cm0Start.o
 .debug_line    0x00000334      0x1dc .\CortexM0\ARM_GCC_484\Debug\CRT_timer.a(cyfitter_cfg.o)
 .debug_line    0x00000510      0x176 .\CortexM0\ARM_GCC_484\Debug\CRT_timer.a(Timer_1.o)
 .debug_line    0x00000686      0x145 .\CortexM0\ARM_GCC_484\Debug\CRT_timer.a(sw_int.o)
 .debug_line    0x000007cb       0x69 .\CortexM0\ARM_GCC_484\Debug\CRT_timer.a(CyBootAsmGnu.o)
 .debug_line    0x00000834      0x703 .\CortexM0\ARM_GCC_484\Debug\CRT_timer.a(CyLib.o)
 .debug_line    0x00000f37      0x121 .\CortexM0\ARM_GCC_484\Debug\CRT_timer.a(UART_1.o)
 .debug_line    0x00001058       0xe8 .\CortexM0\ARM_GCC_484\Debug\CRT_timer.a(UART_1_SPI_UART.o)
 .debug_line    0x00001140       0xd0 .\CortexM0\ARM_GCC_484\Debug\CRT_timer.a(UART_1_UART.o)
 .debug_line    0x00001210      0x1c2 .\CortexM0\ARM_GCC_484\Debug\CRT_timer.a(LCD.o)
 .debug_line    0x000013d2       0x7d .\CortexM0\ARM_GCC_484\Debug\CRT_timer.a(LCD_CustChars.o)
 .debug_line    0x0000144f      0x234 .\CortexM0\ARM_GCC_484\Debug\CRT_timer.a(ADC.o)
 .debug_line    0x00001683       0x64 .\CortexM0\ARM_GCC_484\Debug\CRT_timer.a(ADC_INT.o)
 .debug_line    0x000016e7       0xad .\CortexM0\ARM_GCC_484\Debug\CRT_timer.a(B_press.o)

.debug_frame    0x00000000     0x1b30
 *(.debug_frame)
 .debug_frame   0x00000000       0x94 .\CortexM0\ARM_GCC_484\Debug\main.o
 .debug_frame   0x00000094       0xc8 .\CortexM0\ARM_GCC_484\Debug\Cm0Start.o
 .debug_frame   0x0000015c      0x128 .\CortexM0\ARM_GCC_484\Debug\CRT_timer.a(cyfitter_cfg.o)
 .debug_frame   0x00000284      0x1cc .\CortexM0\ARM_GCC_484\Debug\CRT_timer.a(Timer_1.o)
 .debug_frame   0x00000450      0x190 .\CortexM0\ARM_GCC_484\Debug\CRT_timer.a(sw_int.o)
 .debug_frame   0x000005e0      0x83c .\CortexM0\ARM_GCC_484\Debug\CRT_timer.a(CyLib.o)
 .debug_frame   0x00000e1c      0x134 .\CortexM0\ARM_GCC_484\Debug\CRT_timer.a(UART_1.o)
 .debug_frame   0x00000f50       0xcc .\CortexM0\ARM_GCC_484\Debug\CRT_timer.a(UART_1_SPI_UART.o)
 .debug_frame   0x0000101c       0xac .\CortexM0\ARM_GCC_484\Debug\CRT_timer.a(UART_1_UART.o)
 .debug_frame   0x000010c8      0x1e0 .\CortexM0\ARM_GCC_484\Debug\CRT_timer.a(LCD.o)
 .debug_frame   0x000012a8       0x30 .\CortexM0\ARM_GCC_484\Debug\CRT_timer.a(LCD_CustChars.o)
 .debug_frame   0x000012d8      0x24c .\CortexM0\ARM_GCC_484\Debug\CRT_timer.a(ADC.o)
 .debug_frame   0x00001524       0x30 .\CortexM0\ARM_GCC_484\Debug\CRT_timer.a(ADC_INT.o)
 .debug_frame   0x00001554       0xa8 .\CortexM0\ARM_GCC_484\Debug\CRT_timer.a(B_press.o)
 .debug_frame   0x000015fc       0x20 c:/program files (x86)/cypress/psoc creator/3.1/psoc creator/import/gnu_cs/arm/4.8.4/bin/../lib/gcc/arm-none-eabi/4.8.4/armv6-m\libgcc.a(_udivsi3.o)
 .debug_frame   0x0000161c       0x20 c:/program files (x86)/cypress/psoc creator/3.1/psoc creator/import/gnu_cs/arm/4.8.4/bin/../lib/gcc/arm-none-eabi/4.8.4/armv6-m\libgcc.a(_divsi3.o)
 .debug_frame   0x0000163c       0x30 c:/program files (x86)/cypress/psoc creator/3.1/psoc creator/import/gnu_cs/arm/4.8.4/bin/../lib/gcc/arm-none-eabi/4.8.4/armv6-m\libgcc.a(_muldi3.o)
 .debug_frame   0x0000166c       0x50 c:/program files (x86)/cypress/psoc creator/3.1/psoc creator/import/gnu_cs/arm/4.8.4/bin/../lib/gcc/arm-none-eabi/4.8.4/armv6-m\libgcc.a(bpabi.o)
 .debug_frame   0x000016bc       0x3c c:/program files (x86)/cypress/psoc creator/3.1/psoc creator/import/gnu_cs/arm/4.8.4/bin/../lib/gcc/arm-none-eabi/4.8.4/armv6-m\libgcc.a(divsf3.o)
 .debug_frame   0x000016f8       0x3c c:/program files (x86)/cypress/psoc creator/3.1/psoc creator/import/gnu_cs/arm/4.8.4/bin/../lib/gcc/arm-none-eabi/4.8.4/armv6-m\libgcc.a(mulsf3.o)
 .debug_frame   0x00001734       0x2c c:/program files (x86)/cypress/psoc creator/3.1/psoc creator/import/gnu_cs/arm/4.8.4/bin/../lib/gcc/arm-none-eabi/4.8.4/armv6-m\libgcc.a(floatsisf.o)
 .debug_frame   0x00001760       0x3c c:/program files (x86)/cypress/psoc creator/3.1/psoc creator/import/gnu_cs/arm/4.8.4/bin/../lib/gcc/arm-none-eabi/4.8.4/armv6-m\libgcc.a(_divdi3.o)
 .debug_frame   0x0000179c       0x3c c:/program files (x86)/cypress/psoc creator/3.1/psoc creator/import/gnu_cs/arm/4.8.4/bin/../lib/gcc/arm-none-eabi/4.8.4/armv6-m\libgcc.a(_udivdi3.o)
 .debug_frame   0x000017d8       0x20 c:/program files (x86)/cypress/psoc creator/3.1/psoc creator/import/gnu_cs/arm/4.8.4/bin/../lib/gcc/arm-none-eabi/4.8.4/../../../../arm-none-eabi/lib/armv6-m\libg_s.a(lib_a-errno.o)
 .debug_frame   0x000017f8       0x28 c:/program files (x86)/cypress/psoc creator/3.1/psoc creator/import/gnu_cs/arm/4.8.4/bin/../lib/gcc/arm-none-eabi/4.8.4/../../../../arm-none-eabi/lib/armv6-m\libg_s.a(lib_a-exit.o)
 .debug_frame   0x00001820       0x2c c:/program files (x86)/cypress/psoc creator/3.1/psoc creator/import/gnu_cs/arm/4.8.4/bin/../lib/gcc/arm-none-eabi/4.8.4/../../../../arm-none-eabi/lib/armv6-m\libg_s.a(lib_a-init.o)
 .debug_frame   0x0000184c       0x28 c:/program files (x86)/cypress/psoc creator/3.1/psoc creator/import/gnu_cs/arm/4.8.4/bin/../lib/gcc/arm-none-eabi/4.8.4/../../../../arm-none-eabi/lib/armv6-m\libg_s.a(lib_a-memcpy-stub.o)
 .debug_frame   0x00001874       0x20 c:/program files (x86)/cypress/psoc creator/3.1/psoc creator/import/gnu_cs/arm/4.8.4/bin/../lib/gcc/arm-none-eabi/4.8.4/../../../../arm-none-eabi/lib/armv6-m\libg_s.a(lib_a-memset.o)
 .debug_frame   0x00001894       0x4c c:/program files (x86)/cypress/psoc creator/3.1/psoc creator/import/gnu_cs/arm/4.8.4/bin/../lib/gcc/arm-none-eabi/4.8.4/../../../../arm-none-eabi/lib/armv6-m\libg_s.a(lib_a-sprintf.o)
 .debug_frame   0x000018e0       0x74 c:/program files (x86)/cypress/psoc creator/3.1/psoc creator/import/gnu_cs/arm/4.8.4/bin/../lib/gcc/arm-none-eabi/4.8.4/../../../../arm-none-eabi/lib/armv6-m\libg_s.a(lib_a-svfprintf.o)
 .debug_frame   0x00001954       0x54 c:/program files (x86)/cypress/psoc creator/3.1/psoc creator/import/gnu_cs/arm/4.8.4/bin/../lib/gcc/arm-none-eabi/4.8.4/../../../../arm-none-eabi/lib/armv6-m\libg_s.a(lib_a-vfprintf_i.o)
 .debug_frame   0x000019a8       0x20 c:/program files (x86)/cypress/psoc creator/3.1/psoc creator/import/gnu_cs/arm/4.8.4/bin/../lib/gcc/arm-none-eabi/4.8.4/../../../../arm-none-eabi/lib/armv6-m\libg_s.a(lib_a-memchr-stub.o)
 .debug_frame   0x000019c8       0x2c c:/program files (x86)/cypress/psoc creator/3.1/psoc creator/import/gnu_cs/arm/4.8.4/bin/../lib/gcc/arm-none-eabi/4.8.4/../../../../arm-none-eabi/lib/armv6-m\libg_s.a(lib_a-memmove.o)
 .debug_frame   0x000019f4       0x2c c:/program files (x86)/cypress/psoc creator/3.1/psoc creator/import/gnu_cs/arm/4.8.4/bin/../lib/gcc/arm-none-eabi/4.8.4/../../../../arm-none-eabi/lib/armv6-m\libg_s.a(lib_a-nano-freer.o)
 .debug_frame   0x00001a20       0x2c c:/program files (x86)/cypress/psoc creator/3.1/psoc creator/import/gnu_cs/arm/4.8.4/bin/../lib/gcc/arm-none-eabi/4.8.4/../../../../arm-none-eabi/lib/armv6-m\libg_s.a(lib_a-nano-mallocr.o)
 .debug_frame   0x00001a4c       0x30 c:/program files (x86)/cypress/psoc creator/3.1/psoc creator/import/gnu_cs/arm/4.8.4/bin/../lib/gcc/arm-none-eabi/4.8.4/../../../../arm-none-eabi/lib/armv6-m\libg_s.a(lib_a-nano-reallocr.o)
 .debug_frame   0x00001a7c       0x2c c:/program files (x86)/cypress/psoc creator/3.1/psoc creator/import/gnu_cs/arm/4.8.4/bin/../lib/gcc/arm-none-eabi/4.8.4/../../../../arm-none-eabi/lib/armv6-m\libg_s.a(lib_a-sbrkr.o)
 .debug_frame   0x00001aa8       0x20 c:/program files (x86)/cypress/psoc creator/3.1/psoc creator/import/gnu_cs/arm/4.8.4/bin/../lib/gcc/arm-none-eabi/4.8.4/../../../../arm-none-eabi/lib/armv6-m\libg_s.a(lib_a-strlen.o)
 .debug_frame   0x00001ac8       0x20 c:/program files (x86)/cypress/psoc creator/3.1/psoc creator/import/gnu_cs/arm/4.8.4/bin/../lib/gcc/arm-none-eabi/4.8.4/../../../../arm-none-eabi/lib/armv6-m\libg_s.a(lib_a-nano-msizer.o)
 .debug_frame   0x00001ae8       0x48 c:/program files (x86)/cypress/psoc creator/3.1/psoc creator/import/gnu_cs/arm/4.8.4/bin/../lib/gcc/arm-none-eabi/4.8.4/../../../../arm-none-eabi/lib/armv6-m\libg_s.a(lib_a-reent.o)

.debug_str      0x00000000     0x1611
 *(.debug_str)
 .debug_str     0x00000000      0x1d5 .\CortexM0\ARM_GCC_484\Debug\main.o
                                0x213 (size before relaxing)
 .debug_str     0x000001d5        0xa .\CortexM0\ARM_GCC_484\Debug\menus.o
                                0x16b (size before relaxing)
 .debug_str     0x000001df       0x5b .\CortexM0\ARM_GCC_484\Debug\cymetadata.o
                                0x1c2 (size before relaxing)
 .debug_str     0x0000023a      0x12e .\CortexM0\ARM_GCC_484\Debug\Cm0Start.o
                                0x2b0 (size before relaxing)
 .debug_str     0x00000368      0x1bf .\CortexM0\ARM_GCC_484\Debug\CRT_timer.a(cyfitter_cfg.o)
                                0x377 (size before relaxing)
 .debug_str     0x00000527      0x1a1 .\CortexM0\ARM_GCC_484\Debug\CRT_timer.a(Timer_1.o)
                                0x31a (size before relaxing)
 .debug_str     0x000006c8      0x10e .\CortexM0\ARM_GCC_484\Debug\CRT_timer.a(sw_int.o)
                                0x2b3 (size before relaxing)
 .debug_str     0x000007d6      0x701 .\CortexM0\ARM_GCC_484\Debug\CRT_timer.a(CyLib.o)
                                0x8c9 (size before relaxing)
 .debug_str     0x00000ed7      0x131 .\CortexM0\ARM_GCC_484\Debug\CRT_timer.a(UART_1.o)
                                0x2b2 (size before relaxing)
 .debug_str     0x00001008       0xf1 .\CortexM0\ARM_GCC_484\Debug\CRT_timer.a(UART_1_SPI_UART.o)
                                0x270 (size before relaxing)
 .debug_str     0x000010f9       0xc9 .\CortexM0\ARM_GCC_484\Debug\CRT_timer.a(UART_1_UART.o)
                                0x23f (size before relaxing)
 .debug_str     0x000011c2      0x15e .\CortexM0\ARM_GCC_484\Debug\CRT_timer.a(LCD.o)
                                0x2f0 (size before relaxing)
 .debug_str     0x00001320       0x48 .\CortexM0\ARM_GCC_484\Debug\CRT_timer.a(LCD_CustChars.o)
                                0x1c7 (size before relaxing)
 .debug_str     0x00001368      0x1e1 .\CortexM0\ARM_GCC_484\Debug\CRT_timer.a(ADC.o)
                                0x38f (size before relaxing)
 .debug_str     0x00001549       0x37 .\CortexM0\ARM_GCC_484\Debug\CRT_timer.a(ADC_INT.o)
                                0x1a5 (size before relaxing)
 .debug_str     0x00001580       0x91 .\CortexM0\ARM_GCC_484\Debug\CRT_timer.a(B_press.o)
                                0x207 (size before relaxing)

.debug_loc
 *(.debug_loc)

.debug_macinfo
 *(.debug_macinfo)

.debug_ranges   0x00000000      0x5e8
 *(.debug_ranges)
 .debug_ranges  0x00000000       0x28 .\CortexM0\ARM_GCC_484\Debug\main.o
 .debug_ranges  0x00000028       0x38 .\CortexM0\ARM_GCC_484\Debug\Cm0Start.o
 .debug_ranges  0x00000060       0x50 .\CortexM0\ARM_GCC_484\Debug\CRT_timer.a(cyfitter_cfg.o)
 .debug_ranges  0x000000b0       0x80 .\CortexM0\ARM_GCC_484\Debug\CRT_timer.a(Timer_1.o)
 .debug_ranges  0x00000130       0x70 .\CortexM0\ARM_GCC_484\Debug\CRT_timer.a(sw_int.o)
 .debug_ranges  0x000001a0      0x220 .\CortexM0\ARM_GCC_484\Debug\CRT_timer.a(CyLib.o)
 .debug_ranges  0x000003c0       0x58 .\CortexM0\ARM_GCC_484\Debug\CRT_timer.a(UART_1.o)
 .debug_ranges  0x00000418       0x38 .\CortexM0\ARM_GCC_484\Debug\CRT_timer.a(UART_1_SPI_UART.o)
 .debug_ranges  0x00000450       0x30 .\CortexM0\ARM_GCC_484\Debug\CRT_timer.a(UART_1_UART.o)
 .debug_ranges  0x00000480       0x80 .\CortexM0\ARM_GCC_484\Debug\CRT_timer.a(LCD.o)
 .debug_ranges  0x00000500       0x10 .\CortexM0\ARM_GCC_484\Debug\CRT_timer.a(LCD_CustChars.o)
 .debug_ranges  0x00000510       0x98 .\CortexM0\ARM_GCC_484\Debug\CRT_timer.a(ADC.o)
 .debug_ranges  0x000005a8       0x10 .\CortexM0\ARM_GCC_484\Debug\CRT_timer.a(ADC_INT.o)
 .debug_ranges  0x000005b8       0x30 .\CortexM0\ARM_GCC_484\Debug\CRT_timer.a(B_press.o)

.comment        0x00000000       0x70
 .comment       0x00000000       0x70 .\CortexM0\ARM_GCC_484\Debug\main.o
                                 0x71 (size before relaxing)
 .comment       0x00000000       0x71 .\CortexM0\ARM_GCC_484\Debug\menus.o
 .comment       0x00000000       0x71 .\CortexM0\ARM_GCC_484\Debug\cymetadata.o
 .comment       0x00000000       0x71 .\CortexM0\ARM_GCC_484\Debug\Cm0Start.o
 .comment       0x00000000       0x71 .\CortexM0\ARM_GCC_484\Debug\CRT_timer.a(cyfitter_cfg.o)
 .comment       0x00000000       0x71 .\CortexM0\ARM_GCC_484\Debug\CRT_timer.a(Timer_1.o)
 .comment       0x00000000       0x71 .\CortexM0\ARM_GCC_484\Debug\CRT_timer.a(sw_int.o)
 .comment       0x00000000       0x71 .\CortexM0\ARM_GCC_484\Debug\CRT_timer.a(CyLib.o)
 .comment       0x00000000       0x71 .\CortexM0\ARM_GCC_484\Debug\CRT_timer.a(UART_1.o)
 .comment       0x00000000       0x71 .\CortexM0\ARM_GCC_484\Debug\CRT_timer.a(UART_1_SPI_UART.o)
 .comment       0x00000000       0x71 .\CortexM0\ARM_GCC_484\Debug\CRT_timer.a(UART_1_UART.o)
 .comment       0x00000000       0x71 .\CortexM0\ARM_GCC_484\Debug\CRT_timer.a(LCD.o)
 .comment       0x00000000       0x71 .\CortexM0\ARM_GCC_484\Debug\CRT_timer.a(LCD_CustChars.o)
 .comment       0x00000000       0x71 .\CortexM0\ARM_GCC_484\Debug\CRT_timer.a(ADC.o)
 .comment       0x00000000       0x71 .\CortexM0\ARM_GCC_484\Debug\CRT_timer.a(ADC_INT.o)
 .comment       0x00000000       0x71 .\CortexM0\ARM_GCC_484\Debug\CRT_timer.a(B_press.o)

.debug_weaknames
 *(.debug_weaknames)

.debug_funcnames
 *(.debug_funcnames)

.debug_typenames
 *(.debug_typenames)

.debug_varnames
 *(.debug_varnames)

.note.gnu.arm.ident
 *(.note.gnu.arm.ident)

.ARM.attributes
                0x00000000       0x28
 *(.ARM.attributes)
 .ARM.attributes
                0x00000000       0x1e c:/program files (x86)/cypress/psoc creator/3.1/psoc creator/import/gnu_cs/arm/4.8.4/bin/../lib/gcc/arm-none-eabi/4.8.4/armv6-m/crti.o
 .ARM.attributes
                0x0000001e       0x2c c:/program files (x86)/cypress/psoc creator/3.1/psoc creator/import/gnu_cs/arm/4.8.4/bin/../lib/gcc/arm-none-eabi/4.8.4/armv6-m/crtbegin.o
 .ARM.attributes
                0x0000004a       0x1b c:/program files (x86)/cypress/psoc creator/3.1/psoc creator/import/gnu_cs/arm/4.8.4/bin/../lib/gcc/arm-none-eabi/4.8.4/../../../../arm-none-eabi/lib/armv6-m/crt0.o
 .ARM.attributes
                0x00000065       0x31 .\CortexM0\ARM_GCC_484\Debug\main.o
 .ARM.attributes
                0x00000096       0x31 .\CortexM0\ARM_GCC_484\Debug\menus.o
 .ARM.attributes
                0x000000c7       0x31 .\CortexM0\ARM_GCC_484\Debug\cymetadata.o
 .ARM.attributes
                0x000000f8       0x31 .\CortexM0\ARM_GCC_484\Debug\Cm0Start.o
 .ARM.attributes
                0x00000129       0x31 .\CortexM0\ARM_GCC_484\Debug\CRT_timer.a(cyfitter_cfg.o)
 .ARM.attributes
                0x0000015a       0x31 .\CortexM0\ARM_GCC_484\Debug\CRT_timer.a(Timer_1.o)
 .ARM.attributes
                0x0000018b       0x31 .\CortexM0\ARM_GCC_484\Debug\CRT_timer.a(sw_int.o)
 .ARM.attributes
                0x000001bc       0x21 .\CortexM0\ARM_GCC_484\Debug\CRT_timer.a(CyBootAsmGnu.o)
 .ARM.attributes
                0x000001dd       0x31 .\CortexM0\ARM_GCC_484\Debug\CRT_timer.a(CyLib.o)
 .ARM.attributes
                0x0000020e       0x31 .\CortexM0\ARM_GCC_484\Debug\CRT_timer.a(UART_1.o)
 .ARM.attributes
                0x0000023f       0x31 .\CortexM0\ARM_GCC_484\Debug\CRT_timer.a(UART_1_SPI_UART.o)
 .ARM.attributes
                0x00000270       0x31 .\CortexM0\ARM_GCC_484\Debug\CRT_timer.a(UART_1_UART.o)
 .ARM.attributes
                0x000002a1       0x31 .\CortexM0\ARM_GCC_484\Debug\CRT_timer.a(LCD.o)
 .ARM.attributes
                0x000002d2       0x31 .\CortexM0\ARM_GCC_484\Debug\CRT_timer.a(LCD_CustChars.o)
 .ARM.attributes
                0x00000303       0x31 .\CortexM0\ARM_GCC_484\Debug\CRT_timer.a(ADC.o)
 .ARM.attributes
                0x00000334       0x31 .\CortexM0\ARM_GCC_484\Debug\CRT_timer.a(ADC_INT.o)
 .ARM.attributes
                0x00000365       0x31 .\CortexM0\ARM_GCC_484\Debug\CRT_timer.a(B_press.o)
 .ARM.attributes
                0x00000396       0x1e c:/program files (x86)/cypress/psoc creator/3.1/psoc creator/import/gnu_cs/arm/4.8.4/bin/../lib/gcc/arm-none-eabi/4.8.4/armv6-m\libgcc.a(_udivsi3.o)
 .ARM.attributes
                0x000003b4       0x1e c:/program files (x86)/cypress/psoc creator/3.1/psoc creator/import/gnu_cs/arm/4.8.4/bin/../lib/gcc/arm-none-eabi/4.8.4/armv6-m\libgcc.a(_divsi3.o)
 .ARM.attributes
                0x000003d2       0x1e c:/program files (x86)/cypress/psoc creator/3.1/psoc creator/import/gnu_cs/arm/4.8.4/bin/../lib/gcc/arm-none-eabi/4.8.4/armv6-m\libgcc.a(_dvmd_tls.o)
 .ARM.attributes
                0x000003f0       0x1e c:/program files (x86)/cypress/psoc creator/3.1/psoc creator/import/gnu_cs/arm/4.8.4/bin/../lib/gcc/arm-none-eabi/4.8.4/armv6-m\libgcc.a(_aeabi_ldivmod.o)
 .ARM.attributes
                0x0000040e       0x1e c:/program files (x86)/cypress/psoc creator/3.1/psoc creator/import/gnu_cs/arm/4.8.4/bin/../lib/gcc/arm-none-eabi/4.8.4/armv6-m\libgcc.a(_aeabi_uldivmod.o)
 .ARM.attributes
                0x0000042c       0x2c c:/program files (x86)/cypress/psoc creator/3.1/psoc creator/import/gnu_cs/arm/4.8.4/bin/../lib/gcc/arm-none-eabi/4.8.4/armv6-m\libgcc.a(_muldi3.o)
 .ARM.attributes
                0x00000458       0x2c c:/program files (x86)/cypress/psoc creator/3.1/psoc creator/import/gnu_cs/arm/4.8.4/bin/../lib/gcc/arm-none-eabi/4.8.4/armv6-m\libgcc.a(bpabi.o)
 .ARM.attributes
                0x00000484       0x2c c:/program files (x86)/cypress/psoc creator/3.1/psoc creator/import/gnu_cs/arm/4.8.4/bin/../lib/gcc/arm-none-eabi/4.8.4/armv6-m\libgcc.a(divsf3.o)
 .ARM.attributes
                0x000004b0       0x2c c:/program files (x86)/cypress/psoc creator/3.1/psoc creator/import/gnu_cs/arm/4.8.4/bin/../lib/gcc/arm-none-eabi/4.8.4/armv6-m\libgcc.a(mulsf3.o)
 .ARM.attributes
                0x000004dc       0x2c c:/program files (x86)/cypress/psoc creator/3.1/psoc creator/import/gnu_cs/arm/4.8.4/bin/../lib/gcc/arm-none-eabi/4.8.4/armv6-m\libgcc.a(floatsisf.o)
 .ARM.attributes
                0x00000508       0x1e c:/program files (x86)/cypress/psoc creator/3.1/psoc creator/import/gnu_cs/arm/4.8.4/bin/../lib/gcc/arm-none-eabi/4.8.4/armv6-m\libgcc.a(_clzsi2.o)
 .ARM.attributes
                0x00000526       0x2c c:/program files (x86)/cypress/psoc creator/3.1/psoc creator/import/gnu_cs/arm/4.8.4/bin/../lib/gcc/arm-none-eabi/4.8.4/armv6-m\libgcc.a(_divdi3.o)
 .ARM.attributes
                0x00000552       0x2c c:/program files (x86)/cypress/psoc creator/3.1/psoc creator/import/gnu_cs/arm/4.8.4/bin/../lib/gcc/arm-none-eabi/4.8.4/armv6-m\libgcc.a(_udivdi3.o)
 .ARM.attributes
                0x0000057e       0x2c c:/program files (x86)/cypress/psoc creator/3.1/psoc creator/import/gnu_cs/arm/4.8.4/bin/../lib/gcc/arm-none-eabi/4.8.4/../../../../arm-none-eabi/lib/armv6-m\libg_s.a(lib_a-errno.o)
 .ARM.attributes
                0x000005aa       0x2c c:/program files (x86)/cypress/psoc creator/3.1/psoc creator/import/gnu_cs/arm/4.8.4/bin/../lib/gcc/arm-none-eabi/4.8.4/../../../../arm-none-eabi/lib/armv6-m\libg_s.a(lib_a-exit.o)
 .ARM.attributes
                0x000005d6       0x2c c:/program files (x86)/cypress/psoc creator/3.1/psoc creator/import/gnu_cs/arm/4.8.4/bin/../lib/gcc/arm-none-eabi/4.8.4/../../../../arm-none-eabi/lib/armv6-m\libg_s.a(lib_a-impure.o)
 .ARM.attributes
                0x00000602       0x2c c:/program files (x86)/cypress/psoc creator/3.1/psoc creator/import/gnu_cs/arm/4.8.4/bin/../lib/gcc/arm-none-eabi/4.8.4/../../../../arm-none-eabi/lib/armv6-m\libg_s.a(lib_a-init.o)
 .ARM.attributes
                0x0000062e       0x2c c:/program files (x86)/cypress/psoc creator/3.1/psoc creator/import/gnu_cs/arm/4.8.4/bin/../lib/gcc/arm-none-eabi/4.8.4/../../../../arm-none-eabi/lib/armv6-m\libg_s.a(lib_a-memcpy-stub.o)
 .ARM.attributes
                0x0000065a       0x2c c:/program files (x86)/cypress/psoc creator/3.1/psoc creator/import/gnu_cs/arm/4.8.4/bin/../lib/gcc/arm-none-eabi/4.8.4/../../../../arm-none-eabi/lib/armv6-m\libg_s.a(lib_a-memset.o)
 .ARM.attributes
                0x00000686       0x2c c:/program files (x86)/cypress/psoc creator/3.1/psoc creator/import/gnu_cs/arm/4.8.4/bin/../lib/gcc/arm-none-eabi/4.8.4/../../../../arm-none-eabi/lib/armv6-m\libg_s.a(lib_a-sprintf.o)
 .ARM.attributes
                0x000006b2       0x2c c:/program files (x86)/cypress/psoc creator/3.1/psoc creator/import/gnu_cs/arm/4.8.4/bin/../lib/gcc/arm-none-eabi/4.8.4/../../../../arm-none-eabi/lib/armv6-m\libg_s.a(lib_a-svfprintf.o)
 .ARM.attributes
                0x000006de       0x2c c:/program files (x86)/cypress/psoc creator/3.1/psoc creator/import/gnu_cs/arm/4.8.4/bin/../lib/gcc/arm-none-eabi/4.8.4/../../../../arm-none-eabi/lib/armv6-m\libg_s.a(lib_a-vfprintf_i.o)
 .ARM.attributes
                0x0000070a       0x2c c:/program files (x86)/cypress/psoc creator/3.1/psoc creator/import/gnu_cs/arm/4.8.4/bin/../lib/gcc/arm-none-eabi/4.8.4/../../../../arm-none-eabi/lib/armv6-m\libg_s.a(lib_a-memchr-stub.o)
 .ARM.attributes
                0x00000736       0x2c c:/program files (x86)/cypress/psoc creator/3.1/psoc creator/import/gnu_cs/arm/4.8.4/bin/../lib/gcc/arm-none-eabi/4.8.4/../../../../arm-none-eabi/lib/armv6-m\libg_s.a(lib_a-memmove.o)
 .ARM.attributes
                0x00000762       0x2c c:/program files (x86)/cypress/psoc creator/3.1/psoc creator/import/gnu_cs/arm/4.8.4/bin/../lib/gcc/arm-none-eabi/4.8.4/../../../../arm-none-eabi/lib/armv6-m\libg_s.a(lib_a-nano-freer.o)
 .ARM.attributes
                0x0000078e       0x2c c:/program files (x86)/cypress/psoc creator/3.1/psoc creator/import/gnu_cs/arm/4.8.4/bin/../lib/gcc/arm-none-eabi/4.8.4/../../../../arm-none-eabi/lib/armv6-m\libg_s.a(lib_a-nano-mallocr.o)
 .ARM.attributes
                0x000007ba       0x2c c:/program files (x86)/cypress/psoc creator/3.1/psoc creator/import/gnu_cs/arm/4.8.4/bin/../lib/gcc/arm-none-eabi/4.8.4/../../../../arm-none-eabi/lib/armv6-m\libg_s.a(lib_a-nano-reallocr.o)
 .ARM.attributes
                0x000007e6       0x2c c:/program files (x86)/cypress/psoc creator/3.1/psoc creator/import/gnu_cs/arm/4.8.4/bin/../lib/gcc/arm-none-eabi/4.8.4/../../../../arm-none-eabi/lib/armv6-m\libg_s.a(lib_a-sbrkr.o)
 .ARM.attributes
                0x00000812       0x2c c:/program files (x86)/cypress/psoc creator/3.1/psoc creator/import/gnu_cs/arm/4.8.4/bin/../lib/gcc/arm-none-eabi/4.8.4/../../../../arm-none-eabi/lib/armv6-m\libg_s.a(lib_a-strlen.o)
 .ARM.attributes
                0x0000083e       0x2c c:/program files (x86)/cypress/psoc creator/3.1/psoc creator/import/gnu_cs/arm/4.8.4/bin/../lib/gcc/arm-none-eabi/4.8.4/../../../../arm-none-eabi/lib/armv6-m\libg_s.a(lib_a-nano-msizer.o)
 .ARM.attributes
                0x0000086a       0x2c c:/program files (x86)/cypress/psoc creator/3.1/psoc creator/import/gnu_cs/arm/4.8.4/bin/../lib/gcc/arm-none-eabi/4.8.4/../../../../arm-none-eabi/lib/armv6-m\libg_s.a(lib_a-reent.o)
 .ARM.attributes
                0x00000896       0x2c c:/program files (x86)/cypress/psoc creator/3.1/psoc creator/import/gnu_cs/arm/4.8.4/bin/../lib/gcc/arm-none-eabi/4.8.4/armv6-m/crtend.o
 .ARM.attributes
                0x000008c2       0x1e c:/program files (x86)/cypress/psoc creator/3.1/psoc creator/import/gnu_cs/arm/4.8.4/bin/../lib/gcc/arm-none-eabi/4.8.4/armv6-m/crtn.o

/DISCARD/
 *(.note.GNU-stack)
OUTPUT(.\CortexM0\ARM_GCC_484\Debug\CRT_timer.elf elf32-littlearm)
