Archive member included because of file (symbol)

.\CortexM0\ARM_GCC_484\Debug\CRT_timer.a(cyfitter_cfg.o)
                              .\CortexM0\ARM_GCC_484\Debug\Cm0Start.o (cyfitter_cfg)
.\CortexM0\ARM_GCC_484\Debug\CRT_timer.a(Timer_1.o)
                              .\CortexM0\ARM_GCC_484\Debug\main.o (Timer_1_WriteCounter)
.\CortexM0\ARM_GCC_484\Debug\CRT_timer.a(A_press.o)
                              .\CortexM0\ARM_GCC_484\Debug\main.o (A_press_Write)
.\CortexM0\ARM_GCC_484\Debug\CRT_timer.a(sw_int.o)
                              .\CortexM0\ARM_GCC_484\Debug\main.o (sw_int_StartEx)
.\CortexM0\ARM_GCC_484\Debug\CRT_timer.a(CyBootAsmGnu.o)
                              .\CortexM0\ARM_GCC_484\Debug\CRT_timer.a(cyfitter_cfg.o) (CyDelayCycles)
.\CortexM0\ARM_GCC_484\Debug\CRT_timer.a(CyLib.o)
                              .\CortexM0\ARM_GCC_484\Debug\CRT_timer.a(cyfitter_cfg.o) (CyDelayUs)
.\CortexM0\ARM_GCC_484\Debug\CRT_timer.a(UART_1.o)
                              .\CortexM0\ARM_GCC_484\Debug\main.o (UART_1_Start)
.\CortexM0\ARM_GCC_484\Debug\CRT_timer.a(UART_1_SPI_UART.o)
                              .\CortexM0\ARM_GCC_484\Debug\main.o (UART_1_SpiUartWriteTxData)
.\CortexM0\ARM_GCC_484\Debug\CRT_timer.a(UART_1_UART.o)
                              .\CortexM0\ARM_GCC_484\Debug\CRT_timer.a(UART_1.o) (UART_1_UartInit)
.\CortexM0\ARM_GCC_484\Debug\CRT_timer.a(LCD.o)
                              .\CortexM0\ARM_GCC_484\Debug\main.o (LCD_WriteControl)
.\CortexM0\ARM_GCC_484\Debug\CRT_timer.a(ADC.o)
                              .\CortexM0\ARM_GCC_484\Debug\main.o (ADC_Start)
.\CortexM0\ARM_GCC_484\Debug\CRT_timer.a(ADC_INT.o)
                              .\CortexM0\ARM_GCC_484\Debug\CRT_timer.a(ADC.o) (ADC_ISR)
.\CortexM0\ARM_GCC_484\Debug\CRT_timer.a(LCD_BarGraph.o)
                              .\CortexM0\ARM_GCC_484\Debug\CRT_timer.a(LCD.o) (LCD_customFonts)
c:/program files (x86)/cypress/psoc creator/3.1/psoc creator/import/gnu_cs/arm/4.8.4/bin/../lib/gcc/arm-none-eabi/4.8.4/armv6-m\libgcc.a(_udivsi3.o)
                              .\CortexM0\ARM_GCC_484\Debug\main.o (__aeabi_uidiv)
c:/program files (x86)/cypress/psoc creator/3.1/psoc creator/import/gnu_cs/arm/4.8.4/bin/../lib/gcc/arm-none-eabi/4.8.4/armv6-m\libgcc.a(_divsi3.o)
                              .\CortexM0\ARM_GCC_484\Debug\Cm0Start.o (__aeabi_idiv)
c:/program files (x86)/cypress/psoc creator/3.1/psoc creator/import/gnu_cs/arm/4.8.4/bin/../lib/gcc/arm-none-eabi/4.8.4/armv6-m\libgcc.a(_dvmd_tls.o)
                              c:/program files (x86)/cypress/psoc creator/3.1/psoc creator/import/gnu_cs/arm/4.8.4/bin/../lib/gcc/arm-none-eabi/4.8.4/armv6-m\libgcc.a(_udivsi3.o) (__aeabi_idiv0)
c:/program files (x86)/cypress/psoc creator/3.1/psoc creator/import/gnu_cs/arm/4.8.4/bin/../lib/gcc/arm-none-eabi/4.8.4/armv6-m\libgcc.a(_aeabi_ldivmod.o)
                              .\CortexM0\ARM_GCC_484\Debug\CRT_timer.a(ADC.o) (__aeabi_ldivmod)
c:/program files (x86)/cypress/psoc creator/3.1/psoc creator/import/gnu_cs/arm/4.8.4/bin/../lib/gcc/arm-none-eabi/4.8.4/armv6-m\libgcc.a(_aeabi_uldivmod.o)
                              .\CortexM0\ARM_GCC_484\Debug\main.o (__aeabi_uldivmod)
c:/program files (x86)/cypress/psoc creator/3.1/psoc creator/import/gnu_cs/arm/4.8.4/bin/../lib/gcc/arm-none-eabi/4.8.4/armv6-m\libgcc.a(_muldi3.o)
                              .\CortexM0\ARM_GCC_484\Debug\CRT_timer.a(ADC.o) (__aeabi_lmul)
c:/program files (x86)/cypress/psoc creator/3.1/psoc creator/import/gnu_cs/arm/4.8.4/bin/../lib/gcc/arm-none-eabi/4.8.4/armv6-m\libgcc.a(bpabi.o)
                              c:/program files (x86)/cypress/psoc creator/3.1/psoc creator/import/gnu_cs/arm/4.8.4/bin/../lib/gcc/arm-none-eabi/4.8.4/armv6-m\libgcc.a(_aeabi_ldivmod.o) (__gnu_ldivmod_helper)
c:/program files (x86)/cypress/psoc creator/3.1/psoc creator/import/gnu_cs/arm/4.8.4/bin/../lib/gcc/arm-none-eabi/4.8.4/armv6-m\libgcc.a(divsf3.o)
                              .\CortexM0\ARM_GCC_484\Debug\CRT_timer.a(ADC.o) (__aeabi_fdiv)
c:/program files (x86)/cypress/psoc creator/3.1/psoc creator/import/gnu_cs/arm/4.8.4/bin/../lib/gcc/arm-none-eabi/4.8.4/armv6-m\libgcc.a(mulsf3.o)
                              .\CortexM0\ARM_GCC_484\Debug\CRT_timer.a(ADC.o) (__aeabi_fmul)
c:/program files (x86)/cypress/psoc creator/3.1/psoc creator/import/gnu_cs/arm/4.8.4/bin/../lib/gcc/arm-none-eabi/4.8.4/armv6-m\libgcc.a(floatsisf.o)
                              .\CortexM0\ARM_GCC_484\Debug\CRT_timer.a(ADC.o) (__aeabi_i2f)
c:/program files (x86)/cypress/psoc creator/3.1/psoc creator/import/gnu_cs/arm/4.8.4/bin/../lib/gcc/arm-none-eabi/4.8.4/armv6-m\libgcc.a(_clzsi2.o)
                              c:/program files (x86)/cypress/psoc creator/3.1/psoc creator/import/gnu_cs/arm/4.8.4/bin/../lib/gcc/arm-none-eabi/4.8.4/armv6-m\libgcc.a(divsf3.o) (__clzsi2)
[...]
Memory Configuration

Name             Origin             Length             Attributes
rom              0x00000000         0x00008000         xr
ram              0x20000000         0x00001000         xrw
*default*        0x00000000         0xffffffff

Linker script and memory map

LOAD c:/program files (x86)/cypress/psoc creator/3.1/psoc creator/import/gnu_cs/arm/4.8.4/bin/../lib/gcc/arm-none-eabi/4.8.4/armv6-m/crti.o
LOAD c:/program files (x86)/cypress/psoc creator/3.1/psoc creator/import/gnu_cs/arm/4.8.4/bin/../lib/gcc/arm-none-eabi/4.8.4/armv6-m/crtbegin.o
LOAD c:/program files (x86)/cypress/psoc creator/3.1/psoc creator/import/gnu_cs/arm/4.8.4/bin/../lib/gcc/arm-none-eabi/4.8.4/../../../../arm-none-eabi/lib/armv6-m/crt0.o
START GROUP
LOAD .\CortexM0\ARM_GCC_484\Debug\main.o
LOAD .\CortexM0\ARM_GCC_484\Debug\cymetadata.o
LOAD .\CortexM0\ARM_GCC_484\Debug\Cm0Start.o
LOAD .\CortexM0\ARM_GCC_484\Debug\CRT_timer.a
LOAD C:\Program Files (x86)\Cypress\PSoC Creator\3.1\PSoC Creator\psoc\content\cycomponentlibrary\CyComponentLibrary.cylib\CortexM0\ARM_GCC_484\Debug\CyComponentLibrary.a
END GROUP
START GROUP
LOAD c:/program files (x86)/cypress/psoc creator/3.1/psoc creator/import/gnu_cs/arm/4.8.4/bin/../lib/gcc/arm-none-eabi/4.8.4/armv6-m\libgcc.a
LOAD c:/program files (x86)/cypress/psoc creator/3.1/psoc creator/import/gnu_cs/arm/4.8.4/bin/../lib/gcc/arm-none-eabi/4.8.4/../../../../arm-none-eabi/lib/armv6-m\libg_s.a
LOAD c:/program files (x86)/cypress/psoc creator/3.1/psoc creator/import/gnu_cs/arm/4.8.4/bin/../lib/gcc/arm-none-eabi/4.8.4/../../../../arm-none-eabi/lib/armv6-m\libc_s.a
END GROUP
START GROUP
LOAD c:/program files (x86)/cypress/psoc creator/3.1/psoc creator/import/gnu_cs/arm/4.8.4/bin/../lib/gcc/arm-none-eabi/4.8.4/armv6-m\libgcc.a
LOAD c:/program files (x86)/cypress/psoc creator/3.1/psoc creator/import/gnu_cs/arm/4.8.4/bin/../lib/gcc/arm-none-eabi/4.8.4/../../../../arm-none-eabi/lib/armv6-m\libc_s.a
END GROUP
LOAD c:/program files (x86)/cypress/psoc creator/3.1/psoc creator/import/gnu_cs/arm/4.8.4/bin/../lib/gcc/arm-none-eabi/4.8.4/armv6-m/crtend.o
LOAD c:/program files (x86)/cypress/psoc creator/3.1/psoc creator/import/gnu_cs/arm/4.8.4/bin/../lib/gcc/arm-none-eabi/4.8.4/armv6-m/crtn.o
START GROUP
LOAD c:/program files (x86)/cypress/psoc creator/3.1/psoc creator/import/gnu_cs/arm/4.8.4/bin/../lib/gcc/arm-none-eabi/4.8.4/armv6-m\libgcc.a
LOAD c:/program files (x86)/cypress/psoc creator/3.1/psoc creator/import/gnu_cs/arm/4.8.4/bin/../lib/gcc/arm-none-eabi/4.8.4/../../../../arm-none-eabi/lib/armv6-m\libc.a
LOAD c:/program files (x86)/cypress/psoc creator/3.1/psoc creator/import/gnu_cs/arm/4.8.4/bin/../lib/gcc/arm-none-eabi/4.8.4/../../../../arm-none-eabi/lib/armv6-m\libnosys.a
END GROUP
                0x00000000                CY_APPL_ORIGIN = 0x0
                0x00000080                CY_FLASH_ROW_SIZE = 0x80
                0x00000001                CY_APPL_NUM = 0x1
                0x00000040                CY_METADATA_SIZE = 0x40
                0x200001a0                PROVIDE (__cy_heap_start, _end)
                0x00000001                PROVIDE (__cy_region_num, ((__cy_regions_end - __cy_regions) / 0x10))
                0x20001000                PROVIDE (__cy_stack, (ORIGIN (ram) + 0x1000))
                0x20000c00                PROVIDE (__cy_heap_end, (__cy_stack - 0x400))

.cybootloader   0x00000000        0x0
 *(.cybootloader)
                0x00000000                appl1_start = CY_APPL_ORIGIN?CY_APPL_ORIGIN:ALIGN (CY_FLASH_ROW_SIZE)
                0x00003f80                appl2_start = (appl1_start + ALIGN ((((0x8000 - appl1_start) - (0x2 * CY_FLASH_ROW_SIZE)) / 0x2), CY_FLASH_ROW_SIZE))
                0x00000000                appl_start = (CY_APPL_NUM == 0x1)?appl1_start:appl2_start

.text           0x00000000     0x2aec
 CREATE_OBJECT_SYMBOLS
                0x00000000                PROVIDE (__cy_interrupt_vector, RomVectors)
 *(.romvectors)
 .romvectors    0x00000000       0x10 .\CortexM0\ARM_GCC_484\Debug\Cm0Start.o
                0x00000000                RomVectors
                0x00000001                ASSERT ((. != __cy_interrupt_vector), No interrupt vector)
                0x00000001                ASSERT (CY_APPL_ORIGIN?(SIZEOF (.cybootloader) <= CY_APPL_ORIGIN):0x1, Wrong image location)
                0x00000010                PROVIDE (__cy_reset, Reset)
 *(.text.Reset)
 .text.Reset    0x00000010        0x8 .\CortexM0\ARM_GCC_484\Debug\Cm0Start.o
                0x00000010                Reset
                0x00000001                ASSERT ((. != __cy_reset), No reset code)
 *(.psocinit)
 .psocinit      0x00000018      0x374 .\CortexM0\ARM_GCC_484\Debug\CRT_timer.a(cyfitter_cfg.o)
                0x00000184                cyfitter_cfg
                0x0000038c                . = MAX (., 0x100)
 *(.text .text.* .gnu.linkonce.t.*)
 .text          0x0000038c       0x60 c:/program files (x86)/cypress/psoc creator/3.1/psoc creator/import/gnu_cs/arm/4.8.4/bin/../lib/gcc/arm-none-eabi/4.8.4/armv6-m/crtbegin.o
 .text.sw_int_ISR
                0x000003ec       0x78 .\CortexM0\ARM_GCC_484\Debug\main.o
                0x000003ec                sw_int_ISR
 .text.main     0x00000464      0x14c .\CortexM0\ARM_GCC_484\Debug\main.o
                0x00000464                main
 .text.puts_measurement
                0x000005b0      0x3c8 .\CortexM0\ARM_GCC_484\Debug\main.o
                0x000005b0                puts_measurement
 .text.updateBTN
                0x00000978       0xa4 .\CortexM0\ARM_GCC_484\Debug\main.o
                0x00000978                updateBTN
 .text.IntDefaultHandler
                0x00000a1c        0x8 .\CortexM0\ARM_GCC_484\Debug\Cm0Start.o
                0x00000a1c                IntDefaultHandler
 .text._sbrk    0x00000a24       0x50 .\CortexM0\ARM_GCC_484\Debug\Cm0Start.o
                0x00000a24                _sbrk
 .text.Start_c  0x00000a74       0x98 .\CortexM0\ARM_GCC_484\Debug\Cm0Start.o
                0x00000a74                Start_c
 .text.initialize_psoc
                0x00000b0c       0x64 .\CortexM0\ARM_GCC_484\Debug\Cm0Start.o
                0x00000b0c                initialize_psoc
 .text.CYMEMZERO
                0x00000b70       0x20 .\CortexM0\ARM_GCC_484\Debug\CRT_timer.a(cyfitter_cfg.o)
 .text.cfg_write_bytes32
                0x00000b90       0x80 .\CortexM0\ARM_GCC_484\Debug\CRT_timer.a(cyfitter_cfg.o)
 .text.AnalogSetDefault
                0x00000c10       0x24 .\CortexM0\ARM_GCC_484\Debug\CRT_timer.a(cyfitter_cfg.o)
 .text.SetAnalogRoutingPumps
                0x00000c34       0x40 .\CortexM0\ARM_GCC_484\Debug\CRT_timer.a(cyfitter_cfg.o)
                0x00000c34                SetAnalogRoutingPumps
 .text.Timer_1_Init
                0x00000c74       0x54 .\CortexM0\ARM_GCC_484\Debug\CRT_timer.a(Timer_1.o)
                0x00000c74                Timer_1_Init
 .text.Timer_1_Enable
                0x00000cc8       0x20 .\CortexM0\ARM_GCC_484\Debug\CRT_timer.a(Timer_1.o)
                0x00000cc8                Timer_1_Enable
 .text.Timer_1_Start
                0x00000ce8       0x24 .\CortexM0\ARM_GCC_484\Debug\CRT_timer.a(Timer_1.o)
                0x00000ce8                Timer_1_Start
 .text.Timer_1_Stop
                0x00000d0c       0x1c .\CortexM0\ARM_GCC_484\Debug\CRT_timer.a(Timer_1.o)
                0x00000d0c                Timer_1_Stop
 .text.Timer_1_SetInterruptMode
                0x00000d28       0x20 .\CortexM0\ARM_GCC_484\Debug\CRT_timer.a(Timer_1.o)
                0x00000d28                Timer_1_SetInterruptMode
 .text.Timer_1_ReadStatusRegister
                0x00000d48       0x14 .\CortexM0\ARM_GCC_484\Debug\CRT_timer.a(Timer_1.o)
                0x00000d48                Timer_1_ReadStatusRegister
 .text.Timer_1_WritePeriod
                0x00000d5c       0x18 .\CortexM0\ARM_GCC_484\Debug\CRT_timer.a(Timer_1.o)
                0x00000d5c                Timer_1_WritePeriod
 .text.Timer_1_ReadCapture
                0x00000d74       0x14 .\CortexM0\ARM_GCC_484\Debug\CRT_timer.a(Timer_1.o)
                0x00000d74                Timer_1_ReadCapture
 .text.Timer_1_WriteCounter
                0x00000d88       0x18 .\CortexM0\ARM_GCC_484\Debug\CRT_timer.a(Timer_1.o)
                0x00000d88                Timer_1_WriteCounter
 .text.Timer_1_ReadCounter
                0x00000da0       0x1c .\CortexM0\ARM_GCC_484\Debug\CRT_timer.a(Timer_1.o)
                0x00000da0                Timer_1_ReadCounter
 .text.Timer_1_ClearFIFO
                0x00000dbc       0x1c .\CortexM0\ARM_GCC_484\Debug\CRT_timer.a(Timer_1.o)
                0x00000dbc                Timer_1_ClearFIFO
 .text.A_press_Write
                0x00000dd8       0x4c .\CortexM0\ARM_GCC_484\Debug\CRT_timer.a(A_press.o)
                0x00000dd8                A_press_Write
 .text.sw_int_StartEx
                0x00000e24       0x24 .\CortexM0\ARM_GCC_484\Debug\CRT_timer.a(sw_int.o)
                0x00000e24                sw_int_StartEx
 .text.sw_int_SetVector
                0x00000e48       0x18 .\CortexM0\ARM_GCC_484\Debug\CRT_timer.a(sw_int.o)
                0x00000e48                sw_int_SetVector
 .text.sw_int_SetPriority
                0x00000e60       0x50 .\CortexM0\ARM_GCC_484\Debug\CRT_timer.a(sw_int.o)
                0x00000e60                sw_int_SetPriority
 .text.sw_int_Enable
                0x00000eb0       0x14 .\CortexM0\ARM_GCC_484\Debug\CRT_timer.a(sw_int.o)
                0x00000eb0                sw_int_Enable
 .text.sw_int_Disable
                0x00000ec4       0x14 .\CortexM0\ARM_GCC_484\Debug\CRT_timer.a(sw_int.o)
                0x00000ec4                sw_int_Disable
 .text          0x00000ed8       0x28 .\CortexM0\ARM_GCC_484\Debug\CRT_timer.a(CyBootAsmGnu.o)
                0x00000ed8                CyDelayCycles
                0x00000eec                CyEnterCriticalSection
                0x00000ef4                CyExitCriticalSection
 .text.CyIntSetVector
                0x00000f00       0x4c .\CortexM0\ARM_GCC_484\Debug\CRT_timer.a(CyLib.o)
                0x00000f00                CyIntSetVector
 .text.CyIntSetPriority
                0x00000f4c       0xa8 .\CortexM0\ARM_GCC_484\Debug\CRT_timer.a(CyLib.o)
                0x00000f4c                CyIntSetPriority
 .text.CyHalt   0x00000ff4       0x14 .\CortexM0\ARM_GCC_484\Debug\CRT_timer.a(CyLib.o)
                0x00000ff4                CyHalt
 .text.CyDelay  0x00001008       0x48 .\CortexM0\ARM_GCC_484\Debug\CRT_timer.a(CyLib.o)
                0x00001008                CyDelay
 .text.CyDelayUs
                0x00001050       0x28 .\CortexM0\ARM_GCC_484\Debug\CRT_timer.a(CyLib.o)
                0x00001050                CyDelayUs
 .text.UART_1_Init
                0x00001078        0xc .\CortexM0\ARM_GCC_484\Debug\CRT_timer.a(UART_1.o)
                0x00001078                UART_1_Init
 .text.UART_1_Enable
                0x00001084       0x20 .\CortexM0\ARM_GCC_484\Debug\CRT_timer.a(UART_1.o)
                0x00001084                UART_1_Enable
 .text.UART_1_Start
                0x000010a4       0x24 .\CortexM0\ARM_GCC_484\Debug\CRT_timer.a(UART_1.o)
                0x000010a4                UART_1_Start
 .text.UART_1_ScbEnableIntr
                0x000010c8        0x8 .\CortexM0\ARM_GCC_484\Debug\CRT_timer.a(UART_1.o)
 .text.UART_1_SpiUartWriteTxData
                0x000010d0       0x2c .\CortexM0\ARM_GCC_484\Debug\CRT_timer.a(UART_1_SPI_UART.o)
                0x000010d0                UART_1_SpiUartWriteTxData
 .text.UART_1_UartInit
                0x000010fc       0xa8 .\CortexM0\ARM_GCC_484\Debug\CRT_timer.a(UART_1_UART.o)
                0x000010fc                UART_1_UartInit
 .text.UART_1_UartPutString
                0x000011a4       0x34 .\CortexM0\ARM_GCC_484\Debug\CRT_timer.a(UART_1_UART.o)
                0x000011a4                UART_1_UartPutString
 .text.LCD_Init
                0x000011d8       0x7c .\CortexM0\ARM_GCC_484\Debug\CRT_timer.a(LCD.o)
                0x000011d8                LCD_Init
 .text.LCD_Enable
                0x00001254       0x18 .\CortexM0\ARM_GCC_484\Debug\CRT_timer.a(LCD.o)
                0x00001254                LCD_Enable
 .text.LCD_Start
                0x0000126c       0x24 .\CortexM0\ARM_GCC_484\Debug\CRT_timer.a(LCD.o)
                0x0000126c                LCD_Start
 .text.LCD_Position
                0x00001290       0x74 .\CortexM0\ARM_GCC_484\Debug\CRT_timer.a(LCD.o)
                0x00001290                LCD_Position
 .text.LCD_PrintString
                0x00001304       0x58 .\CortexM0\ARM_GCC_484\Debug\CRT_timer.a(LCD.o)
                0x00001304                LCD_PrintString
 .text.LCD_WriteData
                0x0000135c       0x50 .\CortexM0\ARM_GCC_484\Debug\CRT_timer.a(LCD.o)
                0x0000135c                LCD_WriteData
 .text.LCD_WriteControl
                0x000013ac       0x58 .\CortexM0\ARM_GCC_484\Debug\CRT_timer.a(LCD.o)
                0x000013ac                LCD_WriteControl
 .text.LCD_IsReady
                0x00001404       0x10 .\CortexM0\ARM_GCC_484\Debug\CRT_timer.a(LCD.o)
                0x00001404                LCD_IsReady
 .text.LCD_WrDatNib
                0x00001414       0x74 .\CortexM0\ARM_GCC_484\Debug\CRT_timer.a(LCD.o)
 .text.LCD_WrCntrlNib
                0x00001488       0x64 .\CortexM0\ARM_GCC_484\Debug\CRT_timer.a(LCD.o)
 .text.ADC_Start
                0x000014ec       0x24 .\CortexM0\ARM_GCC_484\Debug\CRT_timer.a(ADC.o)
                0x000014ec                ADC_Start
 .text.ADC_Init
                0x00001510      0x1f0 .\CortexM0\ARM_GCC_484\Debug\CRT_timer.a(ADC.o)
                0x00001510                ADC_Init
 .text.ADC_Enable
                0x00001700       0x28 .\CortexM0\ARM_GCC_484\Debug\CRT_timer.a(ADC.o)
                0x00001700                ADC_Enable
 .text.ADC_StartConvert
                0x00001728       0x1c .\CortexM0\ARM_GCC_484\Debug\CRT_timer.a(ADC.o)
                0x00001728                ADC_StartConvert
 .text.ADC_GetResult16
                0x00001744       0x44 .\CortexM0\ARM_GCC_484\Debug\CRT_timer.a(ADC.o)
                0x00001744                ADC_GetResult16
 .text.ADC_CountsTo_mVolts
                0x00001788       0xa4 .\CortexM0\ARM_GCC_484\Debug\CRT_timer.a(ADC.o)
                0x00001788                ADC_CountsTo_mVolts
 .text.ADC_ISR  0x0000182c       0x1c .\CortexM0\ARM_GCC_484\Debug\CRT_timer.a(ADC_INT.o)
                0x0000182c                ADC_ISR
 .text.LCD_LoadCustomFonts
                0x00001848       0x58 .\CortexM0\ARM_GCC_484\Debug\CRT_timer.a(LCD_BarGraph.o)
                0x00001848                LCD_LoadCustomFonts
 .text          0x000018a0       0x9c c:/program files (x86)/cypress/psoc creator/3.1/psoc creator/import/gnu_cs/arm/4.8.4/bin/../lib/gcc/arm-none-eabi/4.8.4/armv6-m\libgcc.a(_udivsi3.o)
                0x000018a0                __aeabi_uidiv
                0x000018a0                __udivsi3
                0x00001928                __aeabi_uidivmod
 .text          0x0000193c       0xc0 c:/program files (x86)/cypress/psoc creator/3.1/psoc creator/import/gnu_cs/arm/4.8.4/bin/../lib/gcc/arm-none-eabi/4.8.4/armv6-m\libgcc.a(_divsi3.o)
                0x0000193c                __divsi3
                0x0000193c                __aeabi_idiv
                0x000019e8                __aeabi_idivmod
 .text          0x000019fc        0x4 c:/program files (x86)/cypress/psoc creator/3.1/psoc creator/import/gnu_cs/arm/4.8.4/bin/../lib/gcc/arm-none-eabi/4.8.4/armv6-m\libgcc.a(_dvmd_tls.o)
                0x000019fc                __aeabi_idiv0
                0x000019fc                __aeabi_ldiv0
 .text          0x00001a00       0x40 c:/program files (x86)/cypress/psoc creator/3.1/psoc creator/import/gnu_cs/arm/4.8.4/bin/../lib/gcc/arm-none-eabi/4.8.4/armv6-m\libgcc.a(_aeabi_uldivmod.o)
                0x00001a00                __aeabi_uldivmod
 .text          0x00001a40       0x44 c:/program files (x86)/cypress/psoc creator/3.1/psoc creator/import/gnu_cs/arm/4.8.4/bin/../lib/gcc/arm-none-eabi/4.8.4/armv6-m\libgcc.a(_muldi3.o)
                0x00001a40                __muldi3
                0x00001a40                __aeabi_lmul
 .text          0x00001a84       0x6c c:/program files (x86)/cypress/psoc creator/3.1/psoc creator/import/gnu_cs/arm/4.8.4/bin/../lib/gcc/arm-none-eabi/4.8.4/armv6-m\libgcc.a(bpabi.o)
                0x00001a84                __gnu_ldivmod_helper
                0x00001abc                __gnu_uldivmod_helper
 .text          0x00001af0       0x3c c:/program files (x86)/cypress/psoc creator/3.1/psoc creator/import/gnu_cs/arm/4.8.4/bin/../lib/gcc/arm-none-eabi/4.8.4/armv6-m\libgcc.a(_clzsi2.o)
                0x00001af0                __clzsi2
 .text          0x00001b2c      0x3b8 c:/program files (x86)/cypress/psoc creator/3.1/psoc creator/import/gnu_cs/arm/4.8.4/bin/../lib/gcc/arm-none-eabi/4.8.4/armv6-m\libgcc.a(_divdi3.o)
                0x00001b2c                __divdi3
 .text          0x00001ee4      0x384 c:/program files (x86)/cypress/psoc creator/3.1/psoc creator/import/gnu_cs/arm/4.8.4/bin/../lib/gcc/arm-none-eabi/4.8.4/armv6-m\libgcc.a(_udivdi3.o)
                0x00001ee4                __udivdi3
 .text.__errno  0x00002268        0xc c:/program files (x86)/cypress/psoc creator/3.1/psoc creator/import/gnu_cs/arm/4.8.4/bin/../lib/gcc/arm-none-eabi/4.8.4/../../../../arm-none-eabi/lib/armv6-m\libg_s.a(lib_a-errno.o)
                0x00002268                __errno
 .text.__libc_init_array
                0x00002274       0x4c c:/program files (x86)/cypress/psoc creator/3.1/psoc creator/import/gnu_cs/arm/4.8.4/bin/../lib/gcc/arm-none-eabi/4.8.4/../../../../arm-none-eabi/lib/armv6-m\libg_s.a(lib_a-init.o)
                0x00002274                __libc_init_array
 .text.memcpy   0x000022c0       0x12 c:/program files (x86)/cypress/psoc creator/3.1/psoc creator/import/gnu_cs/arm/4.8.4/bin/../lib/gcc/arm-none-eabi/4.8.4/../../../../arm-none-eabi/lib/armv6-m\libg_s.a(lib_a-memcpy-stub.o)
                0x000022c0                memcpy
 .text.memset   0x000022d2       0x10 c:/program files (x86)/cypress/psoc creator/3.1/psoc creator/import/gnu_cs/arm/4.8.4/bin/../lib/gcc/arm-none-eabi/4.8.4/../../../../arm-none-eabi/lib/armv6-m\libg_s.a(lib_a-memset.o)
                0x000022d2                memset
 *fill*         0x000022e2        0x2 
 .text.sprintf  0x000022e4       0x44 c:/program files (x86)/cypress/psoc creator/3.1/psoc creator/import/gnu_cs/arm/4.8.4/bin/../lib/gcc/arm-none-eabi/4.8.4/../../../../arm-none-eabi/lib/armv6-m\libg_s.a(lib_a-sprintf.o)
                0x000022e4                siprintf
                0x000022e4                sprintf
 .text.__ssputs_r
                0x00002328       0xc0 c:/program files (x86)/cypress/psoc creator/3.1/psoc creator/import/gnu_cs/arm/4.8.4/bin/../lib/gcc/arm-none-eabi/4.8.4/../../../../arm-none-eabi/lib/armv6-m\libg_s.a(lib_a-svfprintf.o)
                0x00002328                __ssputs_r
 .text._svfprintf_r
                0x000023e8      0x1e0 c:/program files (x86)/cypress/psoc creator/3.1/psoc creator/import/gnu_cs/arm/4.8.4/bin/../lib/gcc/arm-none-eabi/4.8.4/../../../../arm-none-eabi/lib/armv6-m\libg_s.a(lib_a-svfprintf.o)
                0x000023e8                _svfiprintf_r
                0x000023e8                _svfprintf_r
 .text._printf_common
                0x000025c8       0xe8 c:/program files (x86)/cypress/psoc creator/3.1/psoc creator/import/gnu_cs/arm/4.8.4/bin/../lib/gcc/arm-none-eabi/4.8.4/../../../../arm-none-eabi/lib/armv6-m\libg_s.a(lib_a-vfprintf_i.o)
                0x000025c8                _printf_common
 .text._printf_i
                0x000026b0      0x22c c:/program files (x86)/cypress/psoc creator/3.1/psoc creator/import/gnu_cs/arm/4.8.4/bin/../lib/gcc/arm-none-eabi/4.8.4/../../../../arm-none-eabi/lib/armv6-m\libg_s.a(lib_a-vfprintf_i.o)
                0x000026b0                _printf_i
 .text.memchr   0x000028dc       0x16 c:/program files (x86)/cypress/psoc creator/3.1/psoc creator/import/gnu_cs/arm/4.8.4/bin/../lib/gcc/arm-none-eabi/4.8.4/../../../../arm-none-eabi/lib/armv6-m\libg_s.a(lib_a-memchr-stub.o)
                0x000028dc                memchr
 .text.memmove  0x000028f2       0x32 c:/program files (x86)/cypress/psoc creator/3.1/psoc creator/import/gnu_cs/arm/4.8.4/bin/../lib/gcc/arm-none-eabi/4.8.4/../../../../arm-none-eabi/lib/armv6-m\libg_s.a(lib_a-memmove.o)
                0x000028f2                memmove
 .text._free_r  0x00002924       0x90 c:/program files (x86)/cypress/psoc creator/3.1/psoc creator/import/gnu_cs/arm/4.8.4/bin/../lib/gcc/arm-none-eabi/4.8.4/../../../../arm-none-eabi/lib/armv6-m\libg_s.a(lib_a-nano-freer.o)
                0x00002924                _free_r
 .text._malloc_r
                0x000029b4       0xa8 c:/program files (x86)/cypress/psoc creator/3.1/psoc creator/import/gnu_cs/arm/4.8.4/bin/../lib/gcc/arm-none-eabi/4.8.4/../../../../arm-none-eabi/lib/armv6-m\libg_s.a(lib_a-nano-mallocr.o)
                0x000029b4                _malloc_r
 .text._realloc_r
                0x00002a5c       0x4c c:/program files (x86)/cypress/psoc creator/3.1/psoc creator/import/gnu_cs/arm/4.8.4/bin/../lib/gcc/arm-none-eabi/4.8.4/../../../../arm-none-eabi/lib/armv6-m\libg_s.a(lib_a-nano-reallocr.o)
                0x00002a5c                _realloc_r
 .text._sbrk_r  0x00002aa8       0x24 c:/program files (x86)/cypress/psoc creator/3.1/psoc creator/import/gnu_cs/arm/4.8.4/bin/../lib/gcc/arm-none-eabi/4.8.4/../../../../arm-none-eabi/lib/armv6-m\libg_s.a(lib_a-sbrkr.o)
                0x00002aa8                _sbrk_r
 .text.strlen   0x00002acc        0xe c:/program files (x86)/cypress/psoc creator/3.1/psoc creator/import/gnu_cs/arm/4.8.4/bin/../lib/gcc/arm-none-eabi/4.8.4/../../../../arm-none-eabi/lib/armv6-m\libg_s.a(lib_a-strlen.o)
                0x00002acc                strlen
 .text._malloc_usable_size_r
                0x00002ada       0x12 c:/program files (x86)/cypress/psoc creator/3.1/psoc creator/import/gnu_cs/arm/4.8.4/bin/../lib/gcc/arm-none-eabi/4.8.4/../../../../arm-none-eabi/lib/armv6-m\libg_s.a(lib_a-nano-msizer.o)
                0x00002ada                _malloc_usable_size_r
 *(.plt)
 *(.gnu.warning)
 *(.glue_7t)
 .glue_7t       0x00000000        0x0 linker stubs
 *(.glue_7)
 .glue_7        0x00000000        0x0 linker stubs
 *(.vfp11_veneer)
 .vfp11_veneer  0x00000000        0x0 linker stubs
 *(.bootloader)
 *(.ARM.extab* .gnu.linkonce.armextab.*)
 *(.gcc_except_table)

.v4_bx          0x00002aec        0x0
 .v4_bx         0x00000000        0x0 linker stubs

.iplt           0x00002aec        0x0
 .iplt          0x00000000        0x0 c:/program files (x86)/cypress/psoc creator/3.1/psoc creator/import/gnu_cs/arm/4.8.4/bin/../lib/gcc/arm-none-eabi/4.8.4/armv6-m/crtbegin.o

.eh_frame_hdr
 *(.eh_frame_hdr)

.eh_frame       0x00002aec        0x4
 *(.eh_frame)
 .eh_frame      0x00002aec        0x0 c:/program files (x86)/cypress/psoc creator/3.1/psoc creator/import/gnu_cs/arm/4.8.4/bin/../lib/gcc/arm-none-eabi/4.8.4/armv6-m/crtbegin.o
 .eh_frame      0x00002aec        0x4 c:/program files (x86)/cypress/psoc creator/3.1/psoc creator/import/gnu_cs/arm/4.8.4/bin/../lib/gcc/arm-none-eabi/4.8.4/armv6-m/crtend.o
                0x00002af0                PROVIDE (__exidx_start, .)

.ARM.exidx      0x00002af0        0x8
 *(.ARM.exidx* .gnu.linkonce.armexidx.*)
 .ARM.exidx     0x00002af0        0x8 c:/program files (x86)/cypress/psoc creator/3.1/psoc creator/import/gnu_cs/arm/4.8.4/bin/../lib/gcc/arm-none-eabi/4.8.4/armv6-m\libgcc.a(_divdi3.o)
 .ARM.exidx     0x00002af8        0x0 c:/program files (x86)/cypress/psoc creator/3.1/psoc creator/import/gnu_cs/arm/4.8.4/bin/../lib/gcc/arm-none-eabi/4.8.4/armv6-m\libgcc.a(_udivdi3.o)
                                  0x8 (size before relaxing)
                0x00002af8                __exidx_end = .

.rodata         0x00002af8      0x348
 *(.rodata .rodata.* .gnu.linkonce.r.*)
 .rodata        0x00002af8       0xf0 .\CortexM0\ARM_GCC_484\Debug\main.o
 .rodata        0x00002be8      0x19c .\CortexM0\ARM_GCC_484\Debug\CRT_timer.a(cyfitter_cfg.o)
 .rodata        0x00002d84        0xc .\CortexM0\ARM_GCC_484\Debug\CRT_timer.a(ADC.o)
 .rodata        0x00002d90       0x40 .\CortexM0\ARM_GCC_484\Debug\CRT_timer.a(LCD_BarGraph.o)
                0x00002d90                LCD_customFonts
 .rodata.str1.1
                0x00002dd0        0x2 c:/program files (x86)/cypress/psoc creator/3.1/psoc creator/import/gnu_cs/arm/4.8.4/bin/../lib/gcc/arm-none-eabi/4.8.4/../../../../arm-none-eabi/lib/armv6-m\libg_s.a(lib_a-impure.o)
 .rodata.str1.1
                0x00002dd2       0x11 c:/program files (x86)/cypress/psoc creator/3.1/psoc creator/import/gnu_cs/arm/4.8.4/bin/../lib/gcc/arm-none-eabi/4.8.4/../../../../arm-none-eabi/lib/armv6-m\libg_s.a(lib_a-svfprintf.o)
 .rodata.str1.1
                0x00002de3       0x22 c:/program files (x86)/cypress/psoc creator/3.1/psoc creator/import/gnu_cs/arm/4.8.4/bin/../lib/gcc/arm-none-eabi/4.8.4/../../../../arm-none-eabi/lib/armv6-m\libg_s.a(lib_a-vfprintf_i.o)
                0x00002e08                . = ALIGN (0x4)
 *fill*         0x00002e05        0x3 
 *(.init)
 .init          0x00002e08        0x4 c:/program files (x86)/cypress/psoc creator/3.1/psoc creator/import/gnu_cs/arm/4.8.4/bin/../lib/gcc/arm-none-eabi/4.8.4/armv6-m/crti.o
                0x00002e08                _init
 .init          0x00002e0c        0x8 c:/program files (x86)/cypress/psoc creator/3.1/psoc creator/import/gnu_cs/arm/4.8.4/bin/../lib/gcc/arm-none-eabi/4.8.4/armv6-m/crtn.o
                0x00002e14                . = ALIGN (0x4)
                0x00002e14                __preinit_array_start = .
 *(.preinit_array)
                0x00002e14                __preinit_array_end = .
                0x00002e14                . = ALIGN (0x4)
                0x00002e14                __init_array_start = .
 *(SORT(.init_array.*))
 *(.init_array)
 .init_array    0x00002e14        0x4 c:/program files (x86)/cypress/psoc creator/3.1/psoc creator/import/gnu_cs/arm/4.8.4/bin/../lib/gcc/arm-none-eabi/4.8.4/armv6-m/crtbegin.o
 .init_array    0x00002e18        0x4 .\CortexM0\ARM_GCC_484\Debug\Cm0Start.o
                0x00002e1c                __init_array_end = .
                0x00002e1c                . = ALIGN (0x4)
 *(.fini)
 .fini          0x00002e1c        0x4 c:/program files (x86)/cypress/psoc creator/3.1/psoc creator/import/gnu_cs/arm/4.8.4/bin/../lib/gcc/arm-none-eabi/4.8.4/armv6-m/crti.o
                0x00002e1c                _fini
 .fini          0x00002e20        0x8 c:/program files (x86)/cypress/psoc creator/3.1/psoc creator/import/gnu_cs/arm/4.8.4/bin/../lib/gcc/arm-none-eabi/4.8.4/armv6-m/crtn.o
                0x00002e28                . = ALIGN (0x4)
                0x00002e28                __fini_array_start = .
 *(.fini_array)
 .fini_array    0x00002e28        0x4 c:/program files (x86)/cypress/psoc creator/3.1/psoc creator/import/gnu_cs/arm/4.8.4/bin/../lib/gcc/arm-none-eabi/4.8.4/armv6-m/crtbegin.o
 *(SORT(.fini_array.*))
                0x00002e2c                __fini_array_end = .
                0x00002e2c                . = ALIGN (0x4)
 *crtbegin.o(.ctors)
 *(EXCLUDE_FILE(*crtend.o) .ctors)
 *(SORT(.ctors.*))
 *crtend.o(.ctors)
                0x00002e2c                . = ALIGN (0x4)
 *crtbegin.o(.dtors)
 *(EXCLUDE_FILE(*crtend.o) .dtors)
 *(SORT(.dtors.*))
 *crtend.o(.dtors)
                0x00002e2c                . = ALIGN (0x4)
                0x00002e2c                __cy_regions = .
                0x00002e2c        0x4 LONG 0x2e40 __cy_region_init_ram
                0x00002e30        0x4 LONG 0x200000c8 __cy_region_start_data
                0x00002e34        0x4 LONG 0x80 __cy_region_init_size_ram
                0x00002e38        0x4 LONG 0x58 __cy_region_zero_size_ram
                0x00002e3c                __cy_regions_end = .
                0x00002e40                . = ALIGN (0x8)
 *fill*         0x00002e3c        0x4 
                0x00002e40                _etext = .

.ramvectors     0x20000000       0xc0
                0x20000000                __cy_region_start_ram = .
 *(.ramvectors)
 .ramvectors    0x20000000       0xc0 .\CortexM0\ARM_GCC_484\Debug\Cm0Start.o
                0x20000000                CyRamVectors

.noinit         0x200000c0        0x4
 *(.noinit)
 .noinit        0x200000c0        0x4 .\CortexM0\ARM_GCC_484\Debug\Cm0Start.o

.data           0x200000c8       0x80 load address 0x00002e40
                0x200000c8                __cy_region_start_data = .
 *(.jcr)
 .jcr           0x200000c8        0x0 c:/program files (x86)/cypress/psoc creator/3.1/psoc creator/import/gnu_cs/arm/4.8.4/bin/../lib/gcc/arm-none-eabi/4.8.4/armv6-m/crtbegin.o
 .jcr           0x200000c8        0x4 c:/program files (x86)/cypress/psoc creator/3.1/psoc creator/import/gnu_cs/arm/4.8.4/bin/../lib/gcc/arm-none-eabi/4.8.4/armv6-m/crtend.o
 *(.got.plt)
 *(.got)
 *(.shdata)
 *(.data .data.* .gnu.linkonce.d.*)
 .data          0x200000cc        0x4 .\CortexM0\ARM_GCC_484\Debug\Cm0Start.o
 .data          0x200000d0        0x4 .\CortexM0\ARM_GCC_484\Debug\CRT_timer.a(cyfitter_cfg.o)
 .data          0x200000d4       0x10 .\CortexM0\ARM_GCC_484\Debug\CRT_timer.a(CyLib.o)
                0x200000d4                cydelayFreqHz
                0x200000d8                cydelayFreqKhz
                0x200000dc                cydelayFreqMhz
                0x200000e0                cydelay32kMs
 .data.impure_data
                0x200000e4       0x60 c:/program files (x86)/cypress/psoc creator/3.1/psoc creator/import/gnu_cs/arm/4.8.4/bin/../lib/gcc/arm-none-eabi/4.8.4/../../../../arm-none-eabi/lib/armv6-m\libg_s.a(lib_a-impure.o)
 .data._impure_ptr
                0x20000144        0x4 c:/program files (x86)/cypress/psoc creator/3.1/psoc creator/import/gnu_cs/arm/4.8.4/bin/../lib/gcc/arm-none-eabi/4.8.4/../../../../arm-none-eabi/lib/armv6-m\libg_s.a(lib_a-impure.o)
                0x20000144                _impure_ptr
                0x20000148                . = ALIGN (0x8)
 *(.ram)
                0x20000148                _edata = .

.igot.plt       0x20000148        0x0 load address 0x00002ec0
 .igot.plt      0x00000000        0x0 c:/program files (x86)/cypress/psoc creator/3.1/psoc creator/import/gnu_cs/arm/4.8.4/bin/../lib/gcc/arm-none-eabi/4.8.4/armv6-m/crtbegin.o

.bss            0x20000148       0x58 load address 0x00002ec0
                0x20000148                PROVIDE (__bss_start__, .)
 *(.shbss)
 *(.bss .bss.* .gnu.linkonce.b.*)
 .bss           0x20000148       0x1c c:/program files (x86)/cypress/psoc creator/3.1/psoc creator/import/gnu_cs/arm/4.8.4/bin/../lib/gcc/arm-none-eabi/4.8.4/armv6-m/crtbegin.o
 .bss           0x20000164        0x1 .\CortexM0\ARM_GCC_484\Debug\CRT_timer.a(Timer_1.o)
                0x20000164                Timer_1_initVar
 *fill*         0x20000165        0x3 
 .bss           0x20000168        0x8 .\CortexM0\ARM_GCC_484\Debug\CRT_timer.a(UART_1.o)
                0x20000168                UART_1_initVar
                0x2000016c                UART_1_customIntrHandler
 .bss           0x20000170        0x2 .\CortexM0\ARM_GCC_484\Debug\CRT_timer.a(LCD.o)
                0x20000170                LCD_enableState
                0x20000171                LCD_initVar
 .bss           0x20000172        0x1 .\CortexM0\ARM_GCC_484\Debug\CRT_timer.a(ADC.o)
                0x20000172                ADC_initVar
 *fill*         0x20000173        0x1 
 .bss.__malloc_sbrk_start
                0x20000174        0x4 c:/program files (x86)/cypress/psoc creator/3.1/psoc creator/import/gnu_cs/arm/4.8.4/bin/../lib/gcc/arm-none-eabi/4.8.4/../../../../arm-none-eabi/lib/armv6-m\libg_s.a(lib_a-nano-mallocr.o)
                0x20000174                __malloc_sbrk_start
 .bss.__malloc_free_list
                0x20000178        0x4 c:/program files (x86)/cypress/psoc creator/3.1/psoc creator/import/gnu_cs/arm/4.8.4/bin/../lib/gcc/arm-none-eabi/4.8.4/../../../../arm-none-eabi/lib/armv6-m\libg_s.a(lib_a-nano-mallocr.o)
                0x20000178                __malloc_free_list
 *(COMMON)
 COMMON         0x2000017c        0xe .\CortexM0\ARM_GCC_484\Debug\main.o
                0x2000017c                running
                0x2000017e                lcdBtnOld
                0x20000180                BTN
                0x20000182                V_start
                0x20000184                time
                0x20000188                V_new
 *fill*         0x2000018a        0x2 
 COMMON         0x2000018c        0xc .\CortexM0\ARM_GCC_484\Debug\CRT_timer.a(ADC.o)
                0x2000018c                ADC_countsPer10Volt
                0x20000194                ADC_offset
 COMMON         0x20000198        0x4 c:/program files (x86)/cypress/psoc creator/3.1/psoc creator/import/gnu_cs/arm/4.8.4/bin/../lib/gcc/arm-none-eabi/4.8.4/../../../../arm-none-eabi/lib/armv6-m\libg_s.a(lib_a-reent.o)
                0x20000198                errno
                0x200001a0                . = ALIGN (0x8)
 *fill*         0x2000019c        0x4 
 *(.ram.b)
                0x200001a0                _end = .
                0x200001a0                __end = .
                0x200001a0                PROVIDE (end, .)
                0x200001a0                PROVIDE (__bss_end__, .)
                0x00002e40                __cy_region_init_ram = LOADADDR (.data)
                0x00000080                __cy_region_init_size_ram = (_edata - ADDR (.data))
                0x00000058                __cy_region_zero_size_ram = (_end - _edata)

.heap           0x200001a0       0x80 load address 0x00002ec0
                0x200001a0                . = _end
                0x20000220                . = (. + 0x80)
 *fill*         0x200001a0       0x80 
                0x20000220                __cy_heap_limit = .

.stack          0x20000c00      0x400
                0x20000c00                __cy_stack_limit = .
                0x20001000                . = (. + 0x400)
 *fill*         0x20000c00      0x400 
                0x00000001                ASSERT ((__cy_stack_limit >= __cy_heap_limit), region RAM overflowed with stack)

.cyloadermeta
 *(.cyloadermeta)

.cyloadablemeta
 *(.cyloadablemeta)

.cyflashprotect
                0x90400000       0x20
 *(.cyflashprotect)
 .cyflashprotect
                0x90400000       0x20 .\CortexM0\ARM_GCC_484\Debug\cymetadata.o
                0x90400000                cy_meta_flashprotect

.cymeta         0x90500000        0xc
 *(.cymeta)
 .cymeta        0x90500000        0xc .\CortexM0\ARM_GCC_484\Debug\cymetadata.o
                0x90500000                cy_metadata

.cychipprotect  0x90600000        0x4
 *(.cychipprotect)
 .cychipprotect
                0x90600000        0x4 .\CortexM0\ARM_GCC_484\Debug\cymetadata.o
                0x90600000                cy_meta_chipprotect

.rel.dyn        0x00002ec0        0x0 load address 0x90600004
 .rel.iplt      0x00000000        0x0 c:/program files (x86)/cypress/psoc creator/3.1/psoc creator/import/gnu_cs/arm/4.8.4/bin/../lib/gcc/arm-none-eabi/4.8.4/armv6-m/crtbegin.o

.stab
 *(.stab)

.stabstr
 *(.stabstr)

.debug
 *(.debug)

.line
 *(.line)

.debug_srcinfo
 *(.debug_srcinfo)

.debug_sfnames
 *(.debug_sfnames)

.debug_aranges  0x00000000      0x708
 *(.debug_aranges)
 .debug_aranges
                0x00000000       0x38 .\CortexM0\ARM_GCC_484\Debug\main.o
 .debug_aranges
                0x00000038       0x18 .\CortexM0\ARM_GCC_484\Debug\cymetadata.o
 .debug_aranges
                0x00000050       0x48 .\CortexM0\ARM_GCC_484\Debug\Cm0Start.o
 .debug_aranges
                0x00000098       0x60 .\CortexM0\ARM_GCC_484\Debug\CRT_timer.a(cyfitter_cfg.o)
 .debug_aranges
                0x000000f8       0x90 .\CortexM0\ARM_GCC_484\Debug\CRT_timer.a(Timer_1.o)
 .debug_aranges
                0x00000188       0x40 .\CortexM0\ARM_GCC_484\Debug\CRT_timer.a(A_press.o)
 .debug_aranges
                0x000001c8       0x80 .\CortexM0\ARM_GCC_484\Debug\CRT_timer.a(sw_int.o)
 .debug_aranges
                0x00000248       0x20 .\CortexM0\ARM_GCC_484\Debug\CRT_timer.a(CyBootAsmGnu.o)
 .debug_aranges
                0x00000268      0x230 .\CortexM0\ARM_GCC_484\Debug\CRT_timer.a(CyLib.o)
 .debug_aranges
                0x00000498       0x68 .\CortexM0\ARM_GCC_484\Debug\CRT_timer.a(UART_1.o)
 .debug_aranges
                0x00000500       0x48 .\CortexM0\ARM_GCC_484\Debug\CRT_timer.a(UART_1_SPI_UART.o)
 .debug_aranges
                0x00000548       0x40 .\CortexM0\ARM_GCC_484\Debug\CRT_timer.a(UART_1_UART.o)
 .debug_aranges
                0x00000588       0x90 .\CortexM0\ARM_GCC_484\Debug\CRT_timer.a(LCD.o)
 .debug_aranges
                0x00000618       0xa8 .\CortexM0\ARM_GCC_484\Debug\CRT_timer.a(ADC.o)
 .debug_aranges
                0x000006c0       0x20 .\CortexM0\ARM_GCC_484\Debug\CRT_timer.a(ADC_INT.o)
 .debug_aranges
                0x000006e0       0x28 .\CortexM0\ARM_GCC_484\Debug\CRT_timer.a(LCD_BarGraph.o)

.debug_pubnames
 *(.debug_pubnames)

.debug_info     0x00000000     0x2ccb
 *(.debug_info .gnu.linkonce.wi.*)
 .debug_info    0x00000000      0x1f8 .\CortexM0\ARM_GCC_484\Debug\main.o
 .debug_info    0x000001f8       0xfd .\CortexM0\ARM_GCC_484\Debug\cymetadata.o
 .debug_info    0x000002f5      0x2ff .\CortexM0\ARM_GCC_484\Debug\Cm0Start.o
 .debug_info    0x000005f4      0x488 .\CortexM0\ARM_GCC_484\Debug\CRT_timer.a(cyfitter_cfg.o)
 .debug_info    0x00000a7c      0x252 .\CortexM0\ARM_GCC_484\Debug\CRT_timer.a(Timer_1.o)
 .debug_info    0x00000cce      0x14c .\CortexM0\ARM_GCC_484\Debug\CRT_timer.a(A_press.o)
 .debug_info    0x00000e1a      0x241 .\CortexM0\ARM_GCC_484\Debug\CRT_timer.a(sw_int.o)
 .debug_info    0x0000105b       0x96 .\CortexM0\ARM_GCC_484\Debug\CRT_timer.a(CyBootAsmGnu.o)
 .debug_info    0x000010f1      0xc5b .\CortexM0\ARM_GCC_484\Debug\CRT_timer.a(CyLib.o)
 .debug_info    0x00001d4c      0x1eb .\CortexM0\ARM_GCC_484\Debug\CRT_timer.a(UART_1.o)
 .debug_info    0x00001f37      0x1ac .\CortexM0\ARM_GCC_484\Debug\CRT_timer.a(UART_1_SPI_UART.o)
 .debug_info    0x000020e3      0x18c .\CortexM0\ARM_GCC_484\Debug\CRT_timer.a(UART_1_UART.o)
 .debug_info    0x0000226f      0x390 .\CortexM0\ARM_GCC_484\Debug\CRT_timer.a(LCD.o)
 .debug_info    0x000025ff      0x49a .\CortexM0\ARM_GCC_484\Debug\CRT_timer.a(ADC.o)
 .debug_info    0x00002a99       0xc4 .\CortexM0\ARM_GCC_484\Debug\CRT_timer.a(ADC_INT.o)
 .debug_info    0x00002b5d      0x16e .\CortexM0\ARM_GCC_484\Debug\CRT_timer.a(LCD_BarGraph.o)

.debug_abbrev   0x00000000     0x1126
 *(.debug_abbrev)
 .debug_abbrev  0x00000000       0xff .\CortexM0\ARM_GCC_484\Debug\main.o
 .debug_abbrev  0x000000ff       0x5d .\CortexM0\ARM_GCC_484\Debug\cymetadata.o
 .debug_abbrev  0x0000015c      0x1b4 .\CortexM0\ARM_GCC_484\Debug\Cm0Start.o
 .debug_abbrev  0x00000310      0x1b3 .\CortexM0\ARM_GCC_484\Debug\CRT_timer.a(cyfitter_cfg.o)
 .debug_abbrev  0x000004c3      0x128 .\CortexM0\ARM_GCC_484\Debug\CRT_timer.a(Timer_1.o)
 .debug_abbrev  0x000005eb       0xb7 .\CortexM0\ARM_GCC_484\Debug\CRT_timer.a(A_press.o)
 .debug_abbrev  0x000006a2      0x168 .\CortexM0\ARM_GCC_484\Debug\CRT_timer.a(sw_int.o)
 .debug_abbrev  0x0000080a       0x14 .\CortexM0\ARM_GCC_484\Debug\CRT_timer.a(CyBootAsmGnu.o)
 .debug_abbrev  0x0000081e      0x207 .\CortexM0\ARM_GCC_484\Debug\CRT_timer.a(CyLib.o)
 .debug_abbrev  0x00000a25      0x122 .\CortexM0\ARM_GCC_484\Debug\CRT_timer.a(UART_1.o)
 .debug_abbrev  0x00000b47      0x119 .\CortexM0\ARM_GCC_484\Debug\CRT_timer.a(UART_1_SPI_UART.o)
 .debug_abbrev  0x00000c60       0xdd .\CortexM0\ARM_GCC_484\Debug\CRT_timer.a(UART_1_UART.o)
 .debug_abbrev  0x00000d3d      0x156 .\CortexM0\ARM_GCC_484\Debug\CRT_timer.a(LCD.o)
 .debug_abbrev  0x00000e93      0x170 .\CortexM0\ARM_GCC_484\Debug\CRT_timer.a(ADC.o)
 .debug_abbrev  0x00001003       0x72 .\CortexM0\ARM_GCC_484\Debug\CRT_timer.a(ADC_INT.o)
 .debug_abbrev  0x00001075       0xb1 .\CortexM0\ARM_GCC_484\Debug\CRT_timer.a(LCD_BarGraph.o)

.debug_line     0x00000000     0x17af
 *(.debug_line)
 .debug_line    0x00000000      0x105 .\CortexM0\ARM_GCC_484\Debug\main.o
 .debug_line    0x00000105       0x53 .\CortexM0\ARM_GCC_484\Debug\cymetadata.o
 .debug_line    0x00000158      0x1bb .\CortexM0\ARM_GCC_484\Debug\Cm0Start.o
 .debug_line    0x00000313      0x1dc .\CortexM0\ARM_GCC_484\Debug\CRT_timer.a(cyfitter_cfg.o)
 .debug_line    0x000004ef      0x176 .\CortexM0\ARM_GCC_484\Debug\CRT_timer.a(Timer_1.o)
 .debug_line    0x00000665       0xad .\CortexM0\ARM_GCC_484\Debug\CRT_timer.a(A_press.o)
 .debug_line    0x00000712      0x145 .\CortexM0\ARM_GCC_484\Debug\CRT_timer.a(sw_int.o)
 .debug_line    0x00000857       0x69 .\CortexM0\ARM_GCC_484\Debug\CRT_timer.a(CyBootAsmGnu.o)
 .debug_line    0x000008c0      0x703 .\CortexM0\ARM_GCC_484\Debug\CRT_timer.a(CyLib.o)
 .debug_line    0x00000fc3      0x121 .\CortexM0\ARM_GCC_484\Debug\CRT_timer.a(UART_1.o)
 .debug_line    0x000010e4       0xe8 .\CortexM0\ARM_GCC_484\Debug\CRT_timer.a(UART_1_SPI_UART.o)
 .debug_line    0x000011cc       0xd0 .\CortexM0\ARM_GCC_484\Debug\CRT_timer.a(UART_1_UART.o)
 .debug_line    0x0000129c      0x1c2 .\CortexM0\ARM_GCC_484\Debug\CRT_timer.a(LCD.o)
 .debug_line    0x0000145e      0x234 .\CortexM0\ARM_GCC_484\Debug\CRT_timer.a(ADC.o)
 .debug_line    0x00001692       0x64 .\CortexM0\ARM_GCC_484\Debug\CRT_timer.a(ADC_INT.o)
 .debug_line    0x000016f6       0xb9 .\CortexM0\ARM_GCC_484\Debug\CRT_timer.a(LCD_BarGraph.o)

.debug_frame    0x00000000     0x1b54
 *(.debug_frame)
 .debug_frame   0x00000000       0x94 .\CortexM0\ARM_GCC_484\Debug\main.o
 .debug_frame   0x00000094       0xc8 .\CortexM0\ARM_GCC_484\Debug\Cm0Start.o
 .debug_frame   0x0000015c      0x128 .\CortexM0\ARM_GCC_484\Debug\CRT_timer.a(cyfitter_cfg.o)
 .debug_frame   0x00000284      0x1cc .\CortexM0\ARM_GCC_484\Debug\CRT_timer.a(Timer_1.o)
 .debug_frame   0x00000450       0xa8 .\CortexM0\ARM_GCC_484\Debug\CRT_timer.a(A_press.o)
 .debug_frame   0x000004f8      0x190 .\CortexM0\ARM_GCC_484\Debug\CRT_timer.a(sw_int.o)
 .debug_frame   0x00000688      0x83c .\CortexM0\ARM_GCC_484\Debug\CRT_timer.a(CyLib.o)
 .debug_frame   0x00000ec4      0x134 .\CortexM0\ARM_GCC_484\Debug\CRT_timer.a(UART_1.o)
 .debug_frame   0x00000ff8       0xcc .\CortexM0\ARM_GCC_484\Debug\CRT_timer.a(UART_1_SPI_UART.o)
 .debug_frame   0x000010c4       0xac .\CortexM0\ARM_GCC_484\Debug\CRT_timer.a(UART_1_UART.o)
 .debug_frame   0x00001170      0x1e0 .\CortexM0\ARM_GCC_484\Debug\CRT_timer.a(LCD.o)
 .debug_frame   0x00001350      0x24c .\CortexM0\ARM_GCC_484\Debug\CRT_timer.a(ADC.o)
 .debug_frame   0x0000159c       0x30 .\CortexM0\ARM_GCC_484\Debug\CRT_timer.a(ADC_INT.o)
 .debug_frame   0x000015cc       0x54 .\CortexM0\ARM_GCC_484\Debug\CRT_timer.a(LCD_BarGraph.o)
 .debug_frame   0x00001620       0x20 c:/program files (x86)/cypress/psoc creator/3.1/psoc creator/import/gnu_cs/arm/4.8.4/bin/../lib/gcc/arm-none-eabi/4.8.4/armv6-m\libgcc.a(_udivsi3.o)
 .debug_frame   0x00001640       0x20 c:/program files (x86)/cypress/psoc creator/3.1/psoc creator/import/gnu_cs/arm/4.8.4/bin/../lib/gcc/arm-none-eabi/4.8.4/armv6-m\libgcc.a(_divsi3.o)
 .debug_frame   0x00001660       0x30 c:/program files (x86)/cypress/psoc creator/3.1/psoc creator/import/gnu_cs/arm/4.8.4/bin/../lib/gcc/arm-none-eabi/4.8.4/armv6-m\libgcc.a(_muldi3.o)
 .debug_frame   0x00001690       0x50 c:/program files (x86)/cypress/psoc creator/3.1/psoc creator/import/gnu_cs/arm/4.8.4/bin/../lib/gcc/arm-none-eabi/4.8.4/armv6-m\libgcc.a(bpabi.o)
 .debug_frame   0x000016e0       0x3c c:/program files (x86)/cypress/psoc creator/3.1/psoc creator/import/gnu_cs/arm/4.8.4/bin/../lib/gcc/arm-none-eabi/4.8.4/armv6-m\libgcc.a(divsf3.o)
 .debug_frame   0x0000171c       0x3c c:/program files (x86)/cypress/psoc creator/3.1/psoc creator/import/gnu_cs/arm/4.8.4/bin/../lib/gcc/arm-none-eabi/4.8.4/armv6-m\libgcc.a(mulsf3.o)
 .debug_frame   0x00001758       0x2c c:/program files (x86)/cypress/psoc creator/3.1/psoc creator/import/gnu_cs/arm/4.8.4/bin/../lib/gcc/arm-none-eabi/4.8.4/armv6-m\libgcc.a(floatsisf.o)
 .debug_frame   0x00001784       0x3c c:/program files (x86)/cypress/psoc creator/3.1/psoc creator/import/gnu_cs/arm/4.8.4/bin/../lib/gcc/arm-none-eabi/4.8.4/armv6-m\libgcc.a(_divdi3.o)
 .debug_frame   0x000017c0       0x3c c:/program files (x86)/cypress/psoc creator/3.1/psoc creator/import/gnu_cs/arm/4.8.4/bin/../lib/gcc/arm-none-eabi/4.8.4/armv6-m\libgcc.a(_udivdi3.o)
 .debug_frame   0x000017fc       0x20 c:/program files (x86)/cypress/psoc creator/3.1/psoc creator/import/gnu_cs/arm/4.8.4/bin/../lib/gcc/arm-none-eabi/4.8.4/../../../../arm-none-eabi/lib/armv6-m\libg_s.a(lib_a-errno.o)
 .debug_frame   0x0000181c       0x28 c:/program files (x86)/cypress/psoc creator/3.1/psoc creator/import/gnu_cs/arm/4.8.4/bin/../lib/gcc/arm-none-eabi/4.8.4/../../../../arm-none-eabi/lib/armv6-m\libg_s.a(lib_a-exit.o)
 .debug_frame   0x00001844       0x2c c:/program files (x86)/cypress/psoc creator/3.1/psoc creator/import/gnu_cs/arm/4.8.4/bin/../lib/gcc/arm-none-eabi/4.8.4/../../../../arm-none-eabi/lib/armv6-m\libg_s.a(lib_a-init.o)
 .debug_frame   0x00001870       0x28 c:/program files (x86)/cypress/psoc creator/3.1/psoc creator/import/gnu_cs/arm/4.8.4/bin/../lib/gcc/arm-none-eabi/4.8.4/../../../../arm-none-eabi/lib/armv6-m\libg_s.a(lib_a-memcpy-stub.o)
 .debug_frame   0x00001898       0x20 c:/program files (x86)/cypress/psoc creator/3.1/psoc creator/import/gnu_cs/arm/4.8.4/bin/../lib/gcc/arm-none-eabi/4.8.4/../../../../arm-none-eabi/lib/armv6-m\libg_s.a(lib_a-memset.o)
 .debug_frame   0x000018b8       0x4c c:/program files (x86)/cypress/psoc creator/3.1/psoc creator/import/gnu_cs/arm/4.8.4/bin/../lib/gcc/arm-none-eabi/4.8.4/../../../../arm-none-eabi/lib/armv6-m\libg_s.a(lib_a-sprintf.o)
 .debug_frame   0x00001904       0x74 c:/program files (x86)/cypress/psoc creator/3.1/psoc creator/import/gnu_cs/arm/4.8.4/bin/../lib/gcc/arm-none-eabi/4.8.4/../../../../arm-none-eabi/lib/armv6-m\libg_s.a(lib_a-svfprintf.o)
 .debug_frame   0x00001978       0x54 c:/program files (x86)/cypress/psoc creator/3.1/psoc creator/import/gnu_cs/arm/4.8.4/bin/../lib/gcc/arm-none-eabi/4.8.4/../../../../arm-none-eabi/lib/armv6-m\libg_s.a(lib_a-vfprintf_i.o)
 .debug_frame   0x000019cc       0x20 c:/program files (x86)/cypress/psoc creator/3.1/psoc creator/import/gnu_cs/arm/4.8.4/bin/../lib/gcc/arm-none-eabi/4.8.4/../../../../arm-none-eabi/lib/armv6-m\libg_s.a(lib_a-memchr-stub.o)
 .debug_frame   0x000019ec       0x2c c:/program files (x86)/cypress/psoc creator/3.1/psoc creator/import/gnu_cs/arm/4.8.4/bin/../lib/gcc/arm-none-eabi/4.8.4/../../../../arm-none-eabi/lib/armv6-m\libg_s.a(lib_a-memmove.o)
 .debug_frame   0x00001a18       0x2c c:/program files (x86)/cypress/psoc creator/3.1/psoc creator/import/gnu_cs/arm/4.8.4/bin/../lib/gcc/arm-none-eabi/4.8.4/../../../../arm-none-eabi/lib/armv6-m\libg_s.a(lib_a-nano-freer.o)
 .debug_frame   0x00001a44       0x2c c:/program files (x86)/cypress/psoc creator/3.1/psoc creator/import/gnu_cs/arm/4.8.4/bin/../lib/gcc/arm-none-eabi/4.8.4/../../../../arm-none-eabi/lib/armv6-m\libg_s.a(lib_a-nano-mallocr.o)
 .debug_frame   0x00001a70       0x30 c:/program files (x86)/cypress/psoc creator/3.1/psoc creator/import/gnu_cs/arm/4.8.4/bin/../lib/gcc/arm-none-eabi/4.8.4/../../../../arm-none-eabi/lib/armv6-m\libg_s.a(lib_a-nano-reallocr.o)
 .debug_frame   0x00001aa0       0x2c c:/program files (x86)/cypress/psoc creator/3.1/psoc creator/import/gnu_cs/arm/4.8.4/bin/../lib/gcc/arm-none-eabi/4.8.4/../../../../arm-none-eabi/lib/armv6-m\libg_s.a(lib_a-sbrkr.o)
 .debug_frame   0x00001acc       0x20 c:/program files (x86)/cypress/psoc creator/3.1/psoc creator/import/gnu_cs/arm/4.8.4/bin/../lib/gcc/arm-none-eabi/4.8.4/../../../../arm-none-eabi/lib/armv6-m\libg_s.a(lib_a-strlen.o)
 .debug_frame   0x00001aec       0x20 c:/program files (x86)/cypress/psoc creator/3.1/psoc creator/import/gnu_cs/arm/4.8.4/bin/../lib/gcc/arm-none-eabi/4.8.4/../../../../arm-none-eabi/lib/armv6-m\libg_s.a(lib_a-nano-msizer.o)
 .debug_frame   0x00001b0c       0x48 c:/program files (x86)/cypress/psoc creator/3.1/psoc creator/import/gnu_cs/arm/4.8.4/bin/../lib/gcc/arm-none-eabi/4.8.4/../../../../arm-none-eabi/lib/armv6-m\libg_s.a(lib_a-reent.o)

.debug_str      0x00000000     0x164a
 *(.debug_str)
 .debug_str     0x00000000      0x1d5 .\CortexM0\ARM_GCC_484\Debug\main.o
                                0x20e (size before relaxing)
 .debug_str     0x000001d5       0x5b .\CortexM0\ARM_GCC_484\Debug\cymetadata.o
                                0x1c2 (size before relaxing)
 .debug_str     0x00000230      0x12e .\CortexM0\ARM_GCC_484\Debug\Cm0Start.o
                                0x2b0 (size before relaxing)
 .debug_str     0x0000035e      0x1bf .\CortexM0\ARM_GCC_484\Debug\CRT_timer.a(cyfitter_cfg.o)
                                0x377 (size before relaxing)
 .debug_str     0x0000051d      0x1a1 .\CortexM0\ARM_GCC_484\Debug\CRT_timer.a(Timer_1.o)
                                0x31a (size before relaxing)
 .debug_str     0x000006be       0x96 .\CortexM0\ARM_GCC_484\Debug\CRT_timer.a(A_press.o)
                                0x207 (size before relaxing)
 .debug_str     0x00000754      0x10e .\CortexM0\ARM_GCC_484\Debug\CRT_timer.a(sw_int.o)
                                0x2b3 (size before relaxing)
 .debug_str     0x00000862      0x6fc .\CortexM0\ARM_GCC_484\Debug\CRT_timer.a(CyLib.o)
                                0x8c9 (size before relaxing)
 .debug_str     0x00000f5e      0x131 .\CortexM0\ARM_GCC_484\Debug\CRT_timer.a(UART_1.o)
                                0x2b2 (size before relaxing)
 .debug_str     0x0000108f       0xf1 .\CortexM0\ARM_GCC_484\Debug\CRT_timer.a(UART_1_SPI_UART.o)
                                0x270 (size before relaxing)
 .debug_str     0x00001180       0xc9 .\CortexM0\ARM_GCC_484\Debug\CRT_timer.a(UART_1_UART.o)
                                0x23f (size before relaxing)
 .debug_str     0x00001249      0x15e .\CortexM0\ARM_GCC_484\Debug\CRT_timer.a(LCD.o)
                                0x2f0 (size before relaxing)
 .debug_str     0x000013a7      0x1e1 .\CortexM0\ARM_GCC_484\Debug\CRT_timer.a(ADC.o)
                                0x38f (size before relaxing)
 .debug_str     0x00001588       0x37 .\CortexM0\ARM_GCC_484\Debug\CRT_timer.a(ADC_INT.o)
                                0x1a5 (size before relaxing)
 .debug_str     0x000015bf       0x8b .\CortexM0\ARM_GCC_484\Debug\CRT_timer.a(LCD_BarGraph.o)
                                0x217 (size before relaxing)

.debug_loc
 *(.debug_loc)

.debug_macinfo
 *(.debug_macinfo)

.debug_ranges   0x00000000      0x5f0
 *(.debug_ranges)
 .debug_ranges  0x00000000       0x28 .\CortexM0\ARM_GCC_484\Debug\main.o
 .debug_ranges  0x00000028       0x38 .\CortexM0\ARM_GCC_484\Debug\Cm0Start.o
 .debug_ranges  0x00000060       0x50 .\CortexM0\ARM_GCC_484\Debug\CRT_timer.a(cyfitter_cfg.o)
 .debug_ranges  0x000000b0       0x80 .\CortexM0\ARM_GCC_484\Debug\CRT_timer.a(Timer_1.o)
 .debug_ranges  0x00000130       0x30 .\CortexM0\ARM_GCC_484\Debug\CRT_timer.a(A_press.o)
 .debug_ranges  0x00000160       0x70 .\CortexM0\ARM_GCC_484\Debug\CRT_timer.a(sw_int.o)
 .debug_ranges  0x000001d0      0x220 .\CortexM0\ARM_GCC_484\Debug\CRT_timer.a(CyLib.o)
 .debug_ranges  0x000003f0       0x58 .\CortexM0\ARM_GCC_484\Debug\CRT_timer.a(UART_1.o)
 .debug_ranges  0x00000448       0x38 .\CortexM0\ARM_GCC_484\Debug\CRT_timer.a(UART_1_SPI_UART.o)
 .debug_ranges  0x00000480       0x30 .\CortexM0\ARM_GCC_484\Debug\CRT_timer.a(UART_1_UART.o)
 .debug_ranges  0x000004b0       0x80 .\CortexM0\ARM_GCC_484\Debug\CRT_timer.a(LCD.o)
 .debug_ranges  0x00000530       0x98 .\CortexM0\ARM_GCC_484\Debug\CRT_timer.a(ADC.o)
 .debug_ranges  0x000005c8       0x10 .\CortexM0\ARM_GCC_484\Debug\CRT_timer.a(ADC_INT.o)
 .debug_ranges  0x000005d8       0x18 .\CortexM0\ARM_GCC_484\Debug\CRT_timer.a(LCD_BarGraph.o)

.comment        0x00000000       0x70
 .comment       0x00000000       0x70 .\CortexM0\ARM_GCC_484\Debug\main.o
                                 0x71 (size before relaxing)
 .comment       0x00000000       0x71 .\CortexM0\ARM_GCC_484\Debug\cymetadata.o
 .comment       0x00000000       0x71 .\CortexM0\ARM_GCC_484\Debug\Cm0Start.o
 .comment       0x00000000       0x71 .\CortexM0\ARM_GCC_484\Debug\CRT_timer.a(cyfitter_cfg.o)
 .comment       0x00000000       0x71 .\CortexM0\ARM_GCC_484\Debug\CRT_timer.a(Timer_1.o)
 .comment       0x00000000       0x71 .\CortexM0\ARM_GCC_484\Debug\CRT_timer.a(A_press.o)
 .comment       0x00000000       0x71 .\CortexM0\ARM_GCC_484\Debug\CRT_timer.a(sw_int.o)
 .comment       0x00000000       0x71 .\CortexM0\ARM_GCC_484\Debug\CRT_timer.a(CyLib.o)
 .comment       0x00000000       0x71 .\CortexM0\ARM_GCC_484\Debug\CRT_timer.a(UART_1.o)
 .comment       0x00000000       0x71 .\CortexM0\ARM_GCC_484\Debug\CRT_timer.a(UART_1_SPI_UART.o)
 .comment       0x00000000       0x71 .\CortexM0\ARM_GCC_484\Debug\CRT_timer.a(UART_1_UART.o)
 .comment       0x00000000       0x71 .\CortexM0\ARM_GCC_484\Debug\CRT_timer.a(LCD.o)
 .comment       0x00000000       0x71 .\CortexM0\ARM_GCC_484\Debug\CRT_timer.a(ADC.o)
 .comment       0x00000000       0x71 .\CortexM0\ARM_GCC_484\Debug\CRT_timer.a(ADC_INT.o)
 .comment       0x00000000       0x71 .\CortexM0\ARM_GCC_484\Debug\CRT_timer.a(LCD_BarGraph.o)

.debug_weaknames
 *(.debug_weaknames)

.debug_funcnames
 *(.debug_funcnames)

.debug_typenames
 *(.debug_typenames)

.debug_varnames
 *(.debug_varnames)

.note.gnu.arm.ident
 *(.note.gnu.arm.ident)

.ARM.attributes
                0x00000000       0x28
 *(.ARM.attributes)
 .ARM.attributes
                0x00000000       0x1e c:/program files (x86)/cypress/psoc creator/3.1/psoc creator/import/gnu_cs/arm/4.8.4/bin/../lib/gcc/arm-none-eabi/4.8.4/armv6-m/crti.o
 .ARM.attributes
                0x0000001e       0x2c c:/program files (x86)/cypress/psoc creator/3.1/psoc creator/import/gnu_cs/arm/4.8.4/bin/../lib/gcc/arm-none-eabi/4.8.4/armv6-m/crtbegin.o
 .ARM.attributes
                0x0000004a       0x1b c:/program files (x86)/cypress/psoc creator/3.1/psoc creator/import/gnu_cs/arm/4.8.4/bin/../lib/gcc/arm-none-eabi/4.8.4/../../../../arm-none-eabi/lib/armv6-m/crt0.o
 .ARM.attributes
                0x00000065       0x31 .\CortexM0\ARM_GCC_484\Debug\main.o
 .ARM.attributes
                0x00000096       0x31 .\CortexM0\ARM_GCC_484\Debug\cymetadata.o
 .ARM.attributes
                0x000000c7       0x31 .\CortexM0\ARM_GCC_484\Debug\Cm0Start.o
 .ARM.attributes
                0x000000f8       0x31 .\CortexM0\ARM_GCC_484\Debug\CRT_timer.a(cyfitter_cfg.o)
 .ARM.attributes
                0x00000129       0x31 .\CortexM0\ARM_GCC_484\Debug\CRT_timer.a(Timer_1.o)
 .ARM.attributes
                0x0000015a       0x31 .\CortexM0\ARM_GCC_484\Debug\CRT_timer.a(A_press.o)
 .ARM.attributes
                0x0000018b       0x31 .\CortexM0\ARM_GCC_484\Debug\CRT_timer.a(sw_int.o)
 .ARM.attributes
                0x000001bc       0x21 .\CortexM0\ARM_GCC_484\Debug\CRT_timer.a(CyBootAsmGnu.o)
 .ARM.attributes
                0x000001dd       0x31 .\CortexM0\ARM_GCC_484\Debug\CRT_timer.a(CyLib.o)
 .ARM.attributes
                0x0000020e       0x31 .\CortexM0\ARM_GCC_484\Debug\CRT_timer.a(UART_1.o)
 .ARM.attributes
                0x0000023f       0x31 .\CortexM0\ARM_GCC_484\Debug\CRT_timer.a(UART_1_SPI_UART.o)
 .ARM.attributes
                0x00000270       0x31 .\CortexM0\ARM_GCC_484\Debug\CRT_timer.a(UART_1_UART.o)
 .ARM.attributes
                0x000002a1       0x31 .\CortexM0\ARM_GCC_484\Debug\CRT_timer.a(LCD.o)
 .ARM.attributes
                0x000002d2       0x31 .\CortexM0\ARM_GCC_484\Debug\CRT_timer.a(ADC.o)
 .ARM.attributes
                0x00000303       0x31 .\CortexM0\ARM_GCC_484\Debug\CRT_timer.a(ADC_INT.o)
 .ARM.attributes
                0x00000334       0x31 .\CortexM0\ARM_GCC_484\Debug\CRT_timer.a(LCD_BarGraph.o)
 .ARM.attributes
                0x00000365       0x1e c:/program files (x86)/cypress/psoc creator/3.1/psoc creator/import/gnu_cs/arm/4.8.4/bin/../lib/gcc/arm-none-eabi/4.8.4/armv6-m\libgcc.a(_udivsi3.o)
 .ARM.attributes
                0x00000383       0x1e c:/program files (x86)/cypress/psoc creator/3.1/psoc creator/import/gnu_cs/arm/4.8.4/bin/../lib/gcc/arm-none-eabi/4.8.4/armv6-m\libgcc.a(_divsi3.o)
 .ARM.attributes
                0x000003a1       0x1e c:/program files (x86)/cypress/psoc creator/3.1/psoc creator/import/gnu_cs/arm/4.8.4/bin/../lib/gcc/arm-none-eabi/4.8.4/armv6-m\libgcc.a(_dvmd_tls.o)
 .ARM.attributes
                0x000003bf       0x1e c:/program files (x86)/cypress/psoc creator/3.1/psoc creator/import/gnu_cs/arm/4.8.4/bin/../lib/gcc/arm-none-eabi/4.8.4/armv6-m\libgcc.a(_aeabi_ldivmod.o)
 .ARM.attributes
                0x000003dd       0x1e c:/program files (x86)/cypress/psoc creator/3.1/psoc creator/import/gnu_cs/arm/4.8.4/bin/../lib/gcc/arm-none-eabi/4.8.4/armv6-m\libgcc.a(_aeabi_uldivmod.o)
 .ARM.attributes
                0x000003fb       0x2c c:/program files (x86)/cypress/psoc creator/3.1/psoc creator/import/gnu_cs/arm/4.8.4/bin/../lib/gcc/arm-none-eabi/4.8.4/armv6-m\libgcc.a(_muldi3.o)
 .ARM.attributes
                0x00000427       0x2c c:/program files (x86)/cypress/psoc creator/3.1/psoc creator/import/gnu_cs/arm/4.8.4/bin/../lib/gcc/arm-none-eabi/4.8.4/armv6-m\libgcc.a(bpabi.o)
 .ARM.attributes
                0x00000453       0x2c c:/program files (x86)/cypress/psoc creator/3.1/psoc creator/import/gnu_cs/arm/4.8.4/bin/../lib/gcc/arm-none-eabi/4.8.4/armv6-m\libgcc.a(divsf3.o)
 .ARM.attributes
                0x0000047f       0x2c c:/program files (x86)/cypress/psoc creator/3.1/psoc creator/import/gnu_cs/arm/4.8.4/bin/../lib/gcc/arm-none-eabi/4.8.4/armv6-m\libgcc.a(mulsf3.o)
 .ARM.attributes
                0x000004ab       0x2c c:/program files (x86)/cypress/psoc creator/3.1/psoc creator/import/gnu_cs/arm/4.8.4/bin/../lib/gcc/arm-none-eabi/4.8.4/armv6-m\libgcc.a(floatsisf.o)
 .ARM.attributes
                0x000004d7       0x1e c:/program files (x86)/cypress/psoc creator/3.1/psoc creator/import/gnu_cs/arm/4.8.4/bin/../lib/gcc/arm-none-eabi/4.8.4/armv6-m\libgcc.a(_clzsi2.o)
 .ARM.attributes
                0x000004f5       0x2c c:/program files (x86)/cypress/psoc creator/3.1/psoc creator/import/gnu_cs/arm/4.8.4/bin/../lib/gcc/arm-none-eabi/4.8.4/armv6-m\libgcc.a(_divdi3.o)
 .ARM.attributes
                0x00000521       0x2c c:/program files (x86)/cypress/psoc creator/3.1/psoc creator/import/gnu_cs/arm/4.8.4/bin/../lib/gcc/arm-none-eabi/4.8.4/armv6-m\libgcc.a(_udivdi3.o)
 .ARM.attributes
                0x0000054d       0x2c c:/program files (x86)/cypress/psoc creator/3.1/psoc creator/import/gnu_cs/arm/4.8.4/bin/../lib/gcc/arm-none-eabi/4.8.4/../../../../arm-none-eabi/lib/armv6-m\libg_s.a(lib_a-errno.o)
 .ARM.attributes
                0x00000579       0x2c c:/program files (x86)/cypress/psoc creator/3.1/psoc creator/import/gnu_cs/arm/4.8.4/bin/../lib/gcc/arm-none-eabi/4.8.4/../../../../arm-none-eabi/lib/armv6-m\libg_s.a(lib_a-exit.o)
 .ARM.attributes
                0x000005a5       0x2c c:/program files (x86)/cypress/psoc creator/3.1/psoc creator/import/gnu_cs/arm/4.8.4/bin/../lib/gcc/arm-none-eabi/4.8.4/../../../../arm-none-eabi/lib/armv6-m\libg_s.a(lib_a-impure.o)
 .ARM.attributes
                0x000005d1       0x2c c:/program files (x86)/cypress/psoc creator/3.1/psoc creator/import/gnu_cs/arm/4.8.4/bin/../lib/gcc/arm-none-eabi/4.8.4/../../../../arm-none-eabi/lib/armv6-m\libg_s.a(lib_a-init.o)
 .ARM.attributes
                0x000005fd       0x2c c:/program files (x86)/cypress/psoc creator/3.1/psoc creator/import/gnu_cs/arm/4.8.4/bin/../lib/gcc/arm-none-eabi/4.8.4/../../../../arm-none-eabi/lib/armv6-m\libg_s.a(lib_a-memcpy-stub.o)
 .ARM.attributes
                0x00000629       0x2c c:/program files (x86)/cypress/psoc creator/3.1/psoc creator/import/gnu_cs/arm/4.8.4/bin/../lib/gcc/arm-none-eabi/4.8.4/../../../../arm-none-eabi/lib/armv6-m\libg_s.a(lib_a-memset.o)
 .ARM.attributes
                0x00000655       0x2c c:/program files (x86)/cypress/psoc creator/3.1/psoc creator/import/gnu_cs/arm/4.8.4/bin/../lib/gcc/arm-none-eabi/4.8.4/../../../../arm-none-eabi/lib/armv6-m\libg_s.a(lib_a-sprintf.o)
 .ARM.attributes
                0x00000681       0x2c c:/program files (x86)/cypress/psoc creator/3.1/psoc creator/import/gnu_cs/arm/4.8.4/bin/../lib/gcc/arm-none-eabi/4.8.4/../../../../arm-none-eabi/lib/armv6-m\libg_s.a(lib_a-svfprintf.o)
 .ARM.attributes
                0x000006ad       0x2c c:/program files (x86)/cypress/psoc creator/3.1/psoc creator/import/gnu_cs/arm/4.8.4/bin/../lib/gcc/arm-none-eabi/4.8.4/../../../../arm-none-eabi/lib/armv6-m\libg_s.a(lib_a-vfprintf_i.o)
 .ARM.attributes
                0x000006d9       0x2c c:/program files (x86)/cypress/psoc creator/3.1/psoc creator/import/gnu_cs/arm/4.8.4/bin/../lib/gcc/arm-none-eabi/4.8.4/../../../../arm-none-eabi/lib/armv6-m\libg_s.a(lib_a-memchr-stub.o)
 .ARM.attributes
                0x00000705       0x2c c:/program files (x86)/cypress/psoc creator/3.1/psoc creator/import/gnu_cs/arm/4.8.4/bin/../lib/gcc/arm-none-eabi/4.8.4/../../../../arm-none-eabi/lib/armv6-m\libg_s.a(lib_a-memmove.o)
 .ARM.attributes
                0x00000731       0x2c c:/program files (x86)/cypress/psoc creator/3.1/psoc creator/import/gnu_cs/arm/4.8.4/bin/../lib/gcc/arm-none-eabi/4.8.4/../../../../arm-none-eabi/lib/armv6-m\libg_s.a(lib_a-nano-freer.o)
 .ARM.attributes
                0x0000075d       0x2c c:/program files (x86)/cypress/psoc creator/3.1/psoc creator/import/gnu_cs/arm/4.8.4/bin/../lib/gcc/arm-none-eabi/4.8.4/../../../../arm-none-eabi/lib/armv6-m\libg_s.a(lib_a-nano-mallocr.o)
 .ARM.attributes
                0x00000789       0x2c c:/program files (x86)/cypress/psoc creator/3.1/psoc creator/import/gnu_cs/arm/4.8.4/bin/../lib/gcc/arm-none-eabi/4.8.4/../../../../arm-none-eabi/lib/armv6-m\libg_s.a(lib_a-nano-reallocr.o)
 .ARM.attributes
                0x000007b5       0x2c c:/program files (x86)/cypress/psoc creator/3.1/psoc creator/import/gnu_cs/arm/4.8.4/bin/../lib/gcc/arm-none-eabi/4.8.4/../../../../arm-none-eabi/lib/armv6-m\libg_s.a(lib_a-sbrkr.o)
 .ARM.attributes
                0x000007e1       0x2c c:/program files (x86)/cypress/psoc creator/3.1/psoc creator/import/gnu_cs/arm/4.8.4/bin/../lib/gcc/arm-none-eabi/4.8.4/../../../../arm-none-eabi/lib/armv6-m\libg_s.a(lib_a-strlen.o)
 .ARM.attributes
                0x0000080d       0x2c c:/program files (x86)/cypress/psoc creator/3.1/psoc creator/import/gnu_cs/arm/4.8.4/bin/../lib/gcc/arm-none-eabi/4.8.4/../../../../arm-none-eabi/lib/armv6-m\libg_s.a(lib_a-nano-msizer.o)
 .ARM.attributes
                0x00000839       0x2c c:/program files (x86)/cypress/psoc creator/3.1/psoc creator/import/gnu_cs/arm/4.8.4/bin/../lib/gcc/arm-none-eabi/4.8.4/../../../../arm-none-eabi/lib/armv6-m\libg_s.a(lib_a-reent.o)
 .ARM.attributes
                0x00000865       0x2c c:/program files (x86)/cypress/psoc creator/3.1/psoc creator/import/gnu_cs/arm/4.8.4/bin/../lib/gcc/arm-none-eabi/4.8.4/armv6-m/crtend.o
 .ARM.attributes
                0x00000891       0x1e c:/program files (x86)/cypress/psoc creator/3.1/psoc creator/import/gnu_cs/arm/4.8.4/bin/../lib/gcc/arm-none-eabi/4.8.4/armv6-m/crtn.o

/DISCARD/
 *(.note.GNU-stack)
OUTPUT(.\CortexM0\ARM_GCC_484\Debug\CRT_timer.elf elf32-littlearm)
