Archive member included because of file (symbol)

.\CortexM0\ARM_GCC_484\Debug\CRT_timer.a(cyfitter_cfg.o)
                              .\CortexM0\ARM_GCC_484\Debug\Cm0Start.o (cyfitter_cfg)
.\CortexM0\ARM_GCC_484\Debug\CRT_timer.a(Timer_1.o)
                              .\CortexM0\ARM_GCC_484\Debug\main.o (Timer_1_WriteCounter)
.\CortexM0\ARM_GCC_484\Debug\CRT_timer.a(sw_int.o)
                              .\CortexM0\ARM_GCC_484\Debug\main.o (sw_int_StartEx)
.\CortexM0\ARM_GCC_484\Debug\CRT_timer.a(CyBootAsmGnu.o)
                              .\CortexM0\ARM_GCC_484\Debug\CRT_timer.a(cyfitter_cfg.o) (CyDelayCycles)
.\CortexM0\ARM_GCC_484\Debug\CRT_timer.a(CyLib.o)
                              .\CortexM0\ARM_GCC_484\Debug\CRT_timer.a(cyfitter_cfg.o) (CyDelayUs)
.\CortexM0\ARM_GCC_484\Debug\CRT_timer.a(UART_1.o)
                              .\CortexM0\ARM_GCC_484\Debug\main.o (UART_1_Start)
.\CortexM0\ARM_GCC_484\Debug\CRT_timer.a(UART_1_SPI_UART.o)
                              .\CortexM0\ARM_GCC_484\Debug\main.o (UART_1_SpiUartWriteTxData)
.\CortexM0\ARM_GCC_484\Debug\CRT_timer.a(UART_1_UART.o)
                              .\CortexM0\ARM_GCC_484\Debug\CRT_timer.a(UART_1.o) (UART_1_UartInit)
.\CortexM0\ARM_GCC_484\Debug\CRT_timer.a(LCD.o)
                              .\CortexM0\ARM_GCC_484\Debug\main.o (LCD_WriteControl)
.\CortexM0\ARM_GCC_484\Debug\CRT_timer.a(LCD_CustChars.o)
                              .\CortexM0\ARM_GCC_484\Debug\CRT_timer.a(LCD.o) (LCD_customFonts)
.\CortexM0\ARM_GCC_484\Debug\CRT_timer.a(ADC.o)
                              .\CortexM0\ARM_GCC_484\Debug\main.o (ADC_Start)
.\CortexM0\ARM_GCC_484\Debug\CRT_timer.a(ADC_INT.o)
                              .\CortexM0\ARM_GCC_484\Debug\CRT_timer.a(ADC.o) (ADC_ISR)
.\CortexM0\ARM_GCC_484\Debug\CRT_timer.a(B_press.o)
                              .\CortexM0\ARM_GCC_484\Debug\main.o (B_press_Write)
.\CortexM0\ARM_GCC_484\Debug\CRT_timer.a(Opamp.o)
                              .\CortexM0\ARM_GCC_484\Debug\main.o (Opamp_Start)
.\CortexM0\ARM_GCC_484\Debug\CRT_timer.a(Test_pin.o)
                              .\CortexM0\ARM_GCC_484\Debug\main.o (Test_pin_Write)
c:/program files (x86)/cypress/psoc creator/3.1/psoc creator/import/gnu_cs/arm/4.8.4/bin/../lib/gcc/arm-none-eabi/4.8.4/armv6-m\libgcc.a(_udivsi3.o)
                              .\CortexM0\ARM_GCC_484\Debug\main.o (__aeabi_uidiv)
c:/program files (x86)/cypress/psoc creator/3.1/psoc creator/import/gnu_cs/arm/4.8.4/bin/../lib/gcc/arm-none-eabi/4.8.4/armv6-m\libgcc.a(_divsi3.o)
                              .\CortexM0\ARM_GCC_484\Debug\Cm0Start.o (__aeabi_idiv)
c:/program files (x86)/cypress/psoc creator/3.1/psoc creator/import/gnu_cs/arm/4.8.4/bin/../lib/gcc/arm-none-eabi/4.8.4/armv6-m\libgcc.a(_dvmd_tls.o)
                              c:/program files (x86)/cypress/psoc creator/3.1/psoc creator/import/gnu_cs/arm/4.8.4/bin/../lib/gcc/arm-none-eabi/4.8.4/armv6-m\libgcc.a(_udivsi3.o) (__aeabi_idiv0)
c:/program files (x86)/cypress/psoc creator/3.1/psoc creator/import/gnu_cs/arm/4.8.4/bin/../lib/gcc/arm-none-eabi/4.8.4/armv6-m\libgcc.a(_aeabi_ldivmod.o)
                              .\CortexM0\ARM_GCC_484\Debug\CRT_timer.a(ADC.o) (__aeabi_ldivmod)
c:/program files (x86)/cypress/psoc creator/3.1/psoc creator/import/gnu_cs/arm/4.8.4/bin/../lib/gcc/arm-none-eabi/4.8.4/armv6-m\libgcc.a(_aeabi_uldivmod.o)
                              .\CortexM0\ARM_GCC_484\Debug\main.o (__aeabi_uldivmod)
c:/program files (x86)/cypress/psoc creator/3.1/psoc creator/import/gnu_cs/arm/4.8.4/bin/../lib/gcc/arm-none-eabi/4.8.4/armv6-m\libgcc.a(_muldi3.o)
                              .\CortexM0\ARM_GCC_484\Debug\CRT_timer.a(ADC.o) (__aeabi_lmul)
c:/program files (x86)/cypress/psoc creator/3.1/psoc creator/import/gnu_cs/arm/4.8.4/bin/../lib/gcc/arm-none-eabi/4.8.4/armv6-m\libgcc.a(bpabi.o)
                              c:/program files (x86)/cypress/psoc creator/3.1/psoc creator/import/gnu_cs/arm/4.8.4/bin/../lib/gcc/arm-none-eabi/4.8.4/armv6-m\libgcc.a(_aeabi_ldivmod.o) (__gnu_ldivmod_helper)
c:/program files (x86)/cypress/psoc creator/3.1/psoc creator/import/gnu_cs/arm/4.8.4/bin/../lib/gcc/arm-none-eabi/4.8.4/armv6-m\libgcc.a(divsf3.o)
                              .\CortexM0\ARM_GCC_484\Debug\CRT_timer.a(ADC.o) (__aeabi_fdiv)
c:/program files (x86)/cypress/psoc creator/3.1/psoc creator/import/gnu_cs/arm/4.8.4/bin/../lib/gcc/arm-none-eabi/4.8.4/armv6-m\libgcc.a(mulsf3.o)
                              .\CortexM0\ARM_GCC_484\Debug\CRT_timer.a(ADC.o) (__aeabi_fmul)
c:/program files (x86)/cypress/psoc creator/3.1/psoc creator/import/gnu_cs/arm/4.8.4/bin/../lib/gcc/arm-none-eabi/4.8.4/armv6-m\libgcc.a(floatsisf.o)
                              .\CortexM0\ARM_GCC_484\Debug\CRT_timer.a(ADC.o) (__aeabi_i2f)
c:/program files (x86)/cypress/psoc creator/3.1/psoc creator/import/gnu_cs/arm/4.8.4/bin/../lib/gcc/arm-none-eabi/4.8.4/armv6-m\libgcc.a(_clzsi2.o)
[...]
Memory Configuration

Name             Origin             Length             Attributes
rom              0x00000000         0x00008000         xr
ram              0x20000000         0x00001000         xrw
*default*        0x00000000         0xffffffff

Linker script and memory map

LOAD c:/program files (x86)/cypress/psoc creator/3.1/psoc creator/import/gnu_cs/arm/4.8.4/bin/../lib/gcc/arm-none-eabi/4.8.4/armv6-m/crti.o
LOAD c:/program files (x86)/cypress/psoc creator/3.1/psoc creator/import/gnu_cs/arm/4.8.4/bin/../lib/gcc/arm-none-eabi/4.8.4/armv6-m/crtbegin.o
LOAD c:/program files (x86)/cypress/psoc creator/3.1/psoc creator/import/gnu_cs/arm/4.8.4/bin/../lib/gcc/arm-none-eabi/4.8.4/../../../../arm-none-eabi/lib/armv6-m/crt0.o
START GROUP
LOAD .\CortexM0\ARM_GCC_484\Debug\main.o
LOAD .\CortexM0\ARM_GCC_484\Debug\menus.o
LOAD .\CortexM0\ARM_GCC_484\Debug\cymetadata.o
LOAD .\CortexM0\ARM_GCC_484\Debug\Cm0Start.o
LOAD .\CortexM0\ARM_GCC_484\Debug\CRT_timer.a
LOAD C:\Program Files (x86)\Cypress\PSoC Creator\3.1\PSoC Creator\psoc\content\cycomponentlibrary\CyComponentLibrary.cylib\CortexM0\ARM_GCC_484\Debug\CyComponentLibrary.a
END GROUP
START GROUP
LOAD c:/program files (x86)/cypress/psoc creator/3.1/psoc creator/import/gnu_cs/arm/4.8.4/bin/../lib/gcc/arm-none-eabi/4.8.4/armv6-m\libgcc.a
LOAD c:/program files (x86)/cypress/psoc creator/3.1/psoc creator/import/gnu_cs/arm/4.8.4/bin/../lib/gcc/arm-none-eabi/4.8.4/../../../../arm-none-eabi/lib/armv6-m\libg_s.a
LOAD c:/program files (x86)/cypress/psoc creator/3.1/psoc creator/import/gnu_cs/arm/4.8.4/bin/../lib/gcc/arm-none-eabi/4.8.4/../../../../arm-none-eabi/lib/armv6-m\libc_s.a
END GROUP
START GROUP
LOAD c:/program files (x86)/cypress/psoc creator/3.1/psoc creator/import/gnu_cs/arm/4.8.4/bin/../lib/gcc/arm-none-eabi/4.8.4/armv6-m\libgcc.a
LOAD c:/program files (x86)/cypress/psoc creator/3.1/psoc creator/import/gnu_cs/arm/4.8.4/bin/../lib/gcc/arm-none-eabi/4.8.4/../../../../arm-none-eabi/lib/armv6-m\libc_s.a
END GROUP
LOAD c:/program files (x86)/cypress/psoc creator/3.1/psoc creator/import/gnu_cs/arm/4.8.4/bin/../lib/gcc/arm-none-eabi/4.8.4/armv6-m/crtend.o
LOAD c:/program files (x86)/cypress/psoc creator/3.1/psoc creator/import/gnu_cs/arm/4.8.4/bin/../lib/gcc/arm-none-eabi/4.8.4/armv6-m/crtn.o
START GROUP
LOAD c:/program files (x86)/cypress/psoc creator/3.1/psoc creator/import/gnu_cs/arm/4.8.4/bin/../lib/gcc/arm-none-eabi/4.8.4/armv6-m\libgcc.a
LOAD c:/program files (x86)/cypress/psoc creator/3.1/psoc creator/import/gnu_cs/arm/4.8.4/bin/../lib/gcc/arm-none-eabi/4.8.4/../../../../arm-none-eabi/lib/armv6-m\libc.a
LOAD c:/program files (x86)/cypress/psoc creator/3.1/psoc creator/import/gnu_cs/arm/4.8.4/bin/../lib/gcc/arm-none-eabi/4.8.4/../../../../arm-none-eabi/lib/armv6-m\libnosys.a
END GROUP
                0x00000000                CY_APPL_ORIGIN = 0x0
                0x00000080                CY_FLASH_ROW_SIZE = 0x80
                0x00000001                CY_APPL_NUM = 0x1
                0x00000040                CY_METADATA_SIZE = 0x40
                0x200001a8                PROVIDE (__cy_heap_start, _end)
                0x00000001                PROVIDE (__cy_region_num, ((__cy_regions_end - __cy_regions) / 0x10))
                0x20001000                PROVIDE (__cy_stack, (ORIGIN (ram) + 0x1000))
                0x20000c00                PROVIDE (__cy_heap_end, (__cy_stack - 0x400))

.cybootloader   0x00000000        0x0
 *(.cybootloader)
                0x00000000                appl1_start = CY_APPL_ORIGIN?CY_APPL_ORIGIN:ALIGN (CY_FLASH_ROW_SIZE)
                0x00003f80                appl2_start = (appl1_start + ALIGN ((((0x8000 - appl1_start) - (0x2 * CY_FLASH_ROW_SIZE)) / 0x2), CY_FLASH_ROW_SIZE))
                0x00000000                appl_start = (CY_APPL_NUM == 0x1)?appl1_start:appl2_start

.text           0x00000000     0x30b0
 CREATE_OBJECT_SYMBOLS
                0x00000000                PROVIDE (__cy_interrupt_vector, RomVectors)
 *(.romvectors)
 .romvectors    0x00000000       0x10 .\CortexM0\ARM_GCC_484\Debug\Cm0Start.o
                0x00000000                RomVectors
                0x00000001                ASSERT ((. != __cy_interrupt_vector), No interrupt vector)
                0x00000001                ASSERT (CY_APPL_ORIGIN?(SIZEOF (.cybootloader) <= CY_APPL_ORIGIN):0x1, Wrong image location)
                0x00000010                PROVIDE (__cy_reset, Reset)
 *(.text.Reset)
 .text.Reset    0x00000010        0x8 .\CortexM0\ARM_GCC_484\Debug\Cm0Start.o
                0x00000010                Reset
                0x00000001                ASSERT ((. != __cy_reset), No reset code)
 *(.psocinit)
 .psocinit      0x00000018      0x37c .\CortexM0\ARM_GCC_484\Debug\CRT_timer.a(cyfitter_cfg.o)
                0x00000184                cyfitter_cfg
                0x00000394                . = MAX (., 0x100)
 *(.text .text.* .gnu.linkonce.t.*)
 .text          0x00000394       0x60 c:/program files (x86)/cypress/psoc creator/3.1/psoc creator/import/gnu_cs/arm/4.8.4/bin/../lib/gcc/arm-none-eabi/4.8.4/armv6-m/crtbegin.o
 .text.sw_int_ISR
                0x000003f4       0x78 .\CortexM0\ARM_GCC_484\Debug\main.o
                0x000003f4                sw_int_ISR
 .text.main     0x0000046c      0x250 .\CortexM0\ARM_GCC_484\Debug\main.o
                0x0000046c                main
 *fill*         0x000006bc        0x4 
 .text.puts_measurement
                0x000006c0      0x3c8 .\CortexM0\ARM_GCC_484\Debug\main.o
                0x000006c0                puts_measurement
 .text.print_measurement
                0x00000a88      0x2a8 .\CortexM0\ARM_GCC_484\Debug\main.o
                0x00000a88                print_measurement
 .text.updateBTN
                0x00000d30       0xa4 .\CortexM0\ARM_GCC_484\Debug\main.o
                0x00000d30                updateBTN
 .text.IntDefaultHandler
                0x00000dd4        0x8 .\CortexM0\ARM_GCC_484\Debug\Cm0Start.o
                0x00000dd4                IntDefaultHandler
 .text._sbrk    0x00000ddc       0x50 .\CortexM0\ARM_GCC_484\Debug\Cm0Start.o
                0x00000ddc                _sbrk
 .text.Start_c  0x00000e2c       0x98 .\CortexM0\ARM_GCC_484\Debug\Cm0Start.o
                0x00000e2c                Start_c
 .text.initialize_psoc
                0x00000ec4       0x64 .\CortexM0\ARM_GCC_484\Debug\Cm0Start.o
                0x00000ec4                initialize_psoc
 .text.CYMEMZERO
                0x00000f28       0x20 .\CortexM0\ARM_GCC_484\Debug\CRT_timer.a(cyfitter_cfg.o)
 .text.cfg_write_bytes32
                0x00000f48       0x80 .\CortexM0\ARM_GCC_484\Debug\CRT_timer.a(cyfitter_cfg.o)
 .text.AnalogSetDefault
                0x00000fc8       0x40 .\CortexM0\ARM_GCC_484\Debug\CRT_timer.a(cyfitter_cfg.o)
 .text.SetAnalogRoutingPumps
                0x00001008       0x40 .\CortexM0\ARM_GCC_484\Debug\CRT_timer.a(cyfitter_cfg.o)
                0x00001008                SetAnalogRoutingPumps
 .text.Timer_1_Init
                0x00001048       0x54 .\CortexM0\ARM_GCC_484\Debug\CRT_timer.a(Timer_1.o)
                0x00001048                Timer_1_Init
 .text.Timer_1_Enable
                0x0000109c       0x20 .\CortexM0\ARM_GCC_484\Debug\CRT_timer.a(Timer_1.o)
                0x0000109c                Timer_1_Enable
 .text.Timer_1_Start
                0x000010bc       0x24 .\CortexM0\ARM_GCC_484\Debug\CRT_timer.a(Timer_1.o)
                0x000010bc                Timer_1_Start
 .text.Timer_1_Stop
                0x000010e0       0x1c .\CortexM0\ARM_GCC_484\Debug\CRT_timer.a(Timer_1.o)
                0x000010e0                Timer_1_Stop
 .text.Timer_1_SetInterruptMode
                0x000010fc       0x20 .\CortexM0\ARM_GCC_484\Debug\CRT_timer.a(Timer_1.o)
                0x000010fc                Timer_1_SetInterruptMode
 .text.Timer_1_ReadStatusRegister
                0x0000111c       0x14 .\CortexM0\ARM_GCC_484\Debug\CRT_timer.a(Timer_1.o)
                0x0000111c                Timer_1_ReadStatusRegister
 .text.Timer_1_WritePeriod
                0x00001130       0x18 .\CortexM0\ARM_GCC_484\Debug\CRT_timer.a(Timer_1.o)
                0x00001130                Timer_1_WritePeriod
 .text.Timer_1_ReadCapture
                0x00001148       0x14 .\CortexM0\ARM_GCC_484\Debug\CRT_timer.a(Timer_1.o)
                0x00001148                Timer_1_ReadCapture
 .text.Timer_1_WriteCounter
                0x0000115c       0x18 .\CortexM0\ARM_GCC_484\Debug\CRT_timer.a(Timer_1.o)
                0x0000115c                Timer_1_WriteCounter
 .text.Timer_1_ReadCounter
                0x00001174       0x1c .\CortexM0\ARM_GCC_484\Debug\CRT_timer.a(Timer_1.o)
                0x00001174                Timer_1_ReadCounter
 .text.Timer_1_ClearFIFO
                0x00001190       0x1c .\CortexM0\ARM_GCC_484\Debug\CRT_timer.a(Timer_1.o)
                0x00001190                Timer_1_ClearFIFO
 .text.sw_int_StartEx
                0x000011ac       0x24 .\CortexM0\ARM_GCC_484\Debug\CRT_timer.a(sw_int.o)
                0x000011ac                sw_int_StartEx
 .text.sw_int_SetVector
                0x000011d0       0x18 .\CortexM0\ARM_GCC_484\Debug\CRT_timer.a(sw_int.o)
                0x000011d0                sw_int_SetVector
 .text.sw_int_SetPriority
                0x000011e8       0x50 .\CortexM0\ARM_GCC_484\Debug\CRT_timer.a(sw_int.o)
                0x000011e8                sw_int_SetPriority
 .text.sw_int_Enable
                0x00001238       0x14 .\CortexM0\ARM_GCC_484\Debug\CRT_timer.a(sw_int.o)
                0x00001238                sw_int_Enable
 .text.sw_int_Disable
                0x0000124c       0x14 .\CortexM0\ARM_GCC_484\Debug\CRT_timer.a(sw_int.o)
                0x0000124c                sw_int_Disable
 .text          0x00001260       0x28 .\CortexM0\ARM_GCC_484\Debug\CRT_timer.a(CyBootAsmGnu.o)
                0x00001260                CyDelayCycles
                0x00001274                CyEnterCriticalSection
                0x0000127c                CyExitCriticalSection
 .text.CyIntSetVector
                0x00001288       0x4c .\CortexM0\ARM_GCC_484\Debug\CRT_timer.a(CyLib.o)
                0x00001288                CyIntSetVector
 .text.CyIntSetPriority
                0x000012d4       0xa8 .\CortexM0\ARM_GCC_484\Debug\CRT_timer.a(CyLib.o)
                0x000012d4                CyIntSetPriority
 .text.CyHalt   0x0000137c       0x14 .\CortexM0\ARM_GCC_484\Debug\CRT_timer.a(CyLib.o)
                0x0000137c                CyHalt
 .text.CyDelay  0x00001390       0x48 .\CortexM0\ARM_GCC_484\Debug\CRT_timer.a(CyLib.o)
                0x00001390                CyDelay
 .text.CyDelayUs
                0x000013d8       0x28 .\CortexM0\ARM_GCC_484\Debug\CRT_timer.a(CyLib.o)
                0x000013d8                CyDelayUs
 .text.UART_1_Init
                0x00001400        0xc .\CortexM0\ARM_GCC_484\Debug\CRT_timer.a(UART_1.o)
                0x00001400                UART_1_Init
 .text.UART_1_Enable
                0x0000140c       0x20 .\CortexM0\ARM_GCC_484\Debug\CRT_timer.a(UART_1.o)
                0x0000140c                UART_1_Enable
 .text.UART_1_Start
                0x0000142c       0x24 .\CortexM0\ARM_GCC_484\Debug\CRT_timer.a(UART_1.o)
                0x0000142c                UART_1_Start
 .text.UART_1_ScbEnableIntr
                0x00001450        0x8 .\CortexM0\ARM_GCC_484\Debug\CRT_timer.a(UART_1.o)
 .text.UART_1_SpiUartWriteTxData
                0x00001458       0x2c .\CortexM0\ARM_GCC_484\Debug\CRT_timer.a(UART_1_SPI_UART.o)
                0x00001458                UART_1_SpiUartWriteTxData
 .text.UART_1_UartInit
                0x00001484       0xa8 .\CortexM0\ARM_GCC_484\Debug\CRT_timer.a(UART_1_UART.o)
                0x00001484                UART_1_UartInit
 .text.UART_1_UartPutString
                0x0000152c       0x34 .\CortexM0\ARM_GCC_484\Debug\CRT_timer.a(UART_1_UART.o)
                0x0000152c                UART_1_UartPutString
 .text.LCD_Init
                0x00001560       0x7c .\CortexM0\ARM_GCC_484\Debug\CRT_timer.a(LCD.o)
                0x00001560                LCD_Init
 .text.LCD_Enable
                0x000015dc       0x18 .\CortexM0\ARM_GCC_484\Debug\CRT_timer.a(LCD.o)
                0x000015dc                LCD_Enable
 .text.LCD_Start
                0x000015f4       0x24 .\CortexM0\ARM_GCC_484\Debug\CRT_timer.a(LCD.o)
                0x000015f4                LCD_Start
 .text.LCD_Position
                0x00001618       0x74 .\CortexM0\ARM_GCC_484\Debug\CRT_timer.a(LCD.o)
                0x00001618                LCD_Position
 .text.LCD_PrintString
                0x0000168c       0x58 .\CortexM0\ARM_GCC_484\Debug\CRT_timer.a(LCD.o)
                0x0000168c                LCD_PrintString
 .text.LCD_PutChar
                0x000016e4       0x1c .\CortexM0\ARM_GCC_484\Debug\CRT_timer.a(LCD.o)
                0x000016e4                LCD_PutChar
 .text.LCD_WriteData
                0x00001700       0x50 .\CortexM0\ARM_GCC_484\Debug\CRT_timer.a(LCD.o)
                0x00001700                LCD_WriteData
 .text.LCD_WriteControl
                0x00001750       0x58 .\CortexM0\ARM_GCC_484\Debug\CRT_timer.a(LCD.o)
                0x00001750                LCD_WriteControl
 .text.LCD_IsReady
                0x000017a8       0x10 .\CortexM0\ARM_GCC_484\Debug\CRT_timer.a(LCD.o)
                0x000017a8                LCD_IsReady
 .text.LCD_WrDatNib
                0x000017b8       0x74 .\CortexM0\ARM_GCC_484\Debug\CRT_timer.a(LCD.o)
 .text.LCD_WrCntrlNib
                0x0000182c       0x64 .\CortexM0\ARM_GCC_484\Debug\CRT_timer.a(LCD.o)
 .text.LCD_PrintNumber
                0x00001890       0xfc .\CortexM0\ARM_GCC_484\Debug\CRT_timer.a(LCD.o)
                0x00001890                LCD_PrintNumber
 .text.LCD_LoadCustomFonts
                0x0000198c       0x58 .\CortexM0\ARM_GCC_484\Debug\CRT_timer.a(LCD_CustChars.o)
                0x0000198c                LCD_LoadCustomFonts
 .text.ADC_Start
                0x000019e4       0x24 .\CortexM0\ARM_GCC_484\Debug\CRT_timer.a(ADC.o)
                0x000019e4                ADC_Start
 .text.ADC_Init
                0x00001a08      0x200 .\CortexM0\ARM_GCC_484\Debug\CRT_timer.a(ADC.o)
                0x00001a08                ADC_Init
 .text.ADC_Enable
                0x00001c08       0x28 .\CortexM0\ARM_GCC_484\Debug\CRT_timer.a(ADC.o)
                0x00001c08                ADC_Enable
 .text.ADC_StartConvert
                0x00001c30       0x1c .\CortexM0\ARM_GCC_484\Debug\CRT_timer.a(ADC.o)
                0x00001c30                ADC_StartConvert
 .text.ADC_GetResult16
                0x00001c4c       0x44 .\CortexM0\ARM_GCC_484\Debug\CRT_timer.a(ADC.o)
                0x00001c4c                ADC_GetResult16
 .text.ADC_CountsTo_mVolts
                0x00001c90       0xa4 .\CortexM0\ARM_GCC_484\Debug\CRT_timer.a(ADC.o)
                0x00001c90                ADC_CountsTo_mVolts
 .text.ADC_ISR  0x00001d34       0x1c .\CortexM0\ARM_GCC_484\Debug\CRT_timer.a(ADC_INT.o)
                0x00001d34                ADC_ISR
 .text.B_press_Write
                0x00001d50       0x4c .\CortexM0\ARM_GCC_484\Debug\CRT_timer.a(B_press.o)
                0x00001d50                B_press_Write
 .text.Opamp_Init
                0x00001d9c       0x34 .\CortexM0\ARM_GCC_484\Debug\CRT_timer.a(Opamp.o)
                0x00001d9c                Opamp_Init
 .text.Opamp_Enable
                0x00001dd0       0x24 .\CortexM0\ARM_GCC_484\Debug\CRT_timer.a(Opamp.o)
                0x00001dd0                Opamp_Enable
 .text.Opamp_Start
                0x00001df4       0x24 .\CortexM0\ARM_GCC_484\Debug\CRT_timer.a(Opamp.o)
                0x00001df4                Opamp_Start
 .text.Test_pin_Write
                0x00001e18       0x4c .\CortexM0\ARM_GCC_484\Debug\CRT_timer.a(Test_pin.o)
                0x00001e18                Test_pin_Write
 .text          0x00001e64       0x9c c:/program files (x86)/cypress/psoc creator/3.1/psoc creator/import/gnu_cs/arm/4.8.4/bin/../lib/gcc/arm-none-eabi/4.8.4/armv6-m\libgcc.a(_udivsi3.o)
                0x00001e64                __aeabi_uidiv
                0x00001e64                __udivsi3
                0x00001eec                __aeabi_uidivmod
 .text          0x00001f00       0xc0 c:/program files (x86)/cypress/psoc creator/3.1/psoc creator/import/gnu_cs/arm/4.8.4/bin/../lib/gcc/arm-none-eabi/4.8.4/armv6-m\libgcc.a(_divsi3.o)
                0x00001f00                __divsi3
                0x00001f00                __aeabi_idiv
                0x00001fac                __aeabi_idivmod
 .text          0x00001fc0        0x4 c:/program files (x86)/cypress/psoc creator/3.1/psoc creator/import/gnu_cs/arm/4.8.4/bin/../lib/gcc/arm-none-eabi/4.8.4/armv6-m\libgcc.a(_dvmd_tls.o)
                0x00001fc0                __aeabi_idiv0
                0x00001fc0                __aeabi_ldiv0
 .text          0x00001fc4       0x40 c:/program files (x86)/cypress/psoc creator/3.1/psoc creator/import/gnu_cs/arm/4.8.4/bin/../lib/gcc/arm-none-eabi/4.8.4/armv6-m\libgcc.a(_aeabi_uldivmod.o)
                0x00001fc4                __aeabi_uldivmod
 .text          0x00002004       0x44 c:/program files (x86)/cypress/psoc creator/3.1/psoc creator/import/gnu_cs/arm/4.8.4/bin/../lib/gcc/arm-none-eabi/4.8.4/armv6-m\libgcc.a(_muldi3.o)
                0x00002004                __muldi3
                0x00002004                __aeabi_lmul
 .text          0x00002048       0x6c c:/program files (x86)/cypress/psoc creator/3.1/psoc creator/import/gnu_cs/arm/4.8.4/bin/../lib/gcc/arm-none-eabi/4.8.4/armv6-m\libgcc.a(bpabi.o)
                0x00002048                __gnu_ldivmod_helper
                0x00002080                __gnu_uldivmod_helper
 .text          0x000020b4       0x3c c:/program files (x86)/cypress/psoc creator/3.1/psoc creator/import/gnu_cs/arm/4.8.4/bin/../lib/gcc/arm-none-eabi/4.8.4/armv6-m\libgcc.a(_clzsi2.o)
                0x000020b4                __clzsi2
 .text          0x000020f0      0x3b8 c:/program files (x86)/cypress/psoc creator/3.1/psoc creator/import/gnu_cs/arm/4.8.4/bin/../lib/gcc/arm-none-eabi/4.8.4/armv6-m\libgcc.a(_divdi3.o)
                0x000020f0                __divdi3
 .text          0x000024a8      0x384 c:/program files (x86)/cypress/psoc creator/3.1/psoc creator/import/gnu_cs/arm/4.8.4/bin/../lib/gcc/arm-none-eabi/4.8.4/armv6-m\libgcc.a(_udivdi3.o)
                0x000024a8                __udivdi3
 .text.__errno  0x0000282c        0xc c:/program files (x86)/cypress/psoc creator/3.1/psoc creator/import/gnu_cs/arm/4.8.4/bin/../lib/gcc/arm-none-eabi/4.8.4/../../../../arm-none-eabi/lib/armv6-m\libg_s.a(lib_a-errno.o)
                0x0000282c                __errno
 .text.__libc_init_array
                0x00002838       0x4c c:/program files (x86)/cypress/psoc creator/3.1/psoc creator/import/gnu_cs/arm/4.8.4/bin/../lib/gcc/arm-none-eabi/4.8.4/../../../../arm-none-eabi/lib/armv6-m\libg_s.a(lib_a-init.o)
                0x00002838                __libc_init_array
 .text.memcpy   0x00002884       0x12 c:/program files (x86)/cypress/psoc creator/3.1/psoc creator/import/gnu_cs/arm/4.8.4/bin/../lib/gcc/arm-none-eabi/4.8.4/../../../../arm-none-eabi/lib/armv6-m\libg_s.a(lib_a-memcpy-stub.o)
                0x00002884                memcpy
 .text.memset   0x00002896       0x10 c:/program files (x86)/cypress/psoc creator/3.1/psoc creator/import/gnu_cs/arm/4.8.4/bin/../lib/gcc/arm-none-eabi/4.8.4/../../../../arm-none-eabi/lib/armv6-m\libg_s.a(lib_a-memset.o)
                0x00002896                memset
 *fill*         0x000028a6        0x2 
 .text.sprintf  0x000028a8       0x44 c:/program files (x86)/cypress/psoc creator/3.1/psoc creator/import/gnu_cs/arm/4.8.4/bin/../lib/gcc/arm-none-eabi/4.8.4/../../../../arm-none-eabi/lib/armv6-m\libg_s.a(lib_a-sprintf.o)
                0x000028a8                siprintf
                0x000028a8                sprintf
 .text.__ssputs_r
                0x000028ec       0xc0 c:/program files (x86)/cypress/psoc creator/3.1/psoc creator/import/gnu_cs/arm/4.8.4/bin/../lib/gcc/arm-none-eabi/4.8.4/../../../../arm-none-eabi/lib/armv6-m\libg_s.a(lib_a-svfprintf.o)
                0x000028ec                __ssputs_r
 .text._svfprintf_r
                0x000029ac      0x1e0 c:/program files (x86)/cypress/psoc creator/3.1/psoc creator/import/gnu_cs/arm/4.8.4/bin/../lib/gcc/arm-none-eabi/4.8.4/../../../../arm-none-eabi/lib/armv6-m\libg_s.a(lib_a-svfprintf.o)
                0x000029ac                _svfiprintf_r
                0x000029ac                _svfprintf_r
 .text._printf_common
                0x00002b8c       0xe8 c:/program files (x86)/cypress/psoc creator/3.1/psoc creator/import/gnu_cs/arm/4.8.4/bin/../lib/gcc/arm-none-eabi/4.8.4/../../../../arm-none-eabi/lib/armv6-m\libg_s.a(lib_a-vfprintf_i.o)
                0x00002b8c                _printf_common
 .text._printf_i
                0x00002c74      0x22c c:/program files (x86)/cypress/psoc creator/3.1/psoc creator/import/gnu_cs/arm/4.8.4/bin/../lib/gcc/arm-none-eabi/4.8.4/../../../../arm-none-eabi/lib/armv6-m\libg_s.a(lib_a-vfprintf_i.o)
                0x00002c74                _printf_i
 .text.memchr   0x00002ea0       0x16 c:/program files (x86)/cypress/psoc creator/3.1/psoc creator/import/gnu_cs/arm/4.8.4/bin/../lib/gcc/arm-none-eabi/4.8.4/../../../../arm-none-eabi/lib/armv6-m\libg_s.a(lib_a-memchr-stub.o)
                0x00002ea0                memchr
 .text.memmove  0x00002eb6       0x32 c:/program files (x86)/cypress/psoc creator/3.1/psoc creator/import/gnu_cs/arm/4.8.4/bin/../lib/gcc/arm-none-eabi/4.8.4/../../../../arm-none-eabi/lib/armv6-m\libg_s.a(lib_a-memmove.o)
                0x00002eb6                memmove
 .text._free_r  0x00002ee8       0x90 c:/program files (x86)/cypress/psoc creator/3.1/psoc creator/import/gnu_cs/arm/4.8.4/bin/../lib/gcc/arm-none-eabi/4.8.4/../../../../arm-none-eabi/lib/armv6-m\libg_s.a(lib_a-nano-freer.o)
                0x00002ee8                _free_r
 .text._malloc_r
                0x00002f78       0xa8 c:/program files (x86)/cypress/psoc creator/3.1/psoc creator/import/gnu_cs/arm/4.8.4/bin/../lib/gcc/arm-none-eabi/4.8.4/../../../../arm-none-eabi/lib/armv6-m\libg_s.a(lib_a-nano-mallocr.o)
                0x00002f78                _malloc_r
 .text._realloc_r
                0x00003020       0x4c c:/program files (x86)/cypress/psoc creator/3.1/psoc creator/import/gnu_cs/arm/4.8.4/bin/../lib/gcc/arm-none-eabi/4.8.4/../../../../arm-none-eabi/lib/armv6-m\libg_s.a(lib_a-nano-reallocr.o)
                0x00003020                _realloc_r
 .text._sbrk_r  0x0000306c       0x24 c:/program files (x86)/cypress/psoc creator/3.1/psoc creator/import/gnu_cs/arm/4.8.4/bin/../lib/gcc/arm-none-eabi/4.8.4/../../../../arm-none-eabi/lib/armv6-m\libg_s.a(lib_a-sbrkr.o)
                0x0000306c                _sbrk_r
 .text.strlen   0x00003090        0xe c:/program files (x86)/cypress/psoc creator/3.1/psoc creator/import/gnu_cs/arm/4.8.4/bin/../lib/gcc/arm-none-eabi/4.8.4/../../../../arm-none-eabi/lib/armv6-m\libg_s.a(lib_a-strlen.o)
                0x00003090                strlen
 .text._malloc_usable_size_r
                0x0000309e       0x12 c:/program files (x86)/cypress/psoc creator/3.1/psoc creator/import/gnu_cs/arm/4.8.4/bin/../lib/gcc/arm-none-eabi/4.8.4/../../../../arm-none-eabi/lib/armv6-m\libg_s.a(lib_a-nano-msizer.o)
                0x0000309e                _malloc_usable_size_r
 *(.plt)
 *(.gnu.warning)
 *(.glue_7t)
 .glue_7t       0x00000000        0x0 linker stubs
 *(.glue_7)
 .glue_7        0x00000000        0x0 linker stubs
 *(.vfp11_veneer)
 .vfp11_veneer  0x00000000        0x0 linker stubs
 *(.bootloader)
 *(.ARM.extab* .gnu.linkonce.armextab.*)
 *(.gcc_except_table)

.v4_bx          0x000030b0        0x0
 .v4_bx         0x00000000        0x0 linker stubs

.iplt           0x000030b0        0x0
 .iplt          0x00000000        0x0 c:/program files (x86)/cypress/psoc creator/3.1/psoc creator/import/gnu_cs/arm/4.8.4/bin/../lib/gcc/arm-none-eabi/4.8.4/armv6-m/crtbegin.o

.eh_frame_hdr
 *(.eh_frame_hdr)

.eh_frame       0x000030b0        0x4
 *(.eh_frame)
 .eh_frame      0x000030b0        0x0 c:/program files (x86)/cypress/psoc creator/3.1/psoc creator/import/gnu_cs/arm/4.8.4/bin/../lib/gcc/arm-none-eabi/4.8.4/armv6-m/crtbegin.o
 .eh_frame      0x000030b0        0x4 c:/program files (x86)/cypress/psoc creator/3.1/psoc creator/import/gnu_cs/arm/4.8.4/bin/../lib/gcc/arm-none-eabi/4.8.4/armv6-m/crtend.o
                0x000030b4                PROVIDE (__exidx_start, .)

.ARM.exidx      0x000030b4        0x8
 *(.ARM.exidx* .gnu.linkonce.armexidx.*)
 .ARM.exidx     0x000030b4        0x8 c:/program files (x86)/cypress/psoc creator/3.1/psoc creator/import/gnu_cs/arm/4.8.4/bin/../lib/gcc/arm-none-eabi/4.8.4/armv6-m\libgcc.a(_divdi3.o)
 .ARM.exidx     0x000030bc        0x0 c:/program files (x86)/cypress/psoc creator/3.1/psoc creator/import/gnu_cs/arm/4.8.4/bin/../lib/gcc/arm-none-eabi/4.8.4/armv6-m\libgcc.a(_udivdi3.o)
                                  0x8 (size before relaxing)
                0x000030bc                __exidx_end = .

.rodata         0x000030bc      0x36c
 *(.rodata .rodata.* .gnu.linkonce.r.*)
 .rodata        0x000030bc      0x114 .\CortexM0\ARM_GCC_484\Debug\main.o
 .rodata        0x000031d0      0x19c .\CortexM0\ARM_GCC_484\Debug\CRT_timer.a(cyfitter_cfg.o)
 .rodata        0x0000336c       0x40 .\CortexM0\ARM_GCC_484\Debug\CRT_timer.a(LCD_CustChars.o)
                0x0000336c                LCD_customFonts
 .rodata        0x000033ac        0xc .\CortexM0\ARM_GCC_484\Debug\CRT_timer.a(ADC.o)
 .rodata.str1.1
                0x000033b8        0x2 c:/program files (x86)/cypress/psoc creator/3.1/psoc creator/import/gnu_cs/arm/4.8.4/bin/../lib/gcc/arm-none-eabi/4.8.4/../../../../arm-none-eabi/lib/armv6-m\libg_s.a(lib_a-impure.o)
 .rodata.str1.1
                0x000033ba       0x11 c:/program files (x86)/cypress/psoc creator/3.1/psoc creator/import/gnu_cs/arm/4.8.4/bin/../lib/gcc/arm-none-eabi/4.8.4/../../../../arm-none-eabi/lib/armv6-m\libg_s.a(lib_a-svfprintf.o)
 .rodata.str1.1
                0x000033cb       0x22 c:/program files (x86)/cypress/psoc creator/3.1/psoc creator/import/gnu_cs/arm/4.8.4/bin/../lib/gcc/arm-none-eabi/4.8.4/../../../../arm-none-eabi/lib/armv6-m\libg_s.a(lib_a-vfprintf_i.o)
                0x000033f0                . = ALIGN (0x4)
 *fill*         0x000033ed        0x3 
 *(.init)
 .init          0x000033f0        0x4 c:/program files (x86)/cypress/psoc creator/3.1/psoc creator/import/gnu_cs/arm/4.8.4/bin/../lib/gcc/arm-none-eabi/4.8.4/armv6-m/crti.o
                0x000033f0                _init
 .init          0x000033f4        0x8 c:/program files (x86)/cypress/psoc creator/3.1/psoc creator/import/gnu_cs/arm/4.8.4/bin/../lib/gcc/arm-none-eabi/4.8.4/armv6-m/crtn.o
                0x000033fc                . = ALIGN (0x4)
                0x000033fc                __preinit_array_start = .
 *(.preinit_array)
                0x000033fc                __preinit_array_end = .
                0x000033fc                . = ALIGN (0x4)
                0x000033fc                __init_array_start = .
 *(SORT(.init_array.*))
 *(.init_array)
 .init_array    0x000033fc        0x4 c:/program files (x86)/cypress/psoc creator/3.1/psoc creator/import/gnu_cs/arm/4.8.4/bin/../lib/gcc/arm-none-eabi/4.8.4/armv6-m/crtbegin.o
 .init_array    0x00003400        0x4 .\CortexM0\ARM_GCC_484\Debug\Cm0Start.o
                0x00003404                __init_array_end = .
                0x00003404                . = ALIGN (0x4)
 *(.fini)
 .fini          0x00003404        0x4 c:/program files (x86)/cypress/psoc creator/3.1/psoc creator/import/gnu_cs/arm/4.8.4/bin/../lib/gcc/arm-none-eabi/4.8.4/armv6-m/crti.o
                0x00003404                _fini
 .fini          0x00003408        0x8 c:/program files (x86)/cypress/psoc creator/3.1/psoc creator/import/gnu_cs/arm/4.8.4/bin/../lib/gcc/arm-none-eabi/4.8.4/armv6-m/crtn.o
                0x00003410                . = ALIGN (0x4)
                0x00003410                __fini_array_start = .
 *(.fini_array)
 .fini_array    0x00003410        0x4 c:/program files (x86)/cypress/psoc creator/3.1/psoc creator/import/gnu_cs/arm/4.8.4/bin/../lib/gcc/arm-none-eabi/4.8.4/armv6-m/crtbegin.o
 *(SORT(.fini_array.*))
                0x00003414                __fini_array_end = .
                0x00003414                . = ALIGN (0x4)
 *crtbegin.o(.ctors)
 *(EXCLUDE_FILE(*crtend.o) .ctors)
 *(SORT(.ctors.*))
 *crtend.o(.ctors)
                0x00003414                . = ALIGN (0x4)
 *crtbegin.o(.dtors)
 *(EXCLUDE_FILE(*crtend.o) .dtors)
 *(SORT(.dtors.*))
 *crtend.o(.dtors)
                0x00003414                . = ALIGN (0x4)
                0x00003414                __cy_regions = .
                0x00003414        0x4 LONG 0x3428 __cy_region_init_ram
                0x00003418        0x4 LONG 0x200000c8 __cy_region_start_data
                0x0000341c        0x4 LONG 0x80 __cy_region_init_size_ram
                0x00003420        0x4 LONG 0x60 __cy_region_zero_size_ram
                0x00003424                __cy_regions_end = .
                0x00003428                . = ALIGN (0x8)
 *fill*         0x00003424        0x4 
                0x00003428                _etext = .

.ramvectors     0x20000000       0xc0
                0x20000000                __cy_region_start_ram = .
 *(.ramvectors)
 .ramvectors    0x20000000       0xc0 .\CortexM0\ARM_GCC_484\Debug\Cm0Start.o
                0x20000000                CyRamVectors

.noinit         0x200000c0        0x4
 *(.noinit)
 .noinit        0x200000c0        0x4 .\CortexM0\ARM_GCC_484\Debug\Cm0Start.o

.data           0x200000c8       0x80 load address 0x00003428
                0x200000c8                __cy_region_start_data = .
 *(.jcr)
 .jcr           0x200000c8        0x0 c:/program files (x86)/cypress/psoc creator/3.1/psoc creator/import/gnu_cs/arm/4.8.4/bin/../lib/gcc/arm-none-eabi/4.8.4/armv6-m/crtbegin.o
 .jcr           0x200000c8        0x4 c:/program files (x86)/cypress/psoc creator/3.1/psoc creator/import/gnu_cs/arm/4.8.4/bin/../lib/gcc/arm-none-eabi/4.8.4/armv6-m/crtend.o
 *(.got.plt)
 *(.got)
 *(.shdata)
 *(.data .data.* .gnu.linkonce.d.*)
 .data          0x200000cc        0x4 .\CortexM0\ARM_GCC_484\Debug\Cm0Start.o
 .data          0x200000d0        0x4 .\CortexM0\ARM_GCC_484\Debug\CRT_timer.a(cyfitter_cfg.o)
 .data          0x200000d4       0x10 .\CortexM0\ARM_GCC_484\Debug\CRT_timer.a(CyLib.o)
                0x200000d4                cydelayFreqHz
                0x200000d8                cydelayFreqKhz
                0x200000dc                cydelayFreqMhz
                0x200000e0                cydelay32kMs
 .data.impure_data
                0x200000e4       0x60 c:/program files (x86)/cypress/psoc creator/3.1/psoc creator/import/gnu_cs/arm/4.8.4/bin/../lib/gcc/arm-none-eabi/4.8.4/../../../../arm-none-eabi/lib/armv6-m\libg_s.a(lib_a-impure.o)
 .data._impure_ptr
                0x20000144        0x4 c:/program files (x86)/cypress/psoc creator/3.1/psoc creator/import/gnu_cs/arm/4.8.4/bin/../lib/gcc/arm-none-eabi/4.8.4/../../../../arm-none-eabi/lib/armv6-m\libg_s.a(lib_a-impure.o)
                0x20000144                _impure_ptr
                0x20000148                . = ALIGN (0x8)
 *(.ram)
                0x20000148                _edata = .

.igot.plt       0x20000148        0x0 load address 0x000034a8
 .igot.plt      0x00000000        0x0 c:/program files (x86)/cypress/psoc creator/3.1/psoc creator/import/gnu_cs/arm/4.8.4/bin/../lib/gcc/arm-none-eabi/4.8.4/armv6-m/crtbegin.o

.bss            0x20000148       0x60 load address 0x000034a8
                0x20000148                PROVIDE (__bss_start__, .)
 *(.shbss)
 *(.bss .bss.* .gnu.linkonce.b.*)
 .bss           0x20000148       0x1c c:/program files (x86)/cypress/psoc creator/3.1/psoc creator/import/gnu_cs/arm/4.8.4/bin/../lib/gcc/arm-none-eabi/4.8.4/armv6-m/crtbegin.o
 .bss           0x20000164        0x1 .\CortexM0\ARM_GCC_484\Debug\CRT_timer.a(Timer_1.o)
                0x20000164                Timer_1_initVar
 *fill*         0x20000165        0x3 
 .bss           0x20000168        0x8 .\CortexM0\ARM_GCC_484\Debug\CRT_timer.a(UART_1.o)
                0x20000168                UART_1_initVar
                0x2000016c                UART_1_customIntrHandler
 .bss           0x20000170        0x2 .\CortexM0\ARM_GCC_484\Debug\CRT_timer.a(LCD.o)
                0x20000170                LCD_enableState
                0x20000171                LCD_initVar
 .bss           0x20000172        0x1 .\CortexM0\ARM_GCC_484\Debug\CRT_timer.a(ADC.o)
                0x20000172                ADC_initVar
 *fill*         0x20000173        0x1 
 .bss           0x20000174        0x8 .\CortexM0\ARM_GCC_484\Debug\CRT_timer.a(Opamp.o)
                0x20000174                Opamp_initVar
 .bss.__malloc_sbrk_start
                0x2000017c        0x4 c:/program files (x86)/cypress/psoc creator/3.1/psoc creator/import/gnu_cs/arm/4.8.4/bin/../lib/gcc/arm-none-eabi/4.8.4/../../../../arm-none-eabi/lib/armv6-m\libg_s.a(lib_a-nano-mallocr.o)
                0x2000017c                __malloc_sbrk_start
 .bss.__malloc_free_list
                0x20000180        0x4 c:/program files (x86)/cypress/psoc creator/3.1/psoc creator/import/gnu_cs/arm/4.8.4/bin/../lib/gcc/arm-none-eabi/4.8.4/../../../../arm-none-eabi/lib/armv6-m\libg_s.a(lib_a-nano-mallocr.o)
                0x20000180                __malloc_free_list
 *(COMMON)
 COMMON         0x20000184        0xe .\CortexM0\ARM_GCC_484\Debug\main.o
                0x20000184                running
                0x20000186                lcdBtnOld
                0x20000188                BTN
                0x2000018a                V_start
                0x2000018c                time
                0x20000190                V_new
 *fill*         0x20000192        0x2 
 COMMON         0x20000194        0xc .\CortexM0\ARM_GCC_484\Debug\CRT_timer.a(ADC.o)
                0x20000194                ADC_countsPer10Volt
                0x2000019c                ADC_offset
 COMMON         0x200001a0        0x4 c:/program files (x86)/cypress/psoc creator/3.1/psoc creator/import/gnu_cs/arm/4.8.4/bin/../lib/gcc/arm-none-eabi/4.8.4/../../../../arm-none-eabi/lib/armv6-m\libg_s.a(lib_a-reent.o)
                0x200001a0                errno
                0x200001a8                . = ALIGN (0x8)
 *fill*         0x200001a4        0x4 
 *(.ram.b)
                0x200001a8                _end = .
                0x200001a8                __end = .
                0x200001a8                PROVIDE (end, .)
                0x200001a8                PROVIDE (__bss_end__, .)
                0x00003428                __cy_region_init_ram = LOADADDR (.data)
                0x00000080                __cy_region_init_size_ram = (_edata - ADDR (.data))
                0x00000060                __cy_region_zero_size_ram = (_end - _edata)

.heap           0x200001a8       0x80 load address 0x000034a8
                0x200001a8                . = _end
                0x20000228                . = (. + 0x80)
 *fill*         0x200001a8       0x80 
                0x20000228                __cy_heap_limit = .

.stack          0x20000c00      0x400
                0x20000c00                __cy_stack_limit = .
                0x20001000                . = (. + 0x400)
 *fill*         0x20000c00      0x400 
                0x00000001                ASSERT ((__cy_stack_limit >= __cy_heap_limit), region RAM overflowed with stack)

.cyloadermeta
 *(.cyloadermeta)

.cyloadablemeta
 *(.cyloadablemeta)

.cyflashprotect
                0x90400000       0x20
 *(.cyflashprotect)
 .cyflashprotect
                0x90400000       0x20 .\CortexM0\ARM_GCC_484\Debug\cymetadata.o
                0x90400000                cy_meta_flashprotect

.cymeta         0x90500000        0xc
 *(.cymeta)
 .cymeta        0x90500000        0xc .\CortexM0\ARM_GCC_484\Debug\cymetadata.o
                0x90500000                cy_metadata

.cychipprotect  0x90600000        0x4
 *(.cychipprotect)
 .cychipprotect
                0x90600000        0x4 .\CortexM0\ARM_GCC_484\Debug\cymetadata.o
                0x90600000                cy_meta_chipprotect

.rel.dyn        0x000034a8        0x0 load address 0x90600004
 .rel.iplt      0x00000000        0x0 c:/program files (x86)/cypress/psoc creator/3.1/psoc creator/import/gnu_cs/arm/4.8.4/bin/../lib/gcc/arm-none-eabi/4.8.4/armv6-m/crtbegin.o

.stab
 *(.stab)

.stabstr
 *(.stabstr)

.debug
 *(.debug)

.line
 *(.line)

.debug_srcinfo
 *(.debug_srcinfo)

.debug_sfnames
 *(.debug_sfnames)

.debug_aranges  0x00000000      0x7a8
 *(.debug_aranges)
 .debug_aranges
                0x00000000       0x40 .\CortexM0\ARM_GCC_484\Debug\main.o
 .debug_aranges
                0x00000040       0x18 .\CortexM0\ARM_GCC_484\Debug\menus.o
 .debug_aranges
                0x00000058       0x18 .\CortexM0\ARM_GCC_484\Debug\cymetadata.o
 .debug_aranges
                0x00000070       0x48 .\CortexM0\ARM_GCC_484\Debug\Cm0Start.o
 .debug_aranges
                0x000000b8       0x60 .\CortexM0\ARM_GCC_484\Debug\CRT_timer.a(cyfitter_cfg.o)
 .debug_aranges
                0x00000118       0x90 .\CortexM0\ARM_GCC_484\Debug\CRT_timer.a(Timer_1.o)
 .debug_aranges
                0x000001a8       0x80 .\CortexM0\ARM_GCC_484\Debug\CRT_timer.a(sw_int.o)
 .debug_aranges
                0x00000228       0x20 .\CortexM0\ARM_GCC_484\Debug\CRT_timer.a(CyBootAsmGnu.o)
 .debug_aranges
                0x00000248      0x230 .\CortexM0\ARM_GCC_484\Debug\CRT_timer.a(CyLib.o)
 .debug_aranges
                0x00000478       0x68 .\CortexM0\ARM_GCC_484\Debug\CRT_timer.a(UART_1.o)
 .debug_aranges
                0x000004e0       0x48 .\CortexM0\ARM_GCC_484\Debug\CRT_timer.a(UART_1_SPI_UART.o)
 .debug_aranges
                0x00000528       0x40 .\CortexM0\ARM_GCC_484\Debug\CRT_timer.a(UART_1_UART.o)
 .debug_aranges
                0x00000568       0x90 .\CortexM0\ARM_GCC_484\Debug\CRT_timer.a(LCD.o)
 .debug_aranges
                0x000005f8       0x20 .\CortexM0\ARM_GCC_484\Debug\CRT_timer.a(LCD_CustChars.o)
 .debug_aranges
                0x00000618       0xa8 .\CortexM0\ARM_GCC_484\Debug\CRT_timer.a(ADC.o)
 .debug_aranges
                0x000006c0       0x20 .\CortexM0\ARM_GCC_484\Debug\CRT_timer.a(ADC_INT.o)
 .debug_aranges
                0x000006e0       0x40 .\CortexM0\ARM_GCC_484\Debug\CRT_timer.a(B_press.o)
 .debug_aranges
                0x00000720       0x48 .\CortexM0\ARM_GCC_484\Debug\CRT_timer.a(Opamp.o)
 .debug_aranges
                0x00000768       0x40 .\CortexM0\ARM_GCC_484\Debug\CRT_timer.a(Test_pin.o)

.debug_pubnames
 *(.debug_pubnames)

.debug_info     0x00000000     0x2ff6
 *(.debug_info .gnu.linkonce.wi.*)
 .debug_info    0x00000000      0x26b .\CortexM0\ARM_GCC_484\Debug\main.o
 .debug_info    0x0000026b       0x80 .\CortexM0\ARM_GCC_484\Debug\menus.o
 .debug_info    0x000002eb       0xfd .\CortexM0\ARM_GCC_484\Debug\cymetadata.o
 .debug_info    0x000003e8      0x2ff .\CortexM0\ARM_GCC_484\Debug\Cm0Start.o
 .debug_info    0x000006e7      0x488 .\CortexM0\ARM_GCC_484\Debug\CRT_timer.a(cyfitter_cfg.o)
 .debug_info    0x00000b6f      0x252 .\CortexM0\ARM_GCC_484\Debug\CRT_timer.a(Timer_1.o)
 .debug_info    0x00000dc1      0x241 .\CortexM0\ARM_GCC_484\Debug\CRT_timer.a(sw_int.o)
 .debug_info    0x00001002       0x96 .\CortexM0\ARM_GCC_484\Debug\CRT_timer.a(CyBootAsmGnu.o)
 .debug_info    0x00001098      0xc5b .\CortexM0\ARM_GCC_484\Debug\CRT_timer.a(CyLib.o)
 .debug_info    0x00001cf3      0x1eb .\CortexM0\ARM_GCC_484\Debug\CRT_timer.a(UART_1.o)
 .debug_info    0x00001ede      0x1ac .\CortexM0\ARM_GCC_484\Debug\CRT_timer.a(UART_1_SPI_UART.o)
 .debug_info    0x0000208a      0x18c .\CortexM0\ARM_GCC_484\Debug\CRT_timer.a(UART_1_UART.o)
 .debug_info    0x00002216      0x390 .\CortexM0\ARM_GCC_484\Debug\CRT_timer.a(LCD.o)
 .debug_info    0x000025a6       0xf6 .\CortexM0\ARM_GCC_484\Debug\CRT_timer.a(LCD_CustChars.o)
 .debug_info    0x0000269c      0x49a .\CortexM0\ARM_GCC_484\Debug\CRT_timer.a(ADC.o)
 .debug_info    0x00002b36       0xc4 .\CortexM0\ARM_GCC_484\Debug\CRT_timer.a(ADC_INT.o)
 .debug_info    0x00002bfa      0x14c .\CortexM0\ARM_GCC_484\Debug\CRT_timer.a(B_press.o)
 .debug_info    0x00002d46      0x164 .\CortexM0\ARM_GCC_484\Debug\CRT_timer.a(Opamp.o)
 .debug_info    0x00002eaa      0x14c .\CortexM0\ARM_GCC_484\Debug\CRT_timer.a(Test_pin.o)

.debug_abbrev   0x00000000     0x12d2
 *(.debug_abbrev)
 .debug_abbrev  0x00000000      0x10a .\CortexM0\ARM_GCC_484\Debug\main.o
 .debug_abbrev  0x0000010a       0x26 .\CortexM0\ARM_GCC_484\Debug\menus.o
 .debug_abbrev  0x00000130       0x5d .\CortexM0\ARM_GCC_484\Debug\cymetadata.o
 .debug_abbrev  0x0000018d      0x1b4 .\CortexM0\ARM_GCC_484\Debug\Cm0Start.o
 .debug_abbrev  0x00000341      0x1b3 .\CortexM0\ARM_GCC_484\Debug\CRT_timer.a(cyfitter_cfg.o)
 .debug_abbrev  0x000004f4      0x128 .\CortexM0\ARM_GCC_484\Debug\CRT_timer.a(Timer_1.o)
 .debug_abbrev  0x0000061c      0x168 .\CortexM0\ARM_GCC_484\Debug\CRT_timer.a(sw_int.o)
 .debug_abbrev  0x00000784       0x14 .\CortexM0\ARM_GCC_484\Debug\CRT_timer.a(CyBootAsmGnu.o)
 .debug_abbrev  0x00000798      0x207 .\CortexM0\ARM_GCC_484\Debug\CRT_timer.a(CyLib.o)
 .debug_abbrev  0x0000099f      0x122 .\CortexM0\ARM_GCC_484\Debug\CRT_timer.a(UART_1.o)
 .debug_abbrev  0x00000ac1      0x119 .\CortexM0\ARM_GCC_484\Debug\CRT_timer.a(UART_1_SPI_UART.o)
 .debug_abbrev  0x00000bda       0xdd .\CortexM0\ARM_GCC_484\Debug\CRT_timer.a(UART_1_UART.o)
 .debug_abbrev  0x00000cb7      0x156 .\CortexM0\ARM_GCC_484\Debug\CRT_timer.a(LCD.o)
 .debug_abbrev  0x00000e0d       0xa2 .\CortexM0\ARM_GCC_484\Debug\CRT_timer.a(LCD_CustChars.o)
 .debug_abbrev  0x00000eaf      0x170 .\CortexM0\ARM_GCC_484\Debug\CRT_timer.a(ADC.o)
 .debug_abbrev  0x0000101f       0x72 .\CortexM0\ARM_GCC_484\Debug\CRT_timer.a(ADC_INT.o)
 .debug_abbrev  0x00001091       0xb7 .\CortexM0\ARM_GCC_484\Debug\CRT_timer.a(B_press.o)
 .debug_abbrev  0x00001148       0xd3 .\CortexM0\ARM_GCC_484\Debug\CRT_timer.a(Opamp.o)
 .debug_abbrev  0x0000121b       0xb7 .\CortexM0\ARM_GCC_484\Debug\CRT_timer.a(Test_pin.o)

.debug_line     0x00000000     0x1950
 *(.debug_line)
 .debug_line    0x00000000      0x150 .\CortexM0\ARM_GCC_484\Debug\main.o
 .debug_line    0x00000150       0x1d .\CortexM0\ARM_GCC_484\Debug\menus.o
 .debug_line    0x0000016d       0x53 .\CortexM0\ARM_GCC_484\Debug\cymetadata.o
 .debug_line    0x000001c0      0x1bb .\CortexM0\ARM_GCC_484\Debug\Cm0Start.o
 .debug_line    0x0000037b      0x1df .\CortexM0\ARM_GCC_484\Debug\CRT_timer.a(cyfitter_cfg.o)
 .debug_line    0x0000055a      0x176 .\CortexM0\ARM_GCC_484\Debug\CRT_timer.a(Timer_1.o)
 .debug_line    0x000006d0      0x145 .\CortexM0\ARM_GCC_484\Debug\CRT_timer.a(sw_int.o)
 .debug_line    0x00000815       0x69 .\CortexM0\ARM_GCC_484\Debug\CRT_timer.a(CyBootAsmGnu.o)
 .debug_line    0x0000087e      0x703 .\CortexM0\ARM_GCC_484\Debug\CRT_timer.a(CyLib.o)
 .debug_line    0x00000f81      0x121 .\CortexM0\ARM_GCC_484\Debug\CRT_timer.a(UART_1.o)
 .debug_line    0x000010a2       0xe8 .\CortexM0\ARM_GCC_484\Debug\CRT_timer.a(UART_1_SPI_UART.o)
 .debug_line    0x0000118a       0xd0 .\CortexM0\ARM_GCC_484\Debug\CRT_timer.a(UART_1_UART.o)
 .debug_line    0x0000125a      0x1c2 .\CortexM0\ARM_GCC_484\Debug\CRT_timer.a(LCD.o)
 .debug_line    0x0000141c       0x7d .\CortexM0\ARM_GCC_484\Debug\CRT_timer.a(LCD_CustChars.o)
 .debug_line    0x00001499      0x235 .\CortexM0\ARM_GCC_484\Debug\CRT_timer.a(ADC.o)
 .debug_line    0x000016ce       0x64 .\CortexM0\ARM_GCC_484\Debug\CRT_timer.a(ADC_INT.o)
 .debug_line    0x00001732       0xad .\CortexM0\ARM_GCC_484\Debug\CRT_timer.a(B_press.o)
 .debug_line    0x000017df       0xc3 .\CortexM0\ARM_GCC_484\Debug\CRT_timer.a(Opamp.o)
 .debug_line    0x000018a2       0xae .\CortexM0\ARM_GCC_484\Debug\CRT_timer.a(Test_pin.o)

.debug_frame    0x00000000     0x1cc8
 *(.debug_frame)
 .debug_frame   0x00000000       0xc4 .\CortexM0\ARM_GCC_484\Debug\main.o
 .debug_frame   0x000000c4       0xc8 .\CortexM0\ARM_GCC_484\Debug\Cm0Start.o
 .debug_frame   0x0000018c      0x128 .\CortexM0\ARM_GCC_484\Debug\CRT_timer.a(cyfitter_cfg.o)
 .debug_frame   0x000002b4      0x1cc .\CortexM0\ARM_GCC_484\Debug\CRT_timer.a(Timer_1.o)
 .debug_frame   0x00000480      0x190 .\CortexM0\ARM_GCC_484\Debug\CRT_timer.a(sw_int.o)
 .debug_frame   0x00000610      0x83c .\CortexM0\ARM_GCC_484\Debug\CRT_timer.a(CyLib.o)
 .debug_frame   0x00000e4c      0x134 .\CortexM0\ARM_GCC_484\Debug\CRT_timer.a(UART_1.o)
 .debug_frame   0x00000f80       0xcc .\CortexM0\ARM_GCC_484\Debug\CRT_timer.a(UART_1_SPI_UART.o)
 .debug_frame   0x0000104c       0xac .\CortexM0\ARM_GCC_484\Debug\CRT_timer.a(UART_1_UART.o)
 .debug_frame   0x000010f8      0x1e0 .\CortexM0\ARM_GCC_484\Debug\CRT_timer.a(LCD.o)
 .debug_frame   0x000012d8       0x30 .\CortexM0\ARM_GCC_484\Debug\CRT_timer.a(LCD_CustChars.o)
 .debug_frame   0x00001308      0x24c .\CortexM0\ARM_GCC_484\Debug\CRT_timer.a(ADC.o)
 .debug_frame   0x00001554       0x30 .\CortexM0\ARM_GCC_484\Debug\CRT_timer.a(ADC_INT.o)
 .debug_frame   0x00001584       0xa8 .\CortexM0\ARM_GCC_484\Debug\CRT_timer.a(B_press.o)
 .debug_frame   0x0000162c       0xc0 .\CortexM0\ARM_GCC_484\Debug\CRT_timer.a(Opamp.o)
 .debug_frame   0x000016ec       0xa8 .\CortexM0\ARM_GCC_484\Debug\CRT_timer.a(Test_pin.o)
 .debug_frame   0x00001794       0x20 c:/program files (x86)/cypress/psoc creator/3.1/psoc creator/import/gnu_cs/arm/4.8.4/bin/../lib/gcc/arm-none-eabi/4.8.4/armv6-m\libgcc.a(_udivsi3.o)
 .debug_frame   0x000017b4       0x20 c:/program files (x86)/cypress/psoc creator/3.1/psoc creator/import/gnu_cs/arm/4.8.4/bin/../lib/gcc/arm-none-eabi/4.8.4/armv6-m\libgcc.a(_divsi3.o)
 .debug_frame   0x000017d4       0x30 c:/program files (x86)/cypress/psoc creator/3.1/psoc creator/import/gnu_cs/arm/4.8.4/bin/../lib/gcc/arm-none-eabi/4.8.4/armv6-m\libgcc.a(_muldi3.o)
 .debug_frame   0x00001804       0x50 c:/program files (x86)/cypress/psoc creator/3.1/psoc creator/import/gnu_cs/arm/4.8.4/bin/../lib/gcc/arm-none-eabi/4.8.4/armv6-m\libgcc.a(bpabi.o)
 .debug_frame   0x00001854       0x3c c:/program files (x86)/cypress/psoc creator/3.1/psoc creator/import/gnu_cs/arm/4.8.4/bin/../lib/gcc/arm-none-eabi/4.8.4/armv6-m\libgcc.a(divsf3.o)
 .debug_frame   0x00001890       0x3c c:/program files (x86)/cypress/psoc creator/3.1/psoc creator/import/gnu_cs/arm/4.8.4/bin/../lib/gcc/arm-none-eabi/4.8.4/armv6-m\libgcc.a(mulsf3.o)
 .debug_frame   0x000018cc       0x2c c:/program files (x86)/cypress/psoc creator/3.1/psoc creator/import/gnu_cs/arm/4.8.4/bin/../lib/gcc/arm-none-eabi/4.8.4/armv6-m\libgcc.a(floatsisf.o)
 .debug_frame   0x000018f8       0x3c c:/program files (x86)/cypress/psoc creator/3.1/psoc creator/import/gnu_cs/arm/4.8.4/bin/../lib/gcc/arm-none-eabi/4.8.4/armv6-m\libgcc.a(_divdi3.o)
 .debug_frame   0x00001934       0x3c c:/program files (x86)/cypress/psoc creator/3.1/psoc creator/import/gnu_cs/arm/4.8.4/bin/../lib/gcc/arm-none-eabi/4.8.4/armv6-m\libgcc.a(_udivdi3.o)
 .debug_frame   0x00001970       0x20 c:/program files (x86)/cypress/psoc creator/3.1/psoc creator/import/gnu_cs/arm/4.8.4/bin/../lib/gcc/arm-none-eabi/4.8.4/../../../../arm-none-eabi/lib/armv6-m\libg_s.a(lib_a-errno.o)
 .debug_frame   0x00001990       0x28 c:/program files (x86)/cypress/psoc creator/3.1/psoc creator/import/gnu_cs/arm/4.8.4/bin/../lib/gcc/arm-none-eabi/4.8.4/../../../../arm-none-eabi/lib/armv6-m\libg_s.a(lib_a-exit.o)
 .debug_frame   0x000019b8       0x2c c:/program files (x86)/cypress/psoc creator/3.1/psoc creator/import/gnu_cs/arm/4.8.4/bin/../lib/gcc/arm-none-eabi/4.8.4/../../../../arm-none-eabi/lib/armv6-m\libg_s.a(lib_a-init.o)
 .debug_frame   0x000019e4       0x28 c:/program files (x86)/cypress/psoc creator/3.1/psoc creator/import/gnu_cs/arm/4.8.4/bin/../lib/gcc/arm-none-eabi/4.8.4/../../../../arm-none-eabi/lib/armv6-m\libg_s.a(lib_a-memcpy-stub.o)
 .debug_frame   0x00001a0c       0x20 c:/program files (x86)/cypress/psoc creator/3.1/psoc creator/import/gnu_cs/arm/4.8.4/bin/../lib/gcc/arm-none-eabi/4.8.4/../../../../arm-none-eabi/lib/armv6-m\libg_s.a(lib_a-memset.o)
 .debug_frame   0x00001a2c       0x4c c:/program files (x86)/cypress/psoc creator/3.1/psoc creator/import/gnu_cs/arm/4.8.4/bin/../lib/gcc/arm-none-eabi/4.8.4/../../../../arm-none-eabi/lib/armv6-m\libg_s.a(lib_a-sprintf.o)
 .debug_frame   0x00001a78       0x74 c:/program files (x86)/cypress/psoc creator/3.1/psoc creator/import/gnu_cs/arm/4.8.4/bin/../lib/gcc/arm-none-eabi/4.8.4/../../../../arm-none-eabi/lib/armv6-m\libg_s.a(lib_a-svfprintf.o)
 .debug_frame   0x00001aec       0x54 c:/program files (x86)/cypress/psoc creator/3.1/psoc creator/import/gnu_cs/arm/4.8.4/bin/../lib/gcc/arm-none-eabi/4.8.4/../../../../arm-none-eabi/lib/armv6-m\libg_s.a(lib_a-vfprintf_i.o)
 .debug_frame   0x00001b40       0x20 c:/program files (x86)/cypress/psoc creator/3.1/psoc creator/import/gnu_cs/arm/4.8.4/bin/../lib/gcc/arm-none-eabi/4.8.4/../../../../arm-none-eabi/lib/armv6-m\libg_s.a(lib_a-memchr-stub.o)
 .debug_frame   0x00001b60       0x2c c:/program files (x86)/cypress/psoc creator/3.1/psoc creator/import/gnu_cs/arm/4.8.4/bin/../lib/gcc/arm-none-eabi/4.8.4/../../../../arm-none-eabi/lib/armv6-m\libg_s.a(lib_a-memmove.o)
 .debug_frame   0x00001b8c       0x2c c:/program files (x86)/cypress/psoc creator/3.1/psoc creator/import/gnu_cs/arm/4.8.4/bin/../lib/gcc/arm-none-eabi/4.8.4/../../../../arm-none-eabi/lib/armv6-m\libg_s.a(lib_a-nano-freer.o)
 .debug_frame   0x00001bb8       0x2c c:/program files (x86)/cypress/psoc creator/3.1/psoc creator/import/gnu_cs/arm/4.8.4/bin/../lib/gcc/arm-none-eabi/4.8.4/../../../../arm-none-eabi/lib/armv6-m\libg_s.a(lib_a-nano-mallocr.o)
 .debug_frame   0x00001be4       0x30 c:/program files (x86)/cypress/psoc creator/3.1/psoc creator/import/gnu_cs/arm/4.8.4/bin/../lib/gcc/arm-none-eabi/4.8.4/../../../../arm-none-eabi/lib/armv6-m\libg_s.a(lib_a-nano-reallocr.o)
 .debug_frame   0x00001c14       0x2c c:/program files (x86)/cypress/psoc creator/3.1/psoc creator/import/gnu_cs/arm/4.8.4/bin/../lib/gcc/arm-none-eabi/4.8.4/../../../../arm-none-eabi/lib/armv6-m\libg_s.a(lib_a-sbrkr.o)
 .debug_frame   0x00001c40       0x20 c:/program files (x86)/cypress/psoc creator/3.1/psoc creator/import/gnu_cs/arm/4.8.4/bin/../lib/gcc/arm-none-eabi/4.8.4/../../../../arm-none-eabi/lib/armv6-m\libg_s.a(lib_a-strlen.o)
 .debug_frame   0x00001c60       0x20 c:/program files (x86)/cypress/psoc creator/3.1/psoc creator/import/gnu_cs/arm/4.8.4/bin/../lib/gcc/arm-none-eabi/4.8.4/../../../../arm-none-eabi/lib/armv6-m\libg_s.a(lib_a-nano-msizer.o)
 .debug_frame   0x00001c80       0x48 c:/program files (x86)/cypress/psoc creator/3.1/psoc creator/import/gnu_cs/arm/4.8.4/bin/../lib/gcc/arm-none-eabi/4.8.4/../../../../arm-none-eabi/lib/armv6-m\libg_s.a(lib_a-reent.o)

.debug_str      0x00000000     0x174f
 *(.debug_str)
 .debug_str     0x00000000      0x1f0 .\CortexM0\ARM_GCC_484\Debug\main.o
                                0x234 (size before relaxing)
 .debug_str     0x000001f0        0xa .\CortexM0\ARM_GCC_484\Debug\menus.o
                                0x16b (size before relaxing)
 .debug_str     0x000001fa       0x5b .\CortexM0\ARM_GCC_484\Debug\cymetadata.o
                                0x1c2 (size before relaxing)
 .debug_str     0x00000255      0x12e .\CortexM0\ARM_GCC_484\Debug\Cm0Start.o
                                0x2b0 (size before relaxing)
 .debug_str     0x00000383      0x1bf .\CortexM0\ARM_GCC_484\Debug\CRT_timer.a(cyfitter_cfg.o)
                                0x377 (size before relaxing)
 .debug_str     0x00000542      0x1a1 .\CortexM0\ARM_GCC_484\Debug\CRT_timer.a(Timer_1.o)
                                0x31a (size before relaxing)
 .debug_str     0x000006e3      0x10e .\CortexM0\ARM_GCC_484\Debug\CRT_timer.a(sw_int.o)
                                0x2b3 (size before relaxing)
 .debug_str     0x000007f1      0x701 .\CortexM0\ARM_GCC_484\Debug\CRT_timer.a(CyLib.o)
                                0x8c9 (size before relaxing)
 .debug_str     0x00000ef2      0x131 .\CortexM0\ARM_GCC_484\Debug\CRT_timer.a(UART_1.o)
                                0x2b2 (size before relaxing)
 .debug_str     0x00001023       0xf1 .\CortexM0\ARM_GCC_484\Debug\CRT_timer.a(UART_1_SPI_UART.o)
                                0x270 (size before relaxing)
 .debug_str     0x00001114       0xc9 .\CortexM0\ARM_GCC_484\Debug\CRT_timer.a(UART_1_UART.o)
                                0x23f (size before relaxing)
 .debug_str     0x000011dd      0x15e .\CortexM0\ARM_GCC_484\Debug\CRT_timer.a(LCD.o)
                                0x2f0 (size before relaxing)
 .debug_str     0x0000133b       0x48 .\CortexM0\ARM_GCC_484\Debug\CRT_timer.a(LCD_CustChars.o)
                                0x1c7 (size before relaxing)
 .debug_str     0x00001383      0x1e1 .\CortexM0\ARM_GCC_484\Debug\CRT_timer.a(ADC.o)
                                0x38f (size before relaxing)
 .debug_str     0x00001564       0x37 .\CortexM0\ARM_GCC_484\Debug\CRT_timer.a(ADC_INT.o)
                                0x1a5 (size before relaxing)
 .debug_str     0x0000159b       0x91 .\CortexM0\ARM_GCC_484\Debug\CRT_timer.a(B_press.o)
                                0x207 (size before relaxing)
 .debug_str     0x0000162c       0x9f .\CortexM0\ARM_GCC_484\Debug\CRT_timer.a(Opamp.o)
                                0x20a (size before relaxing)
 .debug_str     0x000016cb       0x84 .\CortexM0\ARM_GCC_484\Debug\CRT_timer.a(Test_pin.o)
                                0x20d (size before relaxing)

.debug_loc
 *(.debug_loc)

.debug_macinfo
 *(.debug_macinfo)

.debug_ranges   0x00000000      0x658
 *(.debug_ranges)
 .debug_ranges  0x00000000       0x30 .\CortexM0\ARM_GCC_484\Debug\main.o
 .debug_ranges  0x00000030       0x38 .\CortexM0\ARM_GCC_484\Debug\Cm0Start.o
 .debug_ranges  0x00000068       0x50 .\CortexM0\ARM_GCC_484\Debug\CRT_timer.a(cyfitter_cfg.o)
 .debug_ranges  0x000000b8       0x80 .\CortexM0\ARM_GCC_484\Debug\CRT_timer.a(Timer_1.o)
 .debug_ranges  0x00000138       0x70 .\CortexM0\ARM_GCC_484\Debug\CRT_timer.a(sw_int.o)
 .debug_ranges  0x000001a8      0x220 .\CortexM0\ARM_GCC_484\Debug\CRT_timer.a(CyLib.o)
 .debug_ranges  0x000003c8       0x58 .\CortexM0\ARM_GCC_484\Debug\CRT_timer.a(UART_1.o)
 .debug_ranges  0x00000420       0x38 .\CortexM0\ARM_GCC_484\Debug\CRT_timer.a(UART_1_SPI_UART.o)
 .debug_ranges  0x00000458       0x30 .\CortexM0\ARM_GCC_484\Debug\CRT_timer.a(UART_1_UART.o)
 .debug_ranges  0x00000488       0x80 .\CortexM0\ARM_GCC_484\Debug\CRT_timer.a(LCD.o)
 .debug_ranges  0x00000508       0x10 .\CortexM0\ARM_GCC_484\Debug\CRT_timer.a(LCD_CustChars.o)
 .debug_ranges  0x00000518       0x98 .\CortexM0\ARM_GCC_484\Debug\CRT_timer.a(ADC.o)
 .debug_ranges  0x000005b0       0x10 .\CortexM0\ARM_GCC_484\Debug\CRT_timer.a(ADC_INT.o)
 .debug_ranges  0x000005c0       0x30 .\CortexM0\ARM_GCC_484\Debug\CRT_timer.a(B_press.o)
 .debug_ranges  0x000005f0       0x38 .\CortexM0\ARM_GCC_484\Debug\CRT_timer.a(Opamp.o)
 .debug_ranges  0x00000628       0x30 .\CortexM0\ARM_GCC_484\Debug\CRT_timer.a(Test_pin.o)

.comment        0x00000000       0x70
 .comment       0x00000000       0x70 .\CortexM0\ARM_GCC_484\Debug\main.o
                                 0x71 (size before relaxing)
 .comment       0x00000000       0x71 .\CortexM0\ARM_GCC_484\Debug\menus.o
 .comment       0x00000000       0x71 .\CortexM0\ARM_GCC_484\Debug\cymetadata.o
 .comment       0x00000000       0x71 .\CortexM0\ARM_GCC_484\Debug\Cm0Start.o
 .comment       0x00000000       0x71 .\CortexM0\ARM_GCC_484\Debug\CRT_timer.a(cyfitter_cfg.o)
 .comment       0x00000000       0x71 .\CortexM0\ARM_GCC_484\Debug\CRT_timer.a(Timer_1.o)
 .comment       0x00000000       0x71 .\CortexM0\ARM_GCC_484\Debug\CRT_timer.a(sw_int.o)
 .comment       0x00000000       0x71 .\CortexM0\ARM_GCC_484\Debug\CRT_timer.a(CyLib.o)
 .comment       0x00000000       0x71 .\CortexM0\ARM_GCC_484\Debug\CRT_timer.a(UART_1.o)
 .comment       0x00000000       0x71 .\CortexM0\ARM_GCC_484\Debug\CRT_timer.a(UART_1_SPI_UART.o)
 .comment       0x00000000       0x71 .\CortexM0\ARM_GCC_484\Debug\CRT_timer.a(UART_1_UART.o)
 .comment       0x00000000       0x71 .\CortexM0\ARM_GCC_484\Debug\CRT_timer.a(LCD.o)
 .comment       0x00000000       0x71 .\CortexM0\ARM_GCC_484\Debug\CRT_timer.a(LCD_CustChars.o)
 .comment       0x00000000       0x71 .\CortexM0\ARM_GCC_484\Debug\CRT_timer.a(ADC.o)
 .comment       0x00000000       0x71 .\CortexM0\ARM_GCC_484\Debug\CRT_timer.a(ADC_INT.o)
 .comment       0x00000000       0x71 .\CortexM0\ARM_GCC_484\Debug\CRT_timer.a(B_press.o)
 .comment       0x00000000       0x71 .\CortexM0\ARM_GCC_484\Debug\CRT_timer.a(Opamp.o)
 .comment       0x00000000       0x71 .\CortexM0\ARM_GCC_484\Debug\CRT_timer.a(Test_pin.o)

.debug_weaknames
 *(.debug_weaknames)

.debug_funcnames
 *(.debug_funcnames)

.debug_typenames
 *(.debug_typenames)

.debug_varnames
 *(.debug_varnames)

.note.gnu.arm.ident
 *(.note.gnu.arm.ident)

.ARM.attributes
                0x00000000       0x28
 *(.ARM.attributes)
 .ARM.attributes
                0x00000000       0x1e c:/program files (x86)/cypress/psoc creator/3.1/psoc creator/import/gnu_cs/arm/4.8.4/bin/../lib/gcc/arm-none-eabi/4.8.4/armv6-m/crti.o
 .ARM.attributes
                0x0000001e       0x2c c:/program files (x86)/cypress/psoc creator/3.1/psoc creator/import/gnu_cs/arm/4.8.4/bin/../lib/gcc/arm-none-eabi/4.8.4/armv6-m/crtbegin.o
 .ARM.attributes
                0x0000004a       0x1b c:/program files (x86)/cypress/psoc creator/3.1/psoc creator/import/gnu_cs/arm/4.8.4/bin/../lib/gcc/arm-none-eabi/4.8.4/../../../../arm-none-eabi/lib/armv6-m/crt0.o
 .ARM.attributes
                0x00000065       0x31 .\CortexM0\ARM_GCC_484\Debug\main.o
 .ARM.attributes
                0x00000096       0x31 .\CortexM0\ARM_GCC_484\Debug\menus.o
 .ARM.attributes
                0x000000c7       0x31 .\CortexM0\ARM_GCC_484\Debug\cymetadata.o
 .ARM.attributes
                0x000000f8       0x31 .\CortexM0\ARM_GCC_484\Debug\Cm0Start.o
 .ARM.attributes
                0x00000129       0x31 .\CortexM0\ARM_GCC_484\Debug\CRT_timer.a(cyfitter_cfg.o)
 .ARM.attributes
                0x0000015a       0x31 .\CortexM0\ARM_GCC_484\Debug\CRT_timer.a(Timer_1.o)
 .ARM.attributes
                0x0000018b       0x31 .\CortexM0\ARM_GCC_484\Debug\CRT_timer.a(sw_int.o)
 .ARM.attributes
                0x000001bc       0x21 .\CortexM0\ARM_GCC_484\Debug\CRT_timer.a(CyBootAsmGnu.o)
 .ARM.attributes
                0x000001dd       0x31 .\CortexM0\ARM_GCC_484\Debug\CRT_timer.a(CyLib.o)
 .ARM.attributes
                0x0000020e       0x31 .\CortexM0\ARM_GCC_484\Debug\CRT_timer.a(UART_1.o)
 .ARM.attributes
                0x0000023f       0x31 .\CortexM0\ARM_GCC_484\Debug\CRT_timer.a(UART_1_SPI_UART.o)
 .ARM.attributes
                0x00000270       0x31 .\CortexM0\ARM_GCC_484\Debug\CRT_timer.a(UART_1_UART.o)
 .ARM.attributes
                0x000002a1       0x31 .\CortexM0\ARM_GCC_484\Debug\CRT_timer.a(LCD.o)
 .ARM.attributes
                0x000002d2       0x31 .\CortexM0\ARM_GCC_484\Debug\CRT_timer.a(LCD_CustChars.o)
 .ARM.attributes
                0x00000303       0x31 .\CortexM0\ARM_GCC_484\Debug\CRT_timer.a(ADC.o)
 .ARM.attributes
                0x00000334       0x31 .\CortexM0\ARM_GCC_484\Debug\CRT_timer.a(ADC_INT.o)
 .ARM.attributes
                0x00000365       0x31 .\CortexM0\ARM_GCC_484\Debug\CRT_timer.a(B_press.o)
 .ARM.attributes
                0x00000396       0x31 .\CortexM0\ARM_GCC_484\Debug\CRT_timer.a(Opamp.o)
 .ARM.attributes
                0x000003c7       0x31 .\CortexM0\ARM_GCC_484\Debug\CRT_timer.a(Test_pin.o)
 .ARM.attributes
                0x000003f8       0x1e c:/program files (x86)/cypress/psoc creator/3.1/psoc creator/import/gnu_cs/arm/4.8.4/bin/../lib/gcc/arm-none-eabi/4.8.4/armv6-m\libgcc.a(_udivsi3.o)
 .ARM.attributes
                0x00000416       0x1e c:/program files (x86)/cypress/psoc creator/3.1/psoc creator/import/gnu_cs/arm/4.8.4/bin/../lib/gcc/arm-none-eabi/4.8.4/armv6-m\libgcc.a(_divsi3.o)
 .ARM.attributes
                0x00000434       0x1e c:/program files (x86)/cypress/psoc creator/3.1/psoc creator/import/gnu_cs/arm/4.8.4/bin/../lib/gcc/arm-none-eabi/4.8.4/armv6-m\libgcc.a(_dvmd_tls.o)
 .ARM.attributes
                0x00000452       0x1e c:/program files (x86)/cypress/psoc creator/3.1/psoc creator/import/gnu_cs/arm/4.8.4/bin/../lib/gcc/arm-none-eabi/4.8.4/armv6-m\libgcc.a(_aeabi_ldivmod.o)
 .ARM.attributes
                0x00000470       0x1e c:/program files (x86)/cypress/psoc creator/3.1/psoc creator/import/gnu_cs/arm/4.8.4/bin/../lib/gcc/arm-none-eabi/4.8.4/armv6-m\libgcc.a(_aeabi_uldivmod.o)
 .ARM.attributes
                0x0000048e       0x2c c:/program files (x86)/cypress/psoc creator/3.1/psoc creator/import/gnu_cs/arm/4.8.4/bin/../lib/gcc/arm-none-eabi/4.8.4/armv6-m\libgcc.a(_muldi3.o)
 .ARM.attributes
                0x000004ba       0x2c c:/program files (x86)/cypress/psoc creator/3.1/psoc creator/import/gnu_cs/arm/4.8.4/bin/../lib/gcc/arm-none-eabi/4.8.4/armv6-m\libgcc.a(bpabi.o)
 .ARM.attributes
                0x000004e6       0x2c c:/program files (x86)/cypress/psoc creator/3.1/psoc creator/import/gnu_cs/arm/4.8.4/bin/../lib/gcc/arm-none-eabi/4.8.4/armv6-m\libgcc.a(divsf3.o)
 .ARM.attributes
                0x00000512       0x2c c:/program files (x86)/cypress/psoc creator/3.1/psoc creator/import/gnu_cs/arm/4.8.4/bin/../lib/gcc/arm-none-eabi/4.8.4/armv6-m\libgcc.a(mulsf3.o)
 .ARM.attributes
                0x0000053e       0x2c c:/program files (x86)/cypress/psoc creator/3.1/psoc creator/import/gnu_cs/arm/4.8.4/bin/../lib/gcc/arm-none-eabi/4.8.4/armv6-m\libgcc.a(floatsisf.o)
 .ARM.attributes
                0x0000056a       0x1e c:/program files (x86)/cypress/psoc creator/3.1/psoc creator/import/gnu_cs/arm/4.8.4/bin/../lib/gcc/arm-none-eabi/4.8.4/armv6-m\libgcc.a(_clzsi2.o)
 .ARM.attributes
                0x00000588       0x2c c:/program files (x86)/cypress/psoc creator/3.1/psoc creator/import/gnu_cs/arm/4.8.4/bin/../lib/gcc/arm-none-eabi/4.8.4/armv6-m\libgcc.a(_divdi3.o)
 .ARM.attributes
                0x000005b4       0x2c c:/program files (x86)/cypress/psoc creator/3.1/psoc creator/import/gnu_cs/arm/4.8.4/bin/../lib/gcc/arm-none-eabi/4.8.4/armv6-m\libgcc.a(_udivdi3.o)
 .ARM.attributes
                0x000005e0       0x2c c:/program files (x86)/cypress/psoc creator/3.1/psoc creator/import/gnu_cs/arm/4.8.4/bin/../lib/gcc/arm-none-eabi/4.8.4/../../../../arm-none-eabi/lib/armv6-m\libg_s.a(lib_a-errno.o)
 .ARM.attributes
                0x0000060c       0x2c c:/program files (x86)/cypress/psoc creator/3.1/psoc creator/import/gnu_cs/arm/4.8.4/bin/../lib/gcc/arm-none-eabi/4.8.4/../../../../arm-none-eabi/lib/armv6-m\libg_s.a(lib_a-exit.o)
 .ARM.attributes
                0x00000638       0x2c c:/program files (x86)/cypress/psoc creator/3.1/psoc creator/import/gnu_cs/arm/4.8.4/bin/../lib/gcc/arm-none-eabi/4.8.4/../../../../arm-none-eabi/lib/armv6-m\libg_s.a(lib_a-impure.o)
 .ARM.attributes
                0x00000664       0x2c c:/program files (x86)/cypress/psoc creator/3.1/psoc creator/import/gnu_cs/arm/4.8.4/bin/../lib/gcc/arm-none-eabi/4.8.4/../../../../arm-none-eabi/lib/armv6-m\libg_s.a(lib_a-init.o)
 .ARM.attributes
                0x00000690       0x2c c:/program files (x86)/cypress/psoc creator/3.1/psoc creator/import/gnu_cs/arm/4.8.4/bin/../lib/gcc/arm-none-eabi/4.8.4/../../../../arm-none-eabi/lib/armv6-m\libg_s.a(lib_a-memcpy-stub.o)
 .ARM.attributes
                0x000006bc       0x2c c:/program files (x86)/cypress/psoc creator/3.1/psoc creator/import/gnu_cs/arm/4.8.4/bin/../lib/gcc/arm-none-eabi/4.8.4/../../../../arm-none-eabi/lib/armv6-m\libg_s.a(lib_a-memset.o)
 .ARM.attributes
                0x000006e8       0x2c c:/program files (x86)/cypress/psoc creator/3.1/psoc creator/import/gnu_cs/arm/4.8.4/bin/../lib/gcc/arm-none-eabi/4.8.4/../../../../arm-none-eabi/lib/armv6-m\libg_s.a(lib_a-sprintf.o)
 .ARM.attributes
                0x00000714       0x2c c:/program files (x86)/cypress/psoc creator/3.1/psoc creator/import/gnu_cs/arm/4.8.4/bin/../lib/gcc/arm-none-eabi/4.8.4/../../../../arm-none-eabi/lib/armv6-m\libg_s.a(lib_a-svfprintf.o)
 .ARM.attributes
                0x00000740       0x2c c:/program files (x86)/cypress/psoc creator/3.1/psoc creator/import/gnu_cs/arm/4.8.4/bin/../lib/gcc/arm-none-eabi/4.8.4/../../../../arm-none-eabi/lib/armv6-m\libg_s.a(lib_a-vfprintf_i.o)
 .ARM.attributes
                0x0000076c       0x2c c:/program files (x86)/cypress/psoc creator/3.1/psoc creator/import/gnu_cs/arm/4.8.4/bin/../lib/gcc/arm-none-eabi/4.8.4/../../../../arm-none-eabi/lib/armv6-m\libg_s.a(lib_a-memchr-stub.o)
 .ARM.attributes
                0x00000798       0x2c c:/program files (x86)/cypress/psoc creator/3.1/psoc creator/import/gnu_cs/arm/4.8.4/bin/../lib/gcc/arm-none-eabi/4.8.4/../../../../arm-none-eabi/lib/armv6-m\libg_s.a(lib_a-memmove.o)
 .ARM.attributes
                0x000007c4       0x2c c:/program files (x86)/cypress/psoc creator/3.1/psoc creator/import/gnu_cs/arm/4.8.4/bin/../lib/gcc/arm-none-eabi/4.8.4/../../../../arm-none-eabi/lib/armv6-m\libg_s.a(lib_a-nano-freer.o)
 .ARM.attributes
                0x000007f0       0x2c c:/program files (x86)/cypress/psoc creator/3.1/psoc creator/import/gnu_cs/arm/4.8.4/bin/../lib/gcc/arm-none-eabi/4.8.4/../../../../arm-none-eabi/lib/armv6-m\libg_s.a(lib_a-nano-mallocr.o)
 .ARM.attributes
                0x0000081c       0x2c c:/program files (x86)/cypress/psoc creator/3.1/psoc creator/import/gnu_cs/arm/4.8.4/bin/../lib/gcc/arm-none-eabi/4.8.4/../../../../arm-none-eabi/lib/armv6-m\libg_s.a(lib_a-nano-reallocr.o)
 .ARM.attributes
                0x00000848       0x2c c:/program files (x86)/cypress/psoc creator/3.1/psoc creator/import/gnu_cs/arm/4.8.4/bin/../lib/gcc/arm-none-eabi/4.8.4/../../../../arm-none-eabi/lib/armv6-m\libg_s.a(lib_a-sbrkr.o)
 .ARM.attributes
                0x00000874       0x2c c:/program files (x86)/cypress/psoc creator/3.1/psoc creator/import/gnu_cs/arm/4.8.4/bin/../lib/gcc/arm-none-eabi/4.8.4/../../../../arm-none-eabi/lib/armv6-m\libg_s.a(lib_a-strlen.o)
 .ARM.attributes
                0x000008a0       0x2c c:/program files (x86)/cypress/psoc creator/3.1/psoc creator/import/gnu_cs/arm/4.8.4/bin/../lib/gcc/arm-none-eabi/4.8.4/../../../../arm-none-eabi/lib/armv6-m\libg_s.a(lib_a-nano-msizer.o)
 .ARM.attributes
                0x000008cc       0x2c c:/program files (x86)/cypress/psoc creator/3.1/psoc creator/import/gnu_cs/arm/4.8.4/bin/../lib/gcc/arm-none-eabi/4.8.4/../../../../arm-none-eabi/lib/armv6-m\libg_s.a(lib_a-reent.o)
 .ARM.attributes
                0x000008f8       0x2c c:/program files (x86)/cypress/psoc creator/3.1/psoc creator/import/gnu_cs/arm/4.8.4/bin/../lib/gcc/arm-none-eabi/4.8.4/armv6-m/crtend.o
 .ARM.attributes
                0x00000924       0x1e c:/program files (x86)/cypress/psoc creator/3.1/psoc creator/import/gnu_cs/arm/4.8.4/bin/../lib/gcc/arm-none-eabi/4.8.4/armv6-m/crtn.o

/DISCARD/
 *(.note.GNU-stack)
OUTPUT(.\CortexM0\ARM_GCC_484\Debug\CRT_timer.elf elf32-littlearm)
