Archive member included because of file (symbol)

.\CortexM0\ARM_GCC_484\Debug\CRT_timer.a(cyfitter_cfg.o)
                              .\CortexM0\ARM_GCC_484\Debug\Cm0Start.o (cyfitter_cfg)
.\CortexM0\ARM_GCC_484\Debug\CRT_timer.a(Timer_1.o)
                              .\CortexM0\ARM_GCC_484\Debug\main.o (Timer_1_WriteCounter)
.\CortexM0\ARM_GCC_484\Debug\CRT_timer.a(A_press.o)
                              .\CortexM0\ARM_GCC_484\Debug\main.o (A_press_Write)
.\CortexM0\ARM_GCC_484\Debug\CRT_timer.a(sw_int.o)
                              .\CortexM0\ARM_GCC_484\Debug\main.o (sw_int_StartEx)
.\CortexM0\ARM_GCC_484\Debug\CRT_timer.a(CyBootAsmGnu.o)
                              .\CortexM0\ARM_GCC_484\Debug\CRT_timer.a(cyfitter_cfg.o) (CyDelayCycles)
.\CortexM0\ARM_GCC_484\Debug\CRT_timer.a(CyLib.o)
                              .\CortexM0\ARM_GCC_484\Debug\CRT_timer.a(cyfitter_cfg.o) (CyDelayUs)
.\CortexM0\ARM_GCC_484\Debug\CRT_timer.a(ADC_1.o)
                              .\CortexM0\ARM_GCC_484\Debug\main.o (ADC_1_Start)
.\CortexM0\ARM_GCC_484\Debug\CRT_timer.a(ADC_1_INT.o)
                              .\CortexM0\ARM_GCC_484\Debug\CRT_timer.a(ADC_1.o) (ADC_1_ISR)
.\CortexM0\ARM_GCC_484\Debug\CRT_timer.a(UART_1.o)
                              .\CortexM0\ARM_GCC_484\Debug\main.o (UART_1_Start)
.\CortexM0\ARM_GCC_484\Debug\CRT_timer.a(UART_1_SPI_UART.o)
                              .\CortexM0\ARM_GCC_484\Debug\main.o (UART_1_SpiUartWriteTxData)
.\CortexM0\ARM_GCC_484\Debug\CRT_timer.a(UART_1_UART.o)
                              .\CortexM0\ARM_GCC_484\Debug\CRT_timer.a(UART_1.o) (UART_1_UartInit)
c:/program files (x86)/cypress/psoc creator/3.1/psoc creator/import/gnu_cs/arm/4.8.4/bin/../lib/gcc/arm-none-eabi/4.8.4/armv6-m\libgcc.a(_udivsi3.o)
                              .\CortexM0\ARM_GCC_484\Debug\main.o (__aeabi_uidiv)
c:/program files (x86)/cypress/psoc creator/3.1/psoc creator/import/gnu_cs/arm/4.8.4/bin/../lib/gcc/arm-none-eabi/4.8.4/armv6-m\libgcc.a(_divsi3.o)
                              .\CortexM0\ARM_GCC_484\Debug\Cm0Start.o (__aeabi_idiv)
c:/program files (x86)/cypress/psoc creator/3.1/psoc creator/import/gnu_cs/arm/4.8.4/bin/../lib/gcc/arm-none-eabi/4.8.4/armv6-m\libgcc.a(_dvmd_tls.o)
                              c:/program files (x86)/cypress/psoc creator/3.1/psoc creator/import/gnu_cs/arm/4.8.4/bin/../lib/gcc/arm-none-eabi/4.8.4/armv6-m\libgcc.a(_udivsi3.o) (__aeabi_idiv0)
c:/program files (x86)/cypress/psoc creator/3.1/psoc creator/import/gnu_cs/arm/4.8.4/bin/../lib/gcc/arm-none-eabi/4.8.4/armv6-m\libgcc.a(_aeabi_ldivmod.o)
                              .\CortexM0\ARM_GCC_484\Debug\CRT_timer.a(ADC_1.o) (__aeabi_ldivmod)
c:/program files (x86)/cypress/psoc creator/3.1/psoc creator/import/gnu_cs/arm/4.8.4/bin/../lib/gcc/arm-none-eabi/4.8.4/armv6-m\libgcc.a(_aeabi_uldivmod.o)
                              .\CortexM0\ARM_GCC_484\Debug\main.o (__aeabi_uldivmod)
c:/program files (x86)/cypress/psoc creator/3.1/psoc creator/import/gnu_cs/arm/4.8.4/bin/../lib/gcc/arm-none-eabi/4.8.4/armv6-m\libgcc.a(_muldi3.o)
                              .\CortexM0\ARM_GCC_484\Debug\CRT_timer.a(ADC_1.o) (__aeabi_lmul)
c:/program files (x86)/cypress/psoc creator/3.1/psoc creator/import/gnu_cs/arm/4.8.4/bin/../lib/gcc/arm-none-eabi/4.8.4/armv6-m\libgcc.a(bpabi.o)
                              c:/program files (x86)/cypress/psoc creator/3.1/psoc creator/import/gnu_cs/arm/4.8.4/bin/../lib/gcc/arm-none-eabi/4.8.4/armv6-m\libgcc.a(_aeabi_ldivmod.o) (__gnu_ldivmod_helper)
c:/program files (x86)/cypress/psoc creator/3.1/psoc creator/import/gnu_cs/arm/4.8.4/bin/../lib/gcc/arm-none-eabi/4.8.4/armv6-m\libgcc.a(divsf3.o)
                              .\CortexM0\ARM_GCC_484\Debug\CRT_timer.a(ADC_1.o) (__aeabi_fdiv)
c:/program files (x86)/cypress/psoc creator/3.1/psoc creator/import/gnu_cs/arm/4.8.4/bin/../lib/gcc/arm-none-eabi/4.8.4/armv6-m\libgcc.a(mulsf3.o)
                              .\CortexM0\ARM_GCC_484\Debug\CRT_timer.a(ADC_1.o) (__aeabi_fmul)
c:/program files (x86)/cypress/psoc creator/3.1/psoc creator/import/gnu_cs/arm/4.8.4/bin/../lib/gcc/arm-none-eabi/4.8.4/armv6-m\libgcc.a(floatsisf.o)
                              .\CortexM0\ARM_GCC_484\Debug\CRT_timer.a(ADC_1.o) (__aeabi_i2f)
c:/program files (x86)/cypress/psoc creator/3.1/psoc creator/import/gnu_cs/arm/4.8.4/bin/../lib/gcc/arm-none-eabi/4.8.4/armv6-m\libgcc.a(_clzsi2.o)
                              c:/program files (x86)/cypress/psoc creator/3.1/psoc creator/import/gnu_cs/arm/4.8.4/bin/../lib/gcc/arm-none-eabi/4.8.4/armv6-m\libgcc.a(divsf3.o) (__clzsi2)
c:/program files (x86)/cypress/psoc creator/3.1/psoc creator/import/gnu_cs/arm/4.8.4/bin/../lib/gcc/arm-none-eabi/4.8.4/armv6-m\libgcc.a(_divdi3.o)
                              c:/program files (x86)/cypress/psoc creator/3.1/psoc creator/import/gnu_cs/arm/4.8.4/bin/../lib/gcc/arm-none-eabi/4.8.4/armv6-m\libgcc.a(bpabi.o) (__divdi3)
[...]
Memory Configuration

Name             Origin             Length             Attributes
rom              0x00000000         0x00008000         xr
ram              0x20000000         0x00001000         xrw
*default*        0x00000000         0xffffffff

Linker script and memory map

LOAD c:/program files (x86)/cypress/psoc creator/3.1/psoc creator/import/gnu_cs/arm/4.8.4/bin/../lib/gcc/arm-none-eabi/4.8.4/armv6-m/crti.o
LOAD c:/program files (x86)/cypress/psoc creator/3.1/psoc creator/import/gnu_cs/arm/4.8.4/bin/../lib/gcc/arm-none-eabi/4.8.4/armv6-m/crtbegin.o
LOAD c:/program files (x86)/cypress/psoc creator/3.1/psoc creator/import/gnu_cs/arm/4.8.4/bin/../lib/gcc/arm-none-eabi/4.8.4/../../../../arm-none-eabi/lib/armv6-m/crt0.o
START GROUP
LOAD .\CortexM0\ARM_GCC_484\Debug\main.o
LOAD .\CortexM0\ARM_GCC_484\Debug\cymetadata.o
LOAD .\CortexM0\ARM_GCC_484\Debug\Cm0Start.o
LOAD .\CortexM0\ARM_GCC_484\Debug\CRT_timer.a
LOAD C:\Program Files (x86)\Cypress\PSoC Creator\3.1\PSoC Creator\psoc\content\cycomponentlibrary\CyComponentLibrary.cylib\CortexM0\ARM_GCC_484\Debug\CyComponentLibrary.a
END GROUP
START GROUP
LOAD c:/program files (x86)/cypress/psoc creator/3.1/psoc creator/import/gnu_cs/arm/4.8.4/bin/../lib/gcc/arm-none-eabi/4.8.4/armv6-m\libgcc.a
LOAD c:/program files (x86)/cypress/psoc creator/3.1/psoc creator/import/gnu_cs/arm/4.8.4/bin/../lib/gcc/arm-none-eabi/4.8.4/../../../../arm-none-eabi/lib/armv6-m\libg_s.a
LOAD c:/program files (x86)/cypress/psoc creator/3.1/psoc creator/import/gnu_cs/arm/4.8.4/bin/../lib/gcc/arm-none-eabi/4.8.4/../../../../arm-none-eabi/lib/armv6-m\libc_s.a
END GROUP
START GROUP
LOAD c:/program files (x86)/cypress/psoc creator/3.1/psoc creator/import/gnu_cs/arm/4.8.4/bin/../lib/gcc/arm-none-eabi/4.8.4/armv6-m\libgcc.a
LOAD c:/program files (x86)/cypress/psoc creator/3.1/psoc creator/import/gnu_cs/arm/4.8.4/bin/../lib/gcc/arm-none-eabi/4.8.4/../../../../arm-none-eabi/lib/armv6-m\libc_s.a
END GROUP
LOAD c:/program files (x86)/cypress/psoc creator/3.1/psoc creator/import/gnu_cs/arm/4.8.4/bin/../lib/gcc/arm-none-eabi/4.8.4/armv6-m/crtend.o
LOAD c:/program files (x86)/cypress/psoc creator/3.1/psoc creator/import/gnu_cs/arm/4.8.4/bin/../lib/gcc/arm-none-eabi/4.8.4/armv6-m/crtn.o
START GROUP
LOAD c:/program files (x86)/cypress/psoc creator/3.1/psoc creator/import/gnu_cs/arm/4.8.4/bin/../lib/gcc/arm-none-eabi/4.8.4/armv6-m\libgcc.a
LOAD c:/program files (x86)/cypress/psoc creator/3.1/psoc creator/import/gnu_cs/arm/4.8.4/bin/../lib/gcc/arm-none-eabi/4.8.4/../../../../arm-none-eabi/lib/armv6-m\libc.a
LOAD c:/program files (x86)/cypress/psoc creator/3.1/psoc creator/import/gnu_cs/arm/4.8.4/bin/../lib/gcc/arm-none-eabi/4.8.4/../../../../arm-none-eabi/lib/armv6-m\libnosys.a
END GROUP
                0x00000000                CY_APPL_ORIGIN = 0x0
                0x00000080                CY_FLASH_ROW_SIZE = 0x80
                0x00000001                CY_APPL_NUM = 0x1
                0x00000040                CY_METADATA_SIZE = 0x40
                0x20000190                PROVIDE (__cy_heap_start, _end)
                0x00000001                PROVIDE (__cy_region_num, ((__cy_regions_end - __cy_regions) / 0x10))
                0x20001000                PROVIDE (__cy_stack, (ORIGIN (ram) + 0x1000))
                0x20000c00                PROVIDE (__cy_heap_end, (__cy_stack - 0x400))

.cybootloader   0x00000000        0x0
 *(.cybootloader)
                0x00000000                appl1_start = CY_APPL_ORIGIN?CY_APPL_ORIGIN:ALIGN (CY_FLASH_ROW_SIZE)
                0x00003f80                appl2_start = (appl1_start + ALIGN ((((0x8000 - appl1_start) - (0x2 * CY_FLASH_ROW_SIZE)) / 0x2), CY_FLASH_ROW_SIZE))
                0x00000000                appl_start = (CY_APPL_NUM == 0x1)?appl1_start:appl2_start

.text           0x00000000     0x24ec
 CREATE_OBJECT_SYMBOLS
                0x00000000                PROVIDE (__cy_interrupt_vector, RomVectors)
 *(.romvectors)
 .romvectors    0x00000000       0x10 .\CortexM0\ARM_GCC_484\Debug\Cm0Start.o
                0x00000000                RomVectors
                0x00000001                ASSERT ((. != __cy_interrupt_vector), No interrupt vector)
                0x00000001                ASSERT (CY_APPL_ORIGIN?(SIZEOF (.cybootloader) <= CY_APPL_ORIGIN):0x1, Wrong image location)
                0x00000010                PROVIDE (__cy_reset, Reset)
 *(.text.Reset)
 .text.Reset    0x00000010        0x8 .\CortexM0\ARM_GCC_484\Debug\Cm0Start.o
                0x00000010                Reset
                0x00000001                ASSERT ((. != __cy_reset), No reset code)
 *(.psocinit)
 .psocinit      0x00000018      0x2f0 .\CortexM0\ARM_GCC_484\Debug\CRT_timer.a(cyfitter_cfg.o)
                0x00000184                cyfitter_cfg
                0x00000308                . = MAX (., 0x100)
 *(.text .text.* .gnu.linkonce.t.*)
 .text          0x00000308       0x60 c:/program files (x86)/cypress/psoc creator/3.1/psoc creator/import/gnu_cs/arm/4.8.4/bin/../lib/gcc/arm-none-eabi/4.8.4/armv6-m/crtbegin.o
 .text.sw_int_ISR
                0x00000368       0x64 .\CortexM0\ARM_GCC_484\Debug\main.o
                0x00000368                sw_int_ISR
 .text.main     0x000003cc       0x8c .\CortexM0\ARM_GCC_484\Debug\main.o
                0x000003cc                main
 .text.puts_measurement
                0x00000458      0x3c8 .\CortexM0\ARM_GCC_484\Debug\main.o
                0x00000458                puts_measurement
 .text.IntDefaultHandler
                0x00000820        0x8 .\CortexM0\ARM_GCC_484\Debug\Cm0Start.o
                0x00000820                IntDefaultHandler
 .text._sbrk    0x00000828       0x50 .\CortexM0\ARM_GCC_484\Debug\Cm0Start.o
                0x00000828                _sbrk
 .text.Start_c  0x00000878       0x98 .\CortexM0\ARM_GCC_484\Debug\Cm0Start.o
                0x00000878                Start_c
 .text.initialize_psoc
                0x00000910       0x64 .\CortexM0\ARM_GCC_484\Debug\Cm0Start.o
                0x00000910                initialize_psoc
 .text.CYMEMZERO
                0x00000974       0x20 .\CortexM0\ARM_GCC_484\Debug\CRT_timer.a(cyfitter_cfg.o)
 .text.cfg_write_bytes32
                0x00000994       0x80 .\CortexM0\ARM_GCC_484\Debug\CRT_timer.a(cyfitter_cfg.o)
 .text.AnalogSetDefault
                0x00000a14       0x18 .\CortexM0\ARM_GCC_484\Debug\CRT_timer.a(cyfitter_cfg.o)
 .text.SetAnalogRoutingPumps
                0x00000a2c       0x40 .\CortexM0\ARM_GCC_484\Debug\CRT_timer.a(cyfitter_cfg.o)
                0x00000a2c                SetAnalogRoutingPumps
 .text.Timer_1_Init
                0x00000a6c       0x54 .\CortexM0\ARM_GCC_484\Debug\CRT_timer.a(Timer_1.o)
                0x00000a6c                Timer_1_Init
 .text.Timer_1_Enable
                0x00000ac0       0x20 .\CortexM0\ARM_GCC_484\Debug\CRT_timer.a(Timer_1.o)
                0x00000ac0                Timer_1_Enable
 .text.Timer_1_Start
                0x00000ae0       0x24 .\CortexM0\ARM_GCC_484\Debug\CRT_timer.a(Timer_1.o)
                0x00000ae0                Timer_1_Start
 .text.Timer_1_Stop
                0x00000b04       0x1c .\CortexM0\ARM_GCC_484\Debug\CRT_timer.a(Timer_1.o)
                0x00000b04                Timer_1_Stop
 .text.Timer_1_SetInterruptMode
                0x00000b20       0x20 .\CortexM0\ARM_GCC_484\Debug\CRT_timer.a(Timer_1.o)
                0x00000b20                Timer_1_SetInterruptMode
 .text.Timer_1_ReadStatusRegister
                0x00000b40       0x14 .\CortexM0\ARM_GCC_484\Debug\CRT_timer.a(Timer_1.o)
                0x00000b40                Timer_1_ReadStatusRegister
 .text.Timer_1_WritePeriod
                0x00000b54       0x18 .\CortexM0\ARM_GCC_484\Debug\CRT_timer.a(Timer_1.o)
                0x00000b54                Timer_1_WritePeriod
 .text.Timer_1_ReadCapture
                0x00000b6c       0x14 .\CortexM0\ARM_GCC_484\Debug\CRT_timer.a(Timer_1.o)
                0x00000b6c                Timer_1_ReadCapture
 .text.Timer_1_WriteCounter
                0x00000b80       0x18 .\CortexM0\ARM_GCC_484\Debug\CRT_timer.a(Timer_1.o)
                0x00000b80                Timer_1_WriteCounter
 .text.Timer_1_ReadCounter
                0x00000b98       0x1c .\CortexM0\ARM_GCC_484\Debug\CRT_timer.a(Timer_1.o)
                0x00000b98                Timer_1_ReadCounter
 .text.Timer_1_ClearFIFO
                0x00000bb4       0x1c .\CortexM0\ARM_GCC_484\Debug\CRT_timer.a(Timer_1.o)
                0x00000bb4                Timer_1_ClearFIFO
 .text.A_press_Write
                0x00000bd0       0x4c .\CortexM0\ARM_GCC_484\Debug\CRT_timer.a(A_press.o)
                0x00000bd0                A_press_Write
 .text.sw_int_StartEx
                0x00000c1c       0x24 .\CortexM0\ARM_GCC_484\Debug\CRT_timer.a(sw_int.o)
                0x00000c1c                sw_int_StartEx
 .text.sw_int_SetVector
                0x00000c40       0x18 .\CortexM0\ARM_GCC_484\Debug\CRT_timer.a(sw_int.o)
                0x00000c40                sw_int_SetVector
 .text.sw_int_SetPriority
                0x00000c58       0x50 .\CortexM0\ARM_GCC_484\Debug\CRT_timer.a(sw_int.o)
                0x00000c58                sw_int_SetPriority
 .text.sw_int_Enable
                0x00000ca8       0x14 .\CortexM0\ARM_GCC_484\Debug\CRT_timer.a(sw_int.o)
                0x00000ca8                sw_int_Enable
 .text.sw_int_Disable
                0x00000cbc       0x14 .\CortexM0\ARM_GCC_484\Debug\CRT_timer.a(sw_int.o)
                0x00000cbc                sw_int_Disable
 .text          0x00000cd0       0x28 .\CortexM0\ARM_GCC_484\Debug\CRT_timer.a(CyBootAsmGnu.o)
                0x00000cd0                CyDelayCycles
                0x00000ce4                CyEnterCriticalSection
                0x00000cec                CyExitCriticalSection
 .text.CyIntSetVector
                0x00000cf8       0x4c .\CortexM0\ARM_GCC_484\Debug\CRT_timer.a(CyLib.o)
                0x00000cf8                CyIntSetVector
 .text.CyIntSetPriority
                0x00000d44       0xa8 .\CortexM0\ARM_GCC_484\Debug\CRT_timer.a(CyLib.o)
                0x00000d44                CyIntSetPriority
 .text.CyHalt   0x00000dec       0x14 .\CortexM0\ARM_GCC_484\Debug\CRT_timer.a(CyLib.o)
                0x00000dec                CyHalt
 .text.CyDelayUs
                0x00000e00       0x28 .\CortexM0\ARM_GCC_484\Debug\CRT_timer.a(CyLib.o)
                0x00000e00                CyDelayUs
 .text.ADC_1_Start
                0x00000e28       0x24 .\CortexM0\ARM_GCC_484\Debug\CRT_timer.a(ADC_1.o)
                0x00000e28                ADC_1_Start
 .text.ADC_1_Init
                0x00000e4c      0x1ac .\CortexM0\ARM_GCC_484\Debug\CRT_timer.a(ADC_1.o)
                0x00000e4c                ADC_1_Init
 .text.ADC_1_Enable
                0x00000ff8       0x28 .\CortexM0\ARM_GCC_484\Debug\CRT_timer.a(ADC_1.o)
                0x00000ff8                ADC_1_Enable
 .text.ADC_1_StartConvert
                0x00001020       0x1c .\CortexM0\ARM_GCC_484\Debug\CRT_timer.a(ADC_1.o)
                0x00001020                ADC_1_StartConvert
 .text.ADC_1_GetResult16
                0x0000103c       0x44 .\CortexM0\ARM_GCC_484\Debug\CRT_timer.a(ADC_1.o)
                0x0000103c                ADC_1_GetResult16
 .text.ADC_1_CountsTo_mVolts
                0x00001080       0xa4 .\CortexM0\ARM_GCC_484\Debug\CRT_timer.a(ADC_1.o)
                0x00001080                ADC_1_CountsTo_mVolts
 .text.ADC_1_ISR
                0x00001124       0x1c .\CortexM0\ARM_GCC_484\Debug\CRT_timer.a(ADC_1_INT.o)
                0x00001124                ADC_1_ISR
 .text.UART_1_Init
                0x00001140        0xc .\CortexM0\ARM_GCC_484\Debug\CRT_timer.a(UART_1.o)
                0x00001140                UART_1_Init
 .text.UART_1_Enable
                0x0000114c       0x20 .\CortexM0\ARM_GCC_484\Debug\CRT_timer.a(UART_1.o)
                0x0000114c                UART_1_Enable
 .text.UART_1_Start
                0x0000116c       0x24 .\CortexM0\ARM_GCC_484\Debug\CRT_timer.a(UART_1.o)
                0x0000116c                UART_1_Start
 .text.UART_1_ScbEnableIntr
                0x00001190        0x8 .\CortexM0\ARM_GCC_484\Debug\CRT_timer.a(UART_1.o)
 .text.UART_1_SpiUartWriteTxData
                0x00001198       0x2c .\CortexM0\ARM_GCC_484\Debug\CRT_timer.a(UART_1_SPI_UART.o)
                0x00001198                UART_1_SpiUartWriteTxData
 .text.UART_1_UartInit
                0x000011c4       0xa8 .\CortexM0\ARM_GCC_484\Debug\CRT_timer.a(UART_1_UART.o)
                0x000011c4                UART_1_UartInit
 .text.UART_1_UartPutString
                0x0000126c       0x34 .\CortexM0\ARM_GCC_484\Debug\CRT_timer.a(UART_1_UART.o)
                0x0000126c                UART_1_UartPutString
 .text          0x000012a0       0x9c c:/program files (x86)/cypress/psoc creator/3.1/psoc creator/import/gnu_cs/arm/4.8.4/bin/../lib/gcc/arm-none-eabi/4.8.4/armv6-m\libgcc.a(_udivsi3.o)
                0x000012a0                __aeabi_uidiv
                0x000012a0                __udivsi3
                0x00001328                __aeabi_uidivmod
 .text          0x0000133c       0xc0 c:/program files (x86)/cypress/psoc creator/3.1/psoc creator/import/gnu_cs/arm/4.8.4/bin/../lib/gcc/arm-none-eabi/4.8.4/armv6-m\libgcc.a(_divsi3.o)
                0x0000133c                __divsi3
                0x0000133c                __aeabi_idiv
                0x000013e8                __aeabi_idivmod
 .text          0x000013fc        0x4 c:/program files (x86)/cypress/psoc creator/3.1/psoc creator/import/gnu_cs/arm/4.8.4/bin/../lib/gcc/arm-none-eabi/4.8.4/armv6-m\libgcc.a(_dvmd_tls.o)
                0x000013fc                __aeabi_idiv0
                0x000013fc                __aeabi_ldiv0
 .text          0x00001400       0x40 c:/program files (x86)/cypress/psoc creator/3.1/psoc creator/import/gnu_cs/arm/4.8.4/bin/../lib/gcc/arm-none-eabi/4.8.4/armv6-m\libgcc.a(_aeabi_uldivmod.o)
                0x00001400                __aeabi_uldivmod
 .text          0x00001440       0x44 c:/program files (x86)/cypress/psoc creator/3.1/psoc creator/import/gnu_cs/arm/4.8.4/bin/../lib/gcc/arm-none-eabi/4.8.4/armv6-m\libgcc.a(_muldi3.o)
                0x00001440                __muldi3
                0x00001440                __aeabi_lmul
 .text          0x00001484       0x6c c:/program files (x86)/cypress/psoc creator/3.1/psoc creator/import/gnu_cs/arm/4.8.4/bin/../lib/gcc/arm-none-eabi/4.8.4/armv6-m\libgcc.a(bpabi.o)
                0x00001484                __gnu_ldivmod_helper
                0x000014bc                __gnu_uldivmod_helper
 .text          0x000014f0       0x3c c:/program files (x86)/cypress/psoc creator/3.1/psoc creator/import/gnu_cs/arm/4.8.4/bin/../lib/gcc/arm-none-eabi/4.8.4/armv6-m\libgcc.a(_clzsi2.o)
                0x000014f0                __clzsi2
 .text          0x0000152c      0x3b8 c:/program files (x86)/cypress/psoc creator/3.1/psoc creator/import/gnu_cs/arm/4.8.4/bin/../lib/gcc/arm-none-eabi/4.8.4/armv6-m\libgcc.a(_divdi3.o)
                0x0000152c                __divdi3
 .text          0x000018e4      0x384 c:/program files (x86)/cypress/psoc creator/3.1/psoc creator/import/gnu_cs/arm/4.8.4/bin/../lib/gcc/arm-none-eabi/4.8.4/armv6-m\libgcc.a(_udivdi3.o)
                0x000018e4                __udivdi3
 .text.__errno  0x00001c68        0xc c:/program files (x86)/cypress/psoc creator/3.1/psoc creator/import/gnu_cs/arm/4.8.4/bin/../lib/gcc/arm-none-eabi/4.8.4/../../../../arm-none-eabi/lib/armv6-m\libg_s.a(lib_a-errno.o)
                0x00001c68                __errno
 .text.__libc_init_array
                0x00001c74       0x4c c:/program files (x86)/cypress/psoc creator/3.1/psoc creator/import/gnu_cs/arm/4.8.4/bin/../lib/gcc/arm-none-eabi/4.8.4/../../../../arm-none-eabi/lib/armv6-m\libg_s.a(lib_a-init.o)
                0x00001c74                __libc_init_array
 .text.memcpy   0x00001cc0       0x12 c:/program files (x86)/cypress/psoc creator/3.1/psoc creator/import/gnu_cs/arm/4.8.4/bin/../lib/gcc/arm-none-eabi/4.8.4/../../../../arm-none-eabi/lib/armv6-m\libg_s.a(lib_a-memcpy-stub.o)
                0x00001cc0                memcpy
 .text.memset   0x00001cd2       0x10 c:/program files (x86)/cypress/psoc creator/3.1/psoc creator/import/gnu_cs/arm/4.8.4/bin/../lib/gcc/arm-none-eabi/4.8.4/../../../../arm-none-eabi/lib/armv6-m\libg_s.a(lib_a-memset.o)
                0x00001cd2                memset
 *fill*         0x00001ce2        0x2 
 .text.sprintf  0x00001ce4       0x44 c:/program files (x86)/cypress/psoc creator/3.1/psoc creator/import/gnu_cs/arm/4.8.4/bin/../lib/gcc/arm-none-eabi/4.8.4/../../../../arm-none-eabi/lib/armv6-m\libg_s.a(lib_a-sprintf.o)
                0x00001ce4                siprintf
                0x00001ce4                sprintf
 .text.__ssputs_r
                0x00001d28       0xc0 c:/program files (x86)/cypress/psoc creator/3.1/psoc creator/import/gnu_cs/arm/4.8.4/bin/../lib/gcc/arm-none-eabi/4.8.4/../../../../arm-none-eabi/lib/armv6-m\libg_s.a(lib_a-svfprintf.o)
                0x00001d28                __ssputs_r
 .text._svfprintf_r
                0x00001de8      0x1e0 c:/program files (x86)/cypress/psoc creator/3.1/psoc creator/import/gnu_cs/arm/4.8.4/bin/../lib/gcc/arm-none-eabi/4.8.4/../../../../arm-none-eabi/lib/armv6-m\libg_s.a(lib_a-svfprintf.o)
                0x00001de8                _svfiprintf_r
                0x00001de8                _svfprintf_r
 .text._printf_common
                0x00001fc8       0xe8 c:/program files (x86)/cypress/psoc creator/3.1/psoc creator/import/gnu_cs/arm/4.8.4/bin/../lib/gcc/arm-none-eabi/4.8.4/../../../../arm-none-eabi/lib/armv6-m\libg_s.a(lib_a-vfprintf_i.o)
                0x00001fc8                _printf_common
 .text._printf_i
                0x000020b0      0x22c c:/program files (x86)/cypress/psoc creator/3.1/psoc creator/import/gnu_cs/arm/4.8.4/bin/../lib/gcc/arm-none-eabi/4.8.4/../../../../arm-none-eabi/lib/armv6-m\libg_s.a(lib_a-vfprintf_i.o)
                0x000020b0                _printf_i
 .text.memchr   0x000022dc       0x16 c:/program files (x86)/cypress/psoc creator/3.1/psoc creator/import/gnu_cs/arm/4.8.4/bin/../lib/gcc/arm-none-eabi/4.8.4/../../../../arm-none-eabi/lib/armv6-m\libg_s.a(lib_a-memchr-stub.o)
                0x000022dc                memchr
 .text.memmove  0x000022f2       0x32 c:/program files (x86)/cypress/psoc creator/3.1/psoc creator/import/gnu_cs/arm/4.8.4/bin/../lib/gcc/arm-none-eabi/4.8.4/../../../../arm-none-eabi/lib/armv6-m\libg_s.a(lib_a-memmove.o)
                0x000022f2                memmove
 .text._free_r  0x00002324       0x90 c:/program files (x86)/cypress/psoc creator/3.1/psoc creator/import/gnu_cs/arm/4.8.4/bin/../lib/gcc/arm-none-eabi/4.8.4/../../../../arm-none-eabi/lib/armv6-m\libg_s.a(lib_a-nano-freer.o)
                0x00002324                _free_r
 .text._malloc_r
                0x000023b4       0xa8 c:/program files (x86)/cypress/psoc creator/3.1/psoc creator/import/gnu_cs/arm/4.8.4/bin/../lib/gcc/arm-none-eabi/4.8.4/../../../../arm-none-eabi/lib/armv6-m\libg_s.a(lib_a-nano-mallocr.o)
                0x000023b4                _malloc_r
 .text._realloc_r
                0x0000245c       0x4c c:/program files (x86)/cypress/psoc creator/3.1/psoc creator/import/gnu_cs/arm/4.8.4/bin/../lib/gcc/arm-none-eabi/4.8.4/../../../../arm-none-eabi/lib/armv6-m\libg_s.a(lib_a-nano-reallocr.o)
                0x0000245c                _realloc_r
 .text._sbrk_r  0x000024a8       0x24 c:/program files (x86)/cypress/psoc creator/3.1/psoc creator/import/gnu_cs/arm/4.8.4/bin/../lib/gcc/arm-none-eabi/4.8.4/../../../../arm-none-eabi/lib/armv6-m\libg_s.a(lib_a-sbrkr.o)
                0x000024a8                _sbrk_r
 .text.strlen   0x000024cc        0xe c:/program files (x86)/cypress/psoc creator/3.1/psoc creator/import/gnu_cs/arm/4.8.4/bin/../lib/gcc/arm-none-eabi/4.8.4/../../../../arm-none-eabi/lib/armv6-m\libg_s.a(lib_a-strlen.o)
                0x000024cc                strlen
 .text._malloc_usable_size_r
                0x000024da       0x12 c:/program files (x86)/cypress/psoc creator/3.1/psoc creator/import/gnu_cs/arm/4.8.4/bin/../lib/gcc/arm-none-eabi/4.8.4/../../../../arm-none-eabi/lib/armv6-m\libg_s.a(lib_a-nano-msizer.o)
                0x000024da                _malloc_usable_size_r
 *(.plt)
 *(.gnu.warning)
 *(.glue_7t)
 .glue_7t       0x00000000        0x0 linker stubs
 *(.glue_7)
 .glue_7        0x00000000        0x0 linker stubs
 *(.vfp11_veneer)
 .vfp11_veneer  0x00000000        0x0 linker stubs
 *(.bootloader)
 *(.ARM.extab* .gnu.linkonce.armextab.*)
 *(.gcc_except_table)

.v4_bx          0x000024ec        0x0
 .v4_bx         0x00000000        0x0 linker stubs

.iplt           0x000024ec        0x0
 .iplt          0x00000000        0x0 c:/program files (x86)/cypress/psoc creator/3.1/psoc creator/import/gnu_cs/arm/4.8.4/bin/../lib/gcc/arm-none-eabi/4.8.4/armv6-m/crtbegin.o

.eh_frame_hdr
 *(.eh_frame_hdr)

.eh_frame       0x000024ec        0x4
 *(.eh_frame)
 .eh_frame      0x000024ec        0x0 c:/program files (x86)/cypress/psoc creator/3.1/psoc creator/import/gnu_cs/arm/4.8.4/bin/../lib/gcc/arm-none-eabi/4.8.4/armv6-m/crtbegin.o
 .eh_frame      0x000024ec        0x4 c:/program files (x86)/cypress/psoc creator/3.1/psoc creator/import/gnu_cs/arm/4.8.4/bin/../lib/gcc/arm-none-eabi/4.8.4/armv6-m/crtend.o
                0x000024f0                PROVIDE (__exidx_start, .)

.ARM.exidx      0x000024f0        0x8
 *(.ARM.exidx* .gnu.linkonce.armexidx.*)
 .ARM.exidx     0x000024f0        0x8 c:/program files (x86)/cypress/psoc creator/3.1/psoc creator/import/gnu_cs/arm/4.8.4/bin/../lib/gcc/arm-none-eabi/4.8.4/armv6-m\libgcc.a(_divdi3.o)
 .ARM.exidx     0x000024f8        0x0 c:/program files (x86)/cypress/psoc creator/3.1/psoc creator/import/gnu_cs/arm/4.8.4/bin/../lib/gcc/arm-none-eabi/4.8.4/armv6-m\libgcc.a(_udivdi3.o)
                                  0x8 (size before relaxing)
                0x000024f8                __exidx_end = .

.rodata         0x000024f8      0x248
 *(.rodata .rodata.* .gnu.linkonce.r.*)
 .rodata        0x000024f8       0x88 .\CortexM0\ARM_GCC_484\Debug\main.o
 .rodata        0x00002580      0x150 .\CortexM0\ARM_GCC_484\Debug\CRT_timer.a(cyfitter_cfg.o)
 .rodata.str1.1
                0x000026d0        0x2 c:/program files (x86)/cypress/psoc creator/3.1/psoc creator/import/gnu_cs/arm/4.8.4/bin/../lib/gcc/arm-none-eabi/4.8.4/../../../../arm-none-eabi/lib/armv6-m\libg_s.a(lib_a-impure.o)
 .rodata.str1.1
                0x000026d2       0x11 c:/program files (x86)/cypress/psoc creator/3.1/psoc creator/import/gnu_cs/arm/4.8.4/bin/../lib/gcc/arm-none-eabi/4.8.4/../../../../arm-none-eabi/lib/armv6-m\libg_s.a(lib_a-svfprintf.o)
 .rodata.str1.1
                0x000026e3       0x22 c:/program files (x86)/cypress/psoc creator/3.1/psoc creator/import/gnu_cs/arm/4.8.4/bin/../lib/gcc/arm-none-eabi/4.8.4/../../../../arm-none-eabi/lib/armv6-m\libg_s.a(lib_a-vfprintf_i.o)
                0x00002708                . = ALIGN (0x4)
 *fill*         0x00002705        0x3 
 *(.init)
 .init          0x00002708        0x4 c:/program files (x86)/cypress/psoc creator/3.1/psoc creator/import/gnu_cs/arm/4.8.4/bin/../lib/gcc/arm-none-eabi/4.8.4/armv6-m/crti.o
                0x00002708                _init
 .init          0x0000270c        0x8 c:/program files (x86)/cypress/psoc creator/3.1/psoc creator/import/gnu_cs/arm/4.8.4/bin/../lib/gcc/arm-none-eabi/4.8.4/armv6-m/crtn.o
                0x00002714                . = ALIGN (0x4)
                0x00002714                __preinit_array_start = .
 *(.preinit_array)
                0x00002714                __preinit_array_end = .
                0x00002714                . = ALIGN (0x4)
                0x00002714                __init_array_start = .
 *(SORT(.init_array.*))
 *(.init_array)
 .init_array    0x00002714        0x4 c:/program files (x86)/cypress/psoc creator/3.1/psoc creator/import/gnu_cs/arm/4.8.4/bin/../lib/gcc/arm-none-eabi/4.8.4/armv6-m/crtbegin.o
 .init_array    0x00002718        0x4 .\CortexM0\ARM_GCC_484\Debug\Cm0Start.o
                0x0000271c                __init_array_end = .
                0x0000271c                . = ALIGN (0x4)
 *(.fini)
 .fini          0x0000271c        0x4 c:/program files (x86)/cypress/psoc creator/3.1/psoc creator/import/gnu_cs/arm/4.8.4/bin/../lib/gcc/arm-none-eabi/4.8.4/armv6-m/crti.o
                0x0000271c                _fini
 .fini          0x00002720        0x8 c:/program files (x86)/cypress/psoc creator/3.1/psoc creator/import/gnu_cs/arm/4.8.4/bin/../lib/gcc/arm-none-eabi/4.8.4/armv6-m/crtn.o
                0x00002728                . = ALIGN (0x4)
                0x00002728                __fini_array_start = .
 *(.fini_array)
 .fini_array    0x00002728        0x4 c:/program files (x86)/cypress/psoc creator/3.1/psoc creator/import/gnu_cs/arm/4.8.4/bin/../lib/gcc/arm-none-eabi/4.8.4/armv6-m/crtbegin.o
 *(SORT(.fini_array.*))
                0x0000272c                __fini_array_end = .
                0x0000272c                . = ALIGN (0x4)
 *crtbegin.o(.ctors)
 *(EXCLUDE_FILE(*crtend.o) .ctors)
 *(SORT(.ctors.*))
 *crtend.o(.ctors)
                0x0000272c                . = ALIGN (0x4)
 *crtbegin.o(.dtors)
 *(EXCLUDE_FILE(*crtend.o) .dtors)
 *(SORT(.dtors.*))
 *crtend.o(.dtors)
                0x0000272c                . = ALIGN (0x4)
                0x0000272c                __cy_regions = .
                0x0000272c        0x4 LONG 0x2740 __cy_region_init_ram
                0x00002730        0x4 LONG 0x200000c8 __cy_region_start_data
                0x00002734        0x4 LONG 0x80 __cy_region_init_size_ram
                0x00002738        0x4 LONG 0x48 __cy_region_zero_size_ram
                0x0000273c                __cy_regions_end = .
                0x00002740                . = ALIGN (0x8)
 *fill*         0x0000273c        0x4 
                0x00002740                _etext = .

.ramvectors     0x20000000       0xc0
                0x20000000                __cy_region_start_ram = .
 *(.ramvectors)
 .ramvectors    0x20000000       0xc0 .\CortexM0\ARM_GCC_484\Debug\Cm0Start.o
                0x20000000                CyRamVectors

.noinit         0x200000c0        0x4
 *(.noinit)
 .noinit        0x200000c0        0x4 .\CortexM0\ARM_GCC_484\Debug\Cm0Start.o

.data           0x200000c8       0x80 load address 0x00002740
                0x200000c8                __cy_region_start_data = .
 *(.jcr)
 .jcr           0x200000c8        0x0 c:/program files (x86)/cypress/psoc creator/3.1/psoc creator/import/gnu_cs/arm/4.8.4/bin/../lib/gcc/arm-none-eabi/4.8.4/armv6-m/crtbegin.o
 .jcr           0x200000c8        0x4 c:/program files (x86)/cypress/psoc creator/3.1/psoc creator/import/gnu_cs/arm/4.8.4/bin/../lib/gcc/arm-none-eabi/4.8.4/armv6-m/crtend.o
 *(.got.plt)
 *(.got)
 *(.shdata)
 *(.data .data.* .gnu.linkonce.d.*)
 .data          0x200000cc        0x4 .\CortexM0\ARM_GCC_484\Debug\Cm0Start.o
 .data          0x200000d0        0x4 .\CortexM0\ARM_GCC_484\Debug\CRT_timer.a(cyfitter_cfg.o)
 .data          0x200000d4       0x10 .\CortexM0\ARM_GCC_484\Debug\CRT_timer.a(CyLib.o)
                0x200000d4                cydelayFreqHz
                0x200000d8                cydelayFreqKhz
                0x200000dc                cydelayFreqMhz
                0x200000e0                cydelay32kMs
 .data.impure_data
                0x200000e4       0x60 c:/program files (x86)/cypress/psoc creator/3.1/psoc creator/import/gnu_cs/arm/4.8.4/bin/../lib/gcc/arm-none-eabi/4.8.4/../../../../arm-none-eabi/lib/armv6-m\libg_s.a(lib_a-impure.o)
 .data._impure_ptr
                0x20000144        0x4 c:/program files (x86)/cypress/psoc creator/3.1/psoc creator/import/gnu_cs/arm/4.8.4/bin/../lib/gcc/arm-none-eabi/4.8.4/../../../../arm-none-eabi/lib/armv6-m\libg_s.a(lib_a-impure.o)
                0x20000144                _impure_ptr
                0x20000148                . = ALIGN (0x8)
 *(.ram)
                0x20000148                _edata = .

.igot.plt       0x20000148        0x0 load address 0x000027c0
 .igot.plt      0x00000000        0x0 c:/program files (x86)/cypress/psoc creator/3.1/psoc creator/import/gnu_cs/arm/4.8.4/bin/../lib/gcc/arm-none-eabi/4.8.4/armv6-m/crtbegin.o

.bss            0x20000148       0x48 load address 0x000027c0
                0x20000148                PROVIDE (__bss_start__, .)
 *(.shbss)
 *(.bss .bss.* .gnu.linkonce.b.*)
 .bss           0x20000148       0x1c c:/program files (x86)/cypress/psoc creator/3.1/psoc creator/import/gnu_cs/arm/4.8.4/bin/../lib/gcc/arm-none-eabi/4.8.4/armv6-m/crtbegin.o
 .bss           0x20000164        0x1 .\CortexM0\ARM_GCC_484\Debug\CRT_timer.a(Timer_1.o)
                0x20000164                Timer_1_initVar
 .bss           0x20000165        0x1 .\CortexM0\ARM_GCC_484\Debug\CRT_timer.a(ADC_1.o)
                0x20000165                ADC_1_initVar
 *fill*         0x20000166        0x2 
 .bss           0x20000168        0x8 .\CortexM0\ARM_GCC_484\Debug\CRT_timer.a(UART_1.o)
                0x20000168                UART_1_initVar
                0x2000016c                UART_1_customIntrHandler
 .bss.__malloc_sbrk_start
                0x20000170        0x4 c:/program files (x86)/cypress/psoc creator/3.1/psoc creator/import/gnu_cs/arm/4.8.4/bin/../lib/gcc/arm-none-eabi/4.8.4/../../../../arm-none-eabi/lib/armv6-m\libg_s.a(lib_a-nano-mallocr.o)
                0x20000170                __malloc_sbrk_start
 .bss.__malloc_free_list
                0x20000174        0x4 c:/program files (x86)/cypress/psoc creator/3.1/psoc creator/import/gnu_cs/arm/4.8.4/bin/../lib/gcc/arm-none-eabi/4.8.4/../../../../arm-none-eabi/lib/armv6-m\libg_s.a(lib_a-nano-mallocr.o)
                0x20000174                __malloc_free_list
 *(COMMON)
 COMMON         0x20000178        0xa .\CortexM0\ARM_GCC_484\Debug\main.o
                0x20000178                running
                0x2000017a                V_start
                0x2000017c                time
                0x20000180                V_new
 *fill*         0x20000182        0x2 
 COMMON         0x20000184        0x8 .\CortexM0\ARM_GCC_484\Debug\CRT_timer.a(ADC_1.o)
                0x20000184                ADC_1_offset
                0x20000188                ADC_1_countsPer10Volt
 COMMON         0x2000018c        0x4 c:/program files (x86)/cypress/psoc creator/3.1/psoc creator/import/gnu_cs/arm/4.8.4/bin/../lib/gcc/arm-none-eabi/4.8.4/../../../../arm-none-eabi/lib/armv6-m\libg_s.a(lib_a-reent.o)
                0x2000018c                errno
                0x20000190                . = ALIGN (0x8)
 *(.ram.b)
                0x20000190                _end = .
                0x20000190                __end = .
                0x20000190                PROVIDE (end, .)
                0x20000190                PROVIDE (__bss_end__, .)
                0x00002740                __cy_region_init_ram = LOADADDR (.data)
                0x00000080                __cy_region_init_size_ram = (_edata - ADDR (.data))
                0x00000048                __cy_region_zero_size_ram = (_end - _edata)

.heap           0x20000190       0x80 load address 0x000027c0
                0x20000190                . = _end
                0x20000210                . = (. + 0x80)
 *fill*         0x20000190       0x80 
                0x20000210                __cy_heap_limit = .

.stack          0x20000c00      0x400
                0x20000c00                __cy_stack_limit = .
                0x20001000                . = (. + 0x400)
 *fill*         0x20000c00      0x400 
                0x00000001                ASSERT ((__cy_stack_limit >= __cy_heap_limit), region RAM overflowed with stack)

.cyloadermeta
 *(.cyloadermeta)

.cyloadablemeta
 *(.cyloadablemeta)

.cyflashprotect
                0x90400000       0x20
 *(.cyflashprotect)
 .cyflashprotect
                0x90400000       0x20 .\CortexM0\ARM_GCC_484\Debug\cymetadata.o
                0x90400000                cy_meta_flashprotect

.cymeta         0x90500000        0xc
 *(.cymeta)
 .cymeta        0x90500000        0xc .\CortexM0\ARM_GCC_484\Debug\cymetadata.o
                0x90500000                cy_metadata

.cychipprotect  0x90600000        0x4
 *(.cychipprotect)
 .cychipprotect
                0x90600000        0x4 .\CortexM0\ARM_GCC_484\Debug\cymetadata.o
                0x90600000                cy_meta_chipprotect

.rel.dyn        0x000027c0        0x0 load address 0x90600004
 .rel.iplt      0x00000000        0x0 c:/program files (x86)/cypress/psoc creator/3.1/psoc creator/import/gnu_cs/arm/4.8.4/bin/../lib/gcc/arm-none-eabi/4.8.4/armv6-m/crtbegin.o

.stab
 *(.stab)

.stabstr
 *(.stabstr)

.debug
 *(.debug)

.line
 *(.line)

.debug_srcinfo
 *(.debug_srcinfo)

.debug_sfnames
 *(.debug_sfnames)

.debug_aranges  0x00000000      0x648
 *(.debug_aranges)
 .debug_aranges
                0x00000000       0x30 .\CortexM0\ARM_GCC_484\Debug\main.o
 .debug_aranges
                0x00000030       0x18 .\CortexM0\ARM_GCC_484\Debug\cymetadata.o
 .debug_aranges
                0x00000048       0x48 .\CortexM0\ARM_GCC_484\Debug\Cm0Start.o
 .debug_aranges
                0x00000090       0x60 .\CortexM0\ARM_GCC_484\Debug\CRT_timer.a(cyfitter_cfg.o)
 .debug_aranges
                0x000000f0       0x90 .\CortexM0\ARM_GCC_484\Debug\CRT_timer.a(Timer_1.o)
 .debug_aranges
                0x00000180       0x40 .\CortexM0\ARM_GCC_484\Debug\CRT_timer.a(A_press.o)
 .debug_aranges
                0x000001c0       0x80 .\CortexM0\ARM_GCC_484\Debug\CRT_timer.a(sw_int.o)
 .debug_aranges
                0x00000240       0x20 .\CortexM0\ARM_GCC_484\Debug\CRT_timer.a(CyBootAsmGnu.o)
 .debug_aranges
                0x00000260      0x230 .\CortexM0\ARM_GCC_484\Debug\CRT_timer.a(CyLib.o)
 .debug_aranges
                0x00000490       0xa8 .\CortexM0\ARM_GCC_484\Debug\CRT_timer.a(ADC_1.o)
 .debug_aranges
                0x00000538       0x20 .\CortexM0\ARM_GCC_484\Debug\CRT_timer.a(ADC_1_INT.o)
 .debug_aranges
                0x00000558       0x68 .\CortexM0\ARM_GCC_484\Debug\CRT_timer.a(UART_1.o)
 .debug_aranges
                0x000005c0       0x48 .\CortexM0\ARM_GCC_484\Debug\CRT_timer.a(UART_1_SPI_UART.o)
 .debug_aranges
                0x00000608       0x40 .\CortexM0\ARM_GCC_484\Debug\CRT_timer.a(UART_1_UART.o)

.debug_pubnames
 *(.debug_pubnames)

.debug_info     0x00000000     0x271f
 *(.debug_info .gnu.linkonce.wi.*)
 .debug_info    0x00000000      0x174 .\CortexM0\ARM_GCC_484\Debug\main.o
 .debug_info    0x00000174       0xfd .\CortexM0\ARM_GCC_484\Debug\cymetadata.o
 .debug_info    0x00000271      0x2ff .\CortexM0\ARM_GCC_484\Debug\Cm0Start.o
 .debug_info    0x00000570      0x488 .\CortexM0\ARM_GCC_484\Debug\CRT_timer.a(cyfitter_cfg.o)
 .debug_info    0x000009f8      0x252 .\CortexM0\ARM_GCC_484\Debug\CRT_timer.a(Timer_1.o)
 .debug_info    0x00000c4a      0x14c .\CortexM0\ARM_GCC_484\Debug\CRT_timer.a(A_press.o)
 .debug_info    0x00000d96      0x241 .\CortexM0\ARM_GCC_484\Debug\CRT_timer.a(sw_int.o)
 .debug_info    0x00000fd7       0x92 .\CortexM0\ARM_GCC_484\Debug\CRT_timer.a(CyBootAsmGnu.o)
 .debug_info    0x00001069      0xc5b .\CortexM0\ARM_GCC_484\Debug\CRT_timer.a(CyLib.o)
 .debug_info    0x00001cc4      0x474 .\CortexM0\ARM_GCC_484\Debug\CRT_timer.a(ADC_1.o)
 .debug_info    0x00002138       0xc4 .\CortexM0\ARM_GCC_484\Debug\CRT_timer.a(ADC_1_INT.o)
 .debug_info    0x000021fc      0x1eb .\CortexM0\ARM_GCC_484\Debug\CRT_timer.a(UART_1.o)
 .debug_info    0x000023e7      0x1ac .\CortexM0\ARM_GCC_484\Debug\CRT_timer.a(UART_1_SPI_UART.o)
 .debug_info    0x00002593      0x18c .\CortexM0\ARM_GCC_484\Debug\CRT_timer.a(UART_1_UART.o)

.debug_abbrev   0x00000000      0xeca
 *(.debug_abbrev)
 .debug_abbrev  0x00000000       0xaa .\CortexM0\ARM_GCC_484\Debug\main.o
 .debug_abbrev  0x000000aa       0x5d .\CortexM0\ARM_GCC_484\Debug\cymetadata.o
 .debug_abbrev  0x00000107      0x1b4 .\CortexM0\ARM_GCC_484\Debug\Cm0Start.o
 .debug_abbrev  0x000002bb      0x1b3 .\CortexM0\ARM_GCC_484\Debug\CRT_timer.a(cyfitter_cfg.o)
 .debug_abbrev  0x0000046e      0x128 .\CortexM0\ARM_GCC_484\Debug\CRT_timer.a(Timer_1.o)
 .debug_abbrev  0x00000596       0xb7 .\CortexM0\ARM_GCC_484\Debug\CRT_timer.a(A_press.o)
 .debug_abbrev  0x0000064d      0x168 .\CortexM0\ARM_GCC_484\Debug\CRT_timer.a(sw_int.o)
 .debug_abbrev  0x000007b5       0x14 .\CortexM0\ARM_GCC_484\Debug\CRT_timer.a(CyBootAsmGnu.o)
 .debug_abbrev  0x000007c9      0x207 .\CortexM0\ARM_GCC_484\Debug\CRT_timer.a(CyLib.o)
 .debug_abbrev  0x000009d0      0x170 .\CortexM0\ARM_GCC_484\Debug\CRT_timer.a(ADC_1.o)
 .debug_abbrev  0x00000b40       0x72 .\CortexM0\ARM_GCC_484\Debug\CRT_timer.a(ADC_1_INT.o)
 .debug_abbrev  0x00000bb2      0x122 .\CortexM0\ARM_GCC_484\Debug\CRT_timer.a(UART_1.o)
 .debug_abbrev  0x00000cd4      0x119 .\CortexM0\ARM_GCC_484\Debug\CRT_timer.a(UART_1_SPI_UART.o)
 .debug_abbrev  0x00000ded       0xdd .\CortexM0\ARM_GCC_484\Debug\CRT_timer.a(UART_1_UART.o)

.debug_line     0x00000000     0x14e7
 *(.debug_line)
 .debug_line    0x00000000       0xc2 .\CortexM0\ARM_GCC_484\Debug\main.o
 .debug_line    0x000000c2       0x53 .\CortexM0\ARM_GCC_484\Debug\cymetadata.o
 .debug_line    0x00000115      0x1bb .\CortexM0\ARM_GCC_484\Debug\Cm0Start.o
 .debug_line    0x000002d0      0x1d0 .\CortexM0\ARM_GCC_484\Debug\CRT_timer.a(cyfitter_cfg.o)
 .debug_line    0x000004a0      0x176 .\CortexM0\ARM_GCC_484\Debug\CRT_timer.a(Timer_1.o)
 .debug_line    0x00000616       0xad .\CortexM0\ARM_GCC_484\Debug\CRT_timer.a(A_press.o)
 .debug_line    0x000006c3      0x145 .\CortexM0\ARM_GCC_484\Debug\CRT_timer.a(sw_int.o)
 .debug_line    0x00000808       0x69 .\CortexM0\ARM_GCC_484\Debug\CRT_timer.a(CyBootAsmGnu.o)
 .debug_line    0x00000871      0x703 .\CortexM0\ARM_GCC_484\Debug\CRT_timer.a(CyLib.o)
 .debug_line    0x00000f74      0x234 .\CortexM0\ARM_GCC_484\Debug\CRT_timer.a(ADC_1.o)
 .debug_line    0x000011a8       0x66 .\CortexM0\ARM_GCC_484\Debug\CRT_timer.a(ADC_1_INT.o)
 .debug_line    0x0000120e      0x121 .\CortexM0\ARM_GCC_484\Debug\CRT_timer.a(UART_1.o)
 .debug_line    0x0000132f       0xe8 .\CortexM0\ARM_GCC_484\Debug\CRT_timer.a(UART_1_SPI_UART.o)
 .debug_line    0x00001417       0xd0 .\CortexM0\ARM_GCC_484\Debug\CRT_timer.a(UART_1_UART.o)

.debug_frame    0x00000000     0x1900
 *(.debug_frame)
 .debug_frame   0x00000000       0x74 .\CortexM0\ARM_GCC_484\Debug\main.o
 .debug_frame   0x00000074       0xc8 .\CortexM0\ARM_GCC_484\Debug\Cm0Start.o
 .debug_frame   0x0000013c      0x128 .\CortexM0\ARM_GCC_484\Debug\CRT_timer.a(cyfitter_cfg.o)
 .debug_frame   0x00000264      0x1cc .\CortexM0\ARM_GCC_484\Debug\CRT_timer.a(Timer_1.o)
 .debug_frame   0x00000430       0xa8 .\CortexM0\ARM_GCC_484\Debug\CRT_timer.a(A_press.o)
 .debug_frame   0x000004d8      0x190 .\CortexM0\ARM_GCC_484\Debug\CRT_timer.a(sw_int.o)
 .debug_frame   0x00000668      0x83c .\CortexM0\ARM_GCC_484\Debug\CRT_timer.a(CyLib.o)
 .debug_frame   0x00000ea4      0x24c .\CortexM0\ARM_GCC_484\Debug\CRT_timer.a(ADC_1.o)
 .debug_frame   0x000010f0       0x30 .\CortexM0\ARM_GCC_484\Debug\CRT_timer.a(ADC_1_INT.o)
 .debug_frame   0x00001120      0x134 .\CortexM0\ARM_GCC_484\Debug\CRT_timer.a(UART_1.o)
 .debug_frame   0x00001254       0xcc .\CortexM0\ARM_GCC_484\Debug\CRT_timer.a(UART_1_SPI_UART.o)
 .debug_frame   0x00001320       0xac .\CortexM0\ARM_GCC_484\Debug\CRT_timer.a(UART_1_UART.o)
 .debug_frame   0x000013cc       0x20 c:/program files (x86)/cypress/psoc creator/3.1/psoc creator/import/gnu_cs/arm/4.8.4/bin/../lib/gcc/arm-none-eabi/4.8.4/armv6-m\libgcc.a(_udivsi3.o)
 .debug_frame   0x000013ec       0x20 c:/program files (x86)/cypress/psoc creator/3.1/psoc creator/import/gnu_cs/arm/4.8.4/bin/../lib/gcc/arm-none-eabi/4.8.4/armv6-m\libgcc.a(_divsi3.o)
 .debug_frame   0x0000140c       0x30 c:/program files (x86)/cypress/psoc creator/3.1/psoc creator/import/gnu_cs/arm/4.8.4/bin/../lib/gcc/arm-none-eabi/4.8.4/armv6-m\libgcc.a(_muldi3.o)
 .debug_frame   0x0000143c       0x50 c:/program files (x86)/cypress/psoc creator/3.1/psoc creator/import/gnu_cs/arm/4.8.4/bin/../lib/gcc/arm-none-eabi/4.8.4/armv6-m\libgcc.a(bpabi.o)
 .debug_frame   0x0000148c       0x3c c:/program files (x86)/cypress/psoc creator/3.1/psoc creator/import/gnu_cs/arm/4.8.4/bin/../lib/gcc/arm-none-eabi/4.8.4/armv6-m\libgcc.a(divsf3.o)
 .debug_frame   0x000014c8       0x3c c:/program files (x86)/cypress/psoc creator/3.1/psoc creator/import/gnu_cs/arm/4.8.4/bin/../lib/gcc/arm-none-eabi/4.8.4/armv6-m\libgcc.a(mulsf3.o)
 .debug_frame   0x00001504       0x2c c:/program files (x86)/cypress/psoc creator/3.1/psoc creator/import/gnu_cs/arm/4.8.4/bin/../lib/gcc/arm-none-eabi/4.8.4/armv6-m\libgcc.a(floatsisf.o)
 .debug_frame   0x00001530       0x3c c:/program files (x86)/cypress/psoc creator/3.1/psoc creator/import/gnu_cs/arm/4.8.4/bin/../lib/gcc/arm-none-eabi/4.8.4/armv6-m\libgcc.a(_divdi3.o)
 .debug_frame   0x0000156c       0x3c c:/program files (x86)/cypress/psoc creator/3.1/psoc creator/import/gnu_cs/arm/4.8.4/bin/../lib/gcc/arm-none-eabi/4.8.4/armv6-m\libgcc.a(_udivdi3.o)
 .debug_frame   0x000015a8       0x20 c:/program files (x86)/cypress/psoc creator/3.1/psoc creator/import/gnu_cs/arm/4.8.4/bin/../lib/gcc/arm-none-eabi/4.8.4/../../../../arm-none-eabi/lib/armv6-m\libg_s.a(lib_a-errno.o)
 .debug_frame   0x000015c8       0x28 c:/program files (x86)/cypress/psoc creator/3.1/psoc creator/import/gnu_cs/arm/4.8.4/bin/../lib/gcc/arm-none-eabi/4.8.4/../../../../arm-none-eabi/lib/armv6-m\libg_s.a(lib_a-exit.o)
 .debug_frame   0x000015f0       0x2c c:/program files (x86)/cypress/psoc creator/3.1/psoc creator/import/gnu_cs/arm/4.8.4/bin/../lib/gcc/arm-none-eabi/4.8.4/../../../../arm-none-eabi/lib/armv6-m\libg_s.a(lib_a-init.o)
 .debug_frame   0x0000161c       0x28 c:/program files (x86)/cypress/psoc creator/3.1/psoc creator/import/gnu_cs/arm/4.8.4/bin/../lib/gcc/arm-none-eabi/4.8.4/../../../../arm-none-eabi/lib/armv6-m\libg_s.a(lib_a-memcpy-stub.o)
 .debug_frame   0x00001644       0x20 c:/program files (x86)/cypress/psoc creator/3.1/psoc creator/import/gnu_cs/arm/4.8.4/bin/../lib/gcc/arm-none-eabi/4.8.4/../../../../arm-none-eabi/lib/armv6-m\libg_s.a(lib_a-memset.o)
 .debug_frame   0x00001664       0x4c c:/program files (x86)/cypress/psoc creator/3.1/psoc creator/import/gnu_cs/arm/4.8.4/bin/../lib/gcc/arm-none-eabi/4.8.4/../../../../arm-none-eabi/lib/armv6-m\libg_s.a(lib_a-sprintf.o)
 .debug_frame   0x000016b0       0x74 c:/program files (x86)/cypress/psoc creator/3.1/psoc creator/import/gnu_cs/arm/4.8.4/bin/../lib/gcc/arm-none-eabi/4.8.4/../../../../arm-none-eabi/lib/armv6-m\libg_s.a(lib_a-svfprintf.o)
 .debug_frame   0x00001724       0x54 c:/program files (x86)/cypress/psoc creator/3.1/psoc creator/import/gnu_cs/arm/4.8.4/bin/../lib/gcc/arm-none-eabi/4.8.4/../../../../arm-none-eabi/lib/armv6-m\libg_s.a(lib_a-vfprintf_i.o)
 .debug_frame   0x00001778       0x20 c:/program files (x86)/cypress/psoc creator/3.1/psoc creator/import/gnu_cs/arm/4.8.4/bin/../lib/gcc/arm-none-eabi/4.8.4/../../../../arm-none-eabi/lib/armv6-m\libg_s.a(lib_a-memchr-stub.o)
 .debug_frame   0x00001798       0x2c c:/program files (x86)/cypress/psoc creator/3.1/psoc creator/import/gnu_cs/arm/4.8.4/bin/../lib/gcc/arm-none-eabi/4.8.4/../../../../arm-none-eabi/lib/armv6-m\libg_s.a(lib_a-memmove.o)
 .debug_frame   0x000017c4       0x2c c:/program files (x86)/cypress/psoc creator/3.1/psoc creator/import/gnu_cs/arm/4.8.4/bin/../lib/gcc/arm-none-eabi/4.8.4/../../../../arm-none-eabi/lib/armv6-m\libg_s.a(lib_a-nano-freer.o)
 .debug_frame   0x000017f0       0x2c c:/program files (x86)/cypress/psoc creator/3.1/psoc creator/import/gnu_cs/arm/4.8.4/bin/../lib/gcc/arm-none-eabi/4.8.4/../../../../arm-none-eabi/lib/armv6-m\libg_s.a(lib_a-nano-mallocr.o)
 .debug_frame   0x0000181c       0x30 c:/program files (x86)/cypress/psoc creator/3.1/psoc creator/import/gnu_cs/arm/4.8.4/bin/../lib/gcc/arm-none-eabi/4.8.4/../../../../arm-none-eabi/lib/armv6-m\libg_s.a(lib_a-nano-reallocr.o)
 .debug_frame   0x0000184c       0x2c c:/program files (x86)/cypress/psoc creator/3.1/psoc creator/import/gnu_cs/arm/4.8.4/bin/../lib/gcc/arm-none-eabi/4.8.4/../../../../arm-none-eabi/lib/armv6-m\libg_s.a(lib_a-sbrkr.o)
 .debug_frame   0x00001878       0x20 c:/program files (x86)/cypress/psoc creator/3.1/psoc creator/import/gnu_cs/arm/4.8.4/bin/../lib/gcc/arm-none-eabi/4.8.4/../../../../arm-none-eabi/lib/armv6-m\libg_s.a(lib_a-strlen.o)
 .debug_frame   0x00001898       0x20 c:/program files (x86)/cypress/psoc creator/3.1/psoc creator/import/gnu_cs/arm/4.8.4/bin/../lib/gcc/arm-none-eabi/4.8.4/../../../../arm-none-eabi/lib/armv6-m\libg_s.a(lib_a-nano-msizer.o)
 .debug_frame   0x000018b8       0x48 c:/program files (x86)/cypress/psoc creator/3.1/psoc creator/import/gnu_cs/arm/4.8.4/bin/../lib/gcc/arm-none-eabi/4.8.4/../../../../arm-none-eabi/lib/armv6-m\libg_s.a(lib_a-reent.o)

.debug_str      0x00000000     0x143b
 *(.debug_str)
 .debug_str     0x00000000      0x191 .\CortexM0\ARM_GCC_484\Debug\main.o
                                0x1ca (size before relaxing)
 .debug_str     0x00000191       0x5b .\CortexM0\ARM_GCC_484\Debug\cymetadata.o
                                0x1be (size before relaxing)
 .debug_str     0x000001ec      0x12e .\CortexM0\ARM_GCC_484\Debug\Cm0Start.o
                                0x2ac (size before relaxing)
 .debug_str     0x0000031a      0x1bf .\CortexM0\ARM_GCC_484\Debug\CRT_timer.a(cyfitter_cfg.o)
                                0x373 (size before relaxing)
 .debug_str     0x000004d9      0x1a1 .\CortexM0\ARM_GCC_484\Debug\CRT_timer.a(Timer_1.o)
                                0x316 (size before relaxing)
 .debug_str     0x0000067a       0x96 .\CortexM0\ARM_GCC_484\Debug\CRT_timer.a(A_press.o)
                                0x203 (size before relaxing)
 .debug_str     0x00000710      0x10e .\CortexM0\ARM_GCC_484\Debug\CRT_timer.a(sw_int.o)
                                0x2af (size before relaxing)
 .debug_str     0x0000081e      0x6fc .\CortexM0\ARM_GCC_484\Debug\CRT_timer.a(CyLib.o)
                                0x8c5 (size before relaxing)
 .debug_str     0x00000f1a      0x1fb .\CortexM0\ARM_GCC_484\Debug\CRT_timer.a(ADC_1.o)
                                0x3a5 (size before relaxing)
 .debug_str     0x00001115       0x3b .\CortexM0\ARM_GCC_484\Debug\CRT_timer.a(ADC_1_INT.o)
                                0x1a5 (size before relaxing)
 .debug_str     0x00001150      0x131 .\CortexM0\ARM_GCC_484\Debug\CRT_timer.a(UART_1.o)
                                0x2ae (size before relaxing)
 .debug_str     0x00001281       0xf1 .\CortexM0\ARM_GCC_484\Debug\CRT_timer.a(UART_1_SPI_UART.o)
                                0x26c (size before relaxing)
 .debug_str     0x00001372       0xc9 .\CortexM0\ARM_GCC_484\Debug\CRT_timer.a(UART_1_UART.o)
                                0x23b (size before relaxing)

.debug_loc
 *(.debug_loc)

.debug_macinfo
 *(.debug_macinfo)

.debug_ranges   0x00000000      0x550
 *(.debug_ranges)
 .debug_ranges  0x00000000       0x20 .\CortexM0\ARM_GCC_484\Debug\main.o
 .debug_ranges  0x00000020       0x38 .\CortexM0\ARM_GCC_484\Debug\Cm0Start.o
 .debug_ranges  0x00000058       0x50 .\CortexM0\ARM_GCC_484\Debug\CRT_timer.a(cyfitter_cfg.o)
 .debug_ranges  0x000000a8       0x80 .\CortexM0\ARM_GCC_484\Debug\CRT_timer.a(Timer_1.o)
 .debug_ranges  0x00000128       0x30 .\CortexM0\ARM_GCC_484\Debug\CRT_timer.a(A_press.o)
 .debug_ranges  0x00000158       0x70 .\CortexM0\ARM_GCC_484\Debug\CRT_timer.a(sw_int.o)
 .debug_ranges  0x000001c8      0x220 .\CortexM0\ARM_GCC_484\Debug\CRT_timer.a(CyLib.o)
 .debug_ranges  0x000003e8       0x98 .\CortexM0\ARM_GCC_484\Debug\CRT_timer.a(ADC_1.o)
 .debug_ranges  0x00000480       0x10 .\CortexM0\ARM_GCC_484\Debug\CRT_timer.a(ADC_1_INT.o)
 .debug_ranges  0x00000490       0x58 .\CortexM0\ARM_GCC_484\Debug\CRT_timer.a(UART_1.o)
 .debug_ranges  0x000004e8       0x38 .\CortexM0\ARM_GCC_484\Debug\CRT_timer.a(UART_1_SPI_UART.o)
 .debug_ranges  0x00000520       0x30 .\CortexM0\ARM_GCC_484\Debug\CRT_timer.a(UART_1_UART.o)

.comment        0x00000000       0x70
 .comment       0x00000000       0x70 .\CortexM0\ARM_GCC_484\Debug\main.o
                                 0x71 (size before relaxing)
 .comment       0x00000000       0x71 .\CortexM0\ARM_GCC_484\Debug\cymetadata.o
 .comment       0x00000000       0x71 .\CortexM0\ARM_GCC_484\Debug\Cm0Start.o
 .comment       0x00000000       0x71 .\CortexM0\ARM_GCC_484\Debug\CRT_timer.a(cyfitter_cfg.o)
 .comment       0x00000000       0x71 .\CortexM0\ARM_GCC_484\Debug\CRT_timer.a(Timer_1.o)
 .comment       0x00000000       0x71 .\CortexM0\ARM_GCC_484\Debug\CRT_timer.a(A_press.o)
 .comment       0x00000000       0x71 .\CortexM0\ARM_GCC_484\Debug\CRT_timer.a(sw_int.o)
 .comment       0x00000000       0x71 .\CortexM0\ARM_GCC_484\Debug\CRT_timer.a(CyLib.o)
 .comment       0x00000000       0x71 .\CortexM0\ARM_GCC_484\Debug\CRT_timer.a(ADC_1.o)
 .comment       0x00000000       0x71 .\CortexM0\ARM_GCC_484\Debug\CRT_timer.a(ADC_1_INT.o)
 .comment       0x00000000       0x71 .\CortexM0\ARM_GCC_484\Debug\CRT_timer.a(UART_1.o)
 .comment       0x00000000       0x71 .\CortexM0\ARM_GCC_484\Debug\CRT_timer.a(UART_1_SPI_UART.o)
 .comment       0x00000000       0x71 .\CortexM0\ARM_GCC_484\Debug\CRT_timer.a(UART_1_UART.o)

.debug_weaknames
 *(.debug_weaknames)

.debug_funcnames
 *(.debug_funcnames)

.debug_typenames
 *(.debug_typenames)

.debug_varnames
 *(.debug_varnames)

.note.gnu.arm.ident
 *(.note.gnu.arm.ident)

.ARM.attributes
                0x00000000       0x28
 *(.ARM.attributes)
 .ARM.attributes
                0x00000000       0x1e c:/program files (x86)/cypress/psoc creator/3.1/psoc creator/import/gnu_cs/arm/4.8.4/bin/../lib/gcc/arm-none-eabi/4.8.4/armv6-m/crti.o
 .ARM.attributes
                0x0000001e       0x2c c:/program files (x86)/cypress/psoc creator/3.1/psoc creator/import/gnu_cs/arm/4.8.4/bin/../lib/gcc/arm-none-eabi/4.8.4/armv6-m/crtbegin.o
 .ARM.attributes
                0x0000004a       0x1b c:/program files (x86)/cypress/psoc creator/3.1/psoc creator/import/gnu_cs/arm/4.8.4/bin/../lib/gcc/arm-none-eabi/4.8.4/../../../../arm-none-eabi/lib/armv6-m/crt0.o
 .ARM.attributes
                0x00000065       0x31 .\CortexM0\ARM_GCC_484\Debug\main.o
 .ARM.attributes
                0x00000096       0x31 .\CortexM0\ARM_GCC_484\Debug\cymetadata.o
 .ARM.attributes
                0x000000c7       0x31 .\CortexM0\ARM_GCC_484\Debug\Cm0Start.o
 .ARM.attributes
                0x000000f8       0x31 .\CortexM0\ARM_GCC_484\Debug\CRT_timer.a(cyfitter_cfg.o)
 .ARM.attributes
                0x00000129       0x31 .\CortexM0\ARM_GCC_484\Debug\CRT_timer.a(Timer_1.o)
 .ARM.attributes
                0x0000015a       0x31 .\CortexM0\ARM_GCC_484\Debug\CRT_timer.a(A_press.o)
 .ARM.attributes
                0x0000018b       0x31 .\CortexM0\ARM_GCC_484\Debug\CRT_timer.a(sw_int.o)
 .ARM.attributes
                0x000001bc       0x21 .\CortexM0\ARM_GCC_484\Debug\CRT_timer.a(CyBootAsmGnu.o)
 .ARM.attributes
                0x000001dd       0x31 .\CortexM0\ARM_GCC_484\Debug\CRT_timer.a(CyLib.o)
 .ARM.attributes
                0x0000020e       0x31 .\CortexM0\ARM_GCC_484\Debug\CRT_timer.a(ADC_1.o)
 .ARM.attributes
                0x0000023f       0x31 .\CortexM0\ARM_GCC_484\Debug\CRT_timer.a(ADC_1_INT.o)
 .ARM.attributes
                0x00000270       0x31 .\CortexM0\ARM_GCC_484\Debug\CRT_timer.a(UART_1.o)
 .ARM.attributes
                0x000002a1       0x31 .\CortexM0\ARM_GCC_484\Debug\CRT_timer.a(UART_1_SPI_UART.o)
 .ARM.attributes
                0x000002d2       0x31 .\CortexM0\ARM_GCC_484\Debug\CRT_timer.a(UART_1_UART.o)
 .ARM.attributes
                0x00000303       0x1e c:/program files (x86)/cypress/psoc creator/3.1/psoc creator/import/gnu_cs/arm/4.8.4/bin/../lib/gcc/arm-none-eabi/4.8.4/armv6-m\libgcc.a(_udivsi3.o)
 .ARM.attributes
                0x00000321       0x1e c:/program files (x86)/cypress/psoc creator/3.1/psoc creator/import/gnu_cs/arm/4.8.4/bin/../lib/gcc/arm-none-eabi/4.8.4/armv6-m\libgcc.a(_divsi3.o)
 .ARM.attributes
                0x0000033f       0x1e c:/program files (x86)/cypress/psoc creator/3.1/psoc creator/import/gnu_cs/arm/4.8.4/bin/../lib/gcc/arm-none-eabi/4.8.4/armv6-m\libgcc.a(_dvmd_tls.o)
 .ARM.attributes
                0x0000035d       0x1e c:/program files (x86)/cypress/psoc creator/3.1/psoc creator/import/gnu_cs/arm/4.8.4/bin/../lib/gcc/arm-none-eabi/4.8.4/armv6-m\libgcc.a(_aeabi_ldivmod.o)
 .ARM.attributes
                0x0000037b       0x1e c:/program files (x86)/cypress/psoc creator/3.1/psoc creator/import/gnu_cs/arm/4.8.4/bin/../lib/gcc/arm-none-eabi/4.8.4/armv6-m\libgcc.a(_aeabi_uldivmod.o)
 .ARM.attributes
                0x00000399       0x2c c:/program files (x86)/cypress/psoc creator/3.1/psoc creator/import/gnu_cs/arm/4.8.4/bin/../lib/gcc/arm-none-eabi/4.8.4/armv6-m\libgcc.a(_muldi3.o)
 .ARM.attributes
                0x000003c5       0x2c c:/program files (x86)/cypress/psoc creator/3.1/psoc creator/import/gnu_cs/arm/4.8.4/bin/../lib/gcc/arm-none-eabi/4.8.4/armv6-m\libgcc.a(bpabi.o)
 .ARM.attributes
                0x000003f1       0x2c c:/program files (x86)/cypress/psoc creator/3.1/psoc creator/import/gnu_cs/arm/4.8.4/bin/../lib/gcc/arm-none-eabi/4.8.4/armv6-m\libgcc.a(divsf3.o)
 .ARM.attributes
                0x0000041d       0x2c c:/program files (x86)/cypress/psoc creator/3.1/psoc creator/import/gnu_cs/arm/4.8.4/bin/../lib/gcc/arm-none-eabi/4.8.4/armv6-m\libgcc.a(mulsf3.o)
 .ARM.attributes
                0x00000449       0x2c c:/program files (x86)/cypress/psoc creator/3.1/psoc creator/import/gnu_cs/arm/4.8.4/bin/../lib/gcc/arm-none-eabi/4.8.4/armv6-m\libgcc.a(floatsisf.o)
 .ARM.attributes
                0x00000475       0x1e c:/program files (x86)/cypress/psoc creator/3.1/psoc creator/import/gnu_cs/arm/4.8.4/bin/../lib/gcc/arm-none-eabi/4.8.4/armv6-m\libgcc.a(_clzsi2.o)
 .ARM.attributes
                0x00000493       0x2c c:/program files (x86)/cypress/psoc creator/3.1/psoc creator/import/gnu_cs/arm/4.8.4/bin/../lib/gcc/arm-none-eabi/4.8.4/armv6-m\libgcc.a(_divdi3.o)
 .ARM.attributes
                0x000004bf       0x2c c:/program files (x86)/cypress/psoc creator/3.1/psoc creator/import/gnu_cs/arm/4.8.4/bin/../lib/gcc/arm-none-eabi/4.8.4/armv6-m\libgcc.a(_udivdi3.o)
 .ARM.attributes
                0x000004eb       0x2c c:/program files (x86)/cypress/psoc creator/3.1/psoc creator/import/gnu_cs/arm/4.8.4/bin/../lib/gcc/arm-none-eabi/4.8.4/../../../../arm-none-eabi/lib/armv6-m\libg_s.a(lib_a-errno.o)
 .ARM.attributes
                0x00000517       0x2c c:/program files (x86)/cypress/psoc creator/3.1/psoc creator/import/gnu_cs/arm/4.8.4/bin/../lib/gcc/arm-none-eabi/4.8.4/../../../../arm-none-eabi/lib/armv6-m\libg_s.a(lib_a-exit.o)
 .ARM.attributes
                0x00000543       0x2c c:/program files (x86)/cypress/psoc creator/3.1/psoc creator/import/gnu_cs/arm/4.8.4/bin/../lib/gcc/arm-none-eabi/4.8.4/../../../../arm-none-eabi/lib/armv6-m\libg_s.a(lib_a-impure.o)
 .ARM.attributes
                0x0000056f       0x2c c:/program files (x86)/cypress/psoc creator/3.1/psoc creator/import/gnu_cs/arm/4.8.4/bin/../lib/gcc/arm-none-eabi/4.8.4/../../../../arm-none-eabi/lib/armv6-m\libg_s.a(lib_a-init.o)
 .ARM.attributes
                0x0000059b       0x2c c:/program files (x86)/cypress/psoc creator/3.1/psoc creator/import/gnu_cs/arm/4.8.4/bin/../lib/gcc/arm-none-eabi/4.8.4/../../../../arm-none-eabi/lib/armv6-m\libg_s.a(lib_a-memcpy-stub.o)
 .ARM.attributes
                0x000005c7       0x2c c:/program files (x86)/cypress/psoc creator/3.1/psoc creator/import/gnu_cs/arm/4.8.4/bin/../lib/gcc/arm-none-eabi/4.8.4/../../../../arm-none-eabi/lib/armv6-m\libg_s.a(lib_a-memset.o)
 .ARM.attributes
                0x000005f3       0x2c c:/program files (x86)/cypress/psoc creator/3.1/psoc creator/import/gnu_cs/arm/4.8.4/bin/../lib/gcc/arm-none-eabi/4.8.4/../../../../arm-none-eabi/lib/armv6-m\libg_s.a(lib_a-sprintf.o)
 .ARM.attributes
                0x0000061f       0x2c c:/program files (x86)/cypress/psoc creator/3.1/psoc creator/import/gnu_cs/arm/4.8.4/bin/../lib/gcc/arm-none-eabi/4.8.4/../../../../arm-none-eabi/lib/armv6-m\libg_s.a(lib_a-svfprintf.o)
 .ARM.attributes
                0x0000064b       0x2c c:/program files (x86)/cypress/psoc creator/3.1/psoc creator/import/gnu_cs/arm/4.8.4/bin/../lib/gcc/arm-none-eabi/4.8.4/../../../../arm-none-eabi/lib/armv6-m\libg_s.a(lib_a-vfprintf_i.o)
 .ARM.attributes
                0x00000677       0x2c c:/program files (x86)/cypress/psoc creator/3.1/psoc creator/import/gnu_cs/arm/4.8.4/bin/../lib/gcc/arm-none-eabi/4.8.4/../../../../arm-none-eabi/lib/armv6-m\libg_s.a(lib_a-memchr-stub.o)
 .ARM.attributes
                0x000006a3       0x2c c:/program files (x86)/cypress/psoc creator/3.1/psoc creator/import/gnu_cs/arm/4.8.4/bin/../lib/gcc/arm-none-eabi/4.8.4/../../../../arm-none-eabi/lib/armv6-m\libg_s.a(lib_a-memmove.o)
 .ARM.attributes
                0x000006cf       0x2c c:/program files (x86)/cypress/psoc creator/3.1/psoc creator/import/gnu_cs/arm/4.8.4/bin/../lib/gcc/arm-none-eabi/4.8.4/../../../../arm-none-eabi/lib/armv6-m\libg_s.a(lib_a-nano-freer.o)
 .ARM.attributes
                0x000006fb       0x2c c:/program files (x86)/cypress/psoc creator/3.1/psoc creator/import/gnu_cs/arm/4.8.4/bin/../lib/gcc/arm-none-eabi/4.8.4/../../../../arm-none-eabi/lib/armv6-m\libg_s.a(lib_a-nano-mallocr.o)
 .ARM.attributes
                0x00000727       0x2c c:/program files (x86)/cypress/psoc creator/3.1/psoc creator/import/gnu_cs/arm/4.8.4/bin/../lib/gcc/arm-none-eabi/4.8.4/../../../../arm-none-eabi/lib/armv6-m\libg_s.a(lib_a-nano-reallocr.o)
 .ARM.attributes
                0x00000753       0x2c c:/program files (x86)/cypress/psoc creator/3.1/psoc creator/import/gnu_cs/arm/4.8.4/bin/../lib/gcc/arm-none-eabi/4.8.4/../../../../arm-none-eabi/lib/armv6-m\libg_s.a(lib_a-sbrkr.o)
 .ARM.attributes
                0x0000077f       0x2c c:/program files (x86)/cypress/psoc creator/3.1/psoc creator/import/gnu_cs/arm/4.8.4/bin/../lib/gcc/arm-none-eabi/4.8.4/../../../../arm-none-eabi/lib/armv6-m\libg_s.a(lib_a-strlen.o)
 .ARM.attributes
                0x000007ab       0x2c c:/program files (x86)/cypress/psoc creator/3.1/psoc creator/import/gnu_cs/arm/4.8.4/bin/../lib/gcc/arm-none-eabi/4.8.4/../../../../arm-none-eabi/lib/armv6-m\libg_s.a(lib_a-nano-msizer.o)
 .ARM.attributes
                0x000007d7       0x2c c:/program files (x86)/cypress/psoc creator/3.1/psoc creator/import/gnu_cs/arm/4.8.4/bin/../lib/gcc/arm-none-eabi/4.8.4/../../../../arm-none-eabi/lib/armv6-m\libg_s.a(lib_a-reent.o)
 .ARM.attributes
                0x00000803       0x2c c:/program files (x86)/cypress/psoc creator/3.1/psoc creator/import/gnu_cs/arm/4.8.4/bin/../lib/gcc/arm-none-eabi/4.8.4/armv6-m/crtend.o
 .ARM.attributes
                0x0000082f       0x1e c:/program files (x86)/cypress/psoc creator/3.1/psoc creator/import/gnu_cs/arm/4.8.4/bin/../lib/gcc/arm-none-eabi/4.8.4/armv6-m/crtn.o

/DISCARD/
 *(.note.GNU-stack)
OUTPUT(.\CortexM0\ARM_GCC_484\Debug\CRT_timer.elf elf32-littlearm)
